[C-N-step-b1] tree:quotient S=7 W=8 Q=10 params=6,820 DEPTH main=183 (adds=56 reduce=126) N-prefix=32 leaves=13 alphabet={'digit': 10, 'carry': 2, 'borrow': 2, 'quotient': 11}
[C-N-step-b1] moduli train={16: 16, 18: 16, 20: 16} held={16: 8, 18: 8, 20: 8} oodn={17: 8, 19: 8, 21: 8} rows train=49152 held_x=3072 held_n=1536 ood_n=1536 (1s)
[C-N-step-b1] max true quotient under red-skip=0: 9 (alphabet covers 0..10)
[C-N-step-b1] dacc trivial floors (train, zero-predictor, per-slot-majority): {'b16': (0.3792, 0.3896), 'b18': (0.3031, 0.3229), 'b20': (0.235, 0.2472)}
[C-N-step-b1] dacc trivial floors (held_n, zero-predictor, per-slot-majority): {'b16': (0.377, 0.3912), 'b18': (0.2991, 0.3142), 'b20': (0.2363, 0.2536)}
[C-N-step-b1] Tmul coverage per example: {'b16': {'cells_per_example': 21.47, 'sig_digits': 4.39, 'table_covered': 100}, 'b18': {'cells_per_example': 25.13, 'sig_digits': 4.91, 'table_covered': 100}, 'b20': {'cells_per_example': 28.19, 'sig_digits': 5.33, 'table_covered': 100}}
[C-N-step-b1] assert_model_state OK: 6,820 / 500,000,000
[C-N-step-b1] step=    1 loss=2.2875 beta=(1.00,0.00) local_ce=2.19568 train_soft=0.0 dacc=0.3058 (b16=0.0 d16=0.375 b18=0.0 d18=0.3099 b20=0.0 d20=0.2313) ce=2.2773 | train_hard=0.0 dacc=0.1166 (b16=0.0 d16=0.1249 b18=0.0 d18=0.1192 b20=0.0 d20=0.1055) ce=18.3063 | heldN_hard=0.0 dacc=0.114 (b16=0.0 d16=0.1189 b18=0.0 d18=0.1102 b20=0.0 d20=0.113) ce=18.3603 (4s)
[C-N-step-b1] step=  250 loss=1.6296 beta=(1.00,0.00) local_ce=3.31134 train_soft=0.0 dacc=0.3055 (b16=0.0 d16=0.3789 b18=0.0 d18=0.3034 b20=0.0 d20=0.2332) ce=1.7559 | train_hard=0.0 dacc=0.0864 (b16=0.0 d16=0.0791 b18=0.0 d18=0.0828 b20=0.0 d20=0.0975) ce=18.9327 | heldN_hard=0.0 dacc=0.0847 (b16=0.0 d16=0.084 b18=0.0 d18=0.0776 b20=0.0 d20=0.0926) ce=18.9674 (85s)
[C-N-step-b1] step=  500 loss=1.6038 beta=(1.00,0.00) local_ce=3.67845 train_soft=0.0 dacc=0.3078 (b16=0.0 d16=0.3775 b18=0.0 d18=0.3091 b20=0.0 d20=0.2355) ce=1.7449 | train_hard=0.0 dacc=0.1322 (b16=0.0 d16=0.1577 b18=0.0 d18=0.1122 b20=0.0 d20=0.1272) ce=17.9845 | heldN_hard=0.0 dacc=0.1296 (b16=0.0 d16=0.1501 b18=0.0 d18=0.1189 b20=0.0 d20=0.1197) ce=18.0384 (168s)
[C-N-step-b1] step=  750 loss=1.7273 beta=(0.00,0.00) local_ce=3.8502 train_soft=0.0 dacc=0.3082 (b16=0.0 d16=0.3769 b18=0.0 d18=0.3093 b20=0.0 d20=0.2372) ce=1.7429 | train_hard=0.0 dacc=0.216 (b16=0.0 d16=0.2526 b18=0.0 d18=0.229 b20=0.0 d20=0.1651) ce=16.2479 | heldN_hard=0.0 dacc=0.2201 (b16=0.0 d16=0.2748 b18=0.0 d18=0.2132 b20=0.0 d20=0.1724) ce=16.1611 (249s)
[C-N-step-b1] step= 1000 loss=1.7371 beta=(0.00,0.00) local_ce=3.97906 train_soft=0.0 dacc=0.3088 (b16=0.0 d16=0.3817 b18=0.0 d18=0.3085 b20=0.0 d20=0.235) ce=1.7364 | train_hard=0.0 dacc=0.2015 (b16=0.0 d16=0.2464 b18=0.0 d18=0.201 b20=0.0 d20=0.1565) ce=16.5466 | heldN_hard=0.0 dacc=0.2049 (b16=0.0 d16=0.2645 b18=0.0 d18=0.2006 b20=0.0 d20=0.1496) ce=16.4772 (332s)
[C-N-step-b1] step= 1250 loss=1.7331 beta=(0.00,0.00) local_ce=4.44245 train_soft=0.0 dacc=0.3091 (b16=0.0 d16=0.3755 b18=0.0 d18=0.3131 b20=0.0 d20=0.2372) ce=1.7347 | train_hard=0.0 dacc=0.1994 (b16=0.0 d16=0.2293 b18=0.0 d18=0.2132 b20=0.0 d20=0.1545) ce=16.591 | heldN_hard=0.0 dacc=0.2119 (b16=0.0 d16=0.2662 b18=0.0 d18=0.2123 b20=0.0 d20=0.1571) ce=16.3327 (409s)
[C-N-step-b1] step= 1500 loss=1.7328 beta=(0.00,0.00) local_ce=4.90676 train_soft=0.0 dacc=0.311 (b16=0.0 d16=0.3837 b18=0.0 d18=0.3069 b20=0.0 d20=0.2415) ce=1.7335 | train_hard=0.0 dacc=0.2098 (b16=0.0 d16=0.2489 b18=0.0 d18=0.2099 b20=0.0 d20=0.1699) ce=16.3751 | heldN_hard=0.0 dacc=0.2095 (b16=0.0 d16=0.252 b18=0.0 d18=0.2051 b20=0.0 d20=0.1716) ce=16.3809 (483s)
[C-N-step-b1] FINAL hard train=0.0 dacc=0.2098 (b16=0.0 d16=0.2489 b18=0.0 d18=0.2099 b20=0.0 d20=0.1699) ce=16.3751 div=0.6016
[C-N-step-b1] FINAL soft train=0.0 dacc=0.311 (b16=0.0 d16=0.3837 b18=0.0 d18=0.3069 b20=0.0 d20=0.2415) ce=1.7335 div=0.2676
[C-N-step-b1] FINAL hard held_x=0.0 dacc=0.2126 (b16=0.0 d16=0.2605 b18=0.0 d18=0.2073 b20=0.0 d20=0.1666) ce=16.3173 div=0.6055
[C-N-step-b1] FINAL soft held_x=0.0 dacc=0.3129 (b16=0.0 d16=0.3855 b18=0.0 d18=0.3163 b20=0.0 d20=0.2323) ce=1.7301 div=0.2786
[C-N-step-b1] FINAL hard held_n=0.0 dacc=0.2095 (b16=0.0 d16=0.252 b18=0.0 d18=0.2051 b20=0.0 d20=0.1716) ce=16.3809 div=0.5951
[C-N-step-b1] FINAL soft held_n=0.0 dacc=0.3037 (b16=0.0 d16=0.3686 b18=0.0 d18=0.2988 b20=0.0 d20=0.2436) ce=1.8077 div=0.1634
[C-N-step-b1] FINAL hard ood_n=0.0 dacc=0.1938 (b17=0.0 d17=0.2469 b19=0.0 d19=0.18 b21=0.0 d21=0.1546) ce=16.7066 div=0.6048
[C-N-step-b1] FINAL soft ood_n=0.0 dacc=0.2711 (b17=0.0 d17=0.3613 b19=0.0 d19=0.2651 b21=0.0 d21=0.1869) ce=1.9963 div=0.2103
[C-N-step-b1] FINAL state_sharpness=0.6886 local_ce=4.90676 mul_fn=0.34 mul_gauge=0.6 add_shift=0.295 sub_shift=0.3 ms_per_step=319.3
