[C-N-linear-b1-s1] tree:quotient S=7 W=8 Q=10 params=6,820 DEPTH main=183 (adds=56 reduce=126) N-prefix=32 leaves=13 alphabet={'digit': 10, 'carry': 2, 'borrow': 2, 'quotient': 11}
[C-N-linear-b1-s1] moduli train={16: 16, 18: 16, 20: 16} held={16: 8, 18: 8, 20: 8} oodn={17: 8, 19: 8, 21: 8} rows train=49152 held_x=3072 held_n=1536 ood_n=1536 (2s)
[C-N-linear-b1-s1] max true quotient under red-skip=0: 9 (alphabet covers 0..10)
[C-N-linear-b1-s1] dacc trivial floors (train, zero-predictor, per-slot-majority): {'b16': (0.3792, 0.3896), 'b18': (0.3031, 0.3229), 'b20': (0.235, 0.2472)}
[C-N-linear-b1-s1] dacc trivial floors (held_n, zero-predictor, per-slot-majority): {'b16': (0.377, 0.3912), 'b18': (0.2991, 0.3142), 'b20': (0.2363, 0.2536)}
[C-N-linear-b1-s1] Tmul coverage per example: {'b16': {'cells_per_example': 21.47, 'sig_digits': 4.39, 'table_covered': 100}, 'b18': {'cells_per_example': 25.13, 'sig_digits': 4.91, 'table_covered': 100}, 'b20': {'cells_per_example': 28.19, 'sig_digits': 5.33, 'table_covered': 100}}
[C-N-linear-b1-s1] assert_model_state OK: 6,820 / 500,000,000
[C-N-linear-b1-s1] step=    1 loss=2.3049 beta=(1.00,0.00) local_ce=2.1921 train_soft=0.0 dacc=0.2692 (b16=0.0 d16=0.3418 b18=0.0 d18=0.2759 b20=0.0 d20=0.1882) ce=2.2912 | train_hard=0.0 dacc=0.1022 (b16=0.0 d16=0.1086 b18=0.0 d18=0.1048 b20=0.0 d20=0.093) ce=18.6051 | heldN_hard=0.0 dacc=0.0959 (b16=0.0 d16=0.0957 b18=0.0 d18=0.0996 b20=0.0 d20=0.0924) ce=18.7361 (6s)
[C-N-linear-b1-s1] step=  250 loss=1.6468 beta=(0.67,0.00) local_ce=3.47372 train_soft=0.0 dacc=0.3118 (b16=0.0 d16=0.3898 b18=0.0 d18=0.3066 b20=0.0 d20=0.2381) ce=1.7515 | train_hard=0.0 dacc=0.064 (b16=0.0 d16=0.057 b18=0.0 d18=0.0657 b20=0.0 d20=0.0693) ce=19.3972 | heldN_hard=0.0 dacc=0.0694 (b16=0.0 d16=0.0589 b18=0.0 d18=0.0684 b20=0.0 d20=0.0809) ce=19.2854 (135s)
[C-N-linear-b1-s1] step=  500 loss=1.6870 beta=(0.33,0.00) local_ce=4.04824 train_soft=0.0 dacc=0.3082 (b16=0.0 d16=0.3769 b18=0.0 d18=0.3129 b20=0.0 d20=0.2335) ce=1.7375 | train_hard=0.0 dacc=0.1836 (b16=0.0 d16=0.2167 b18=0.0 d18=0.185 b20=0.0 d20=0.1486) ce=16.9186 | heldN_hard=0.0 dacc=0.1413 (b16=0.0 d16=0.1434 b18=0.0 d18=0.1484 b20=0.0 d20=0.132) ce=17.7956 (258s)
[C-N-linear-b1-s1] step=  750 loss=1.7163 beta=(0.00,0.00) local_ce=4.3087 train_soft=0.0 dacc=0.3066 (b16=0.0 d16=0.3761 b18=0.0 d18=0.308 b20=0.0 d20=0.2347) ce=1.7337 | train_hard=0.0 dacc=0.1966 (b16=0.0 d16=0.24 b18=0.0 d18=0.1977 b20=0.0 d20=0.1514) ce=16.6488 | heldN_hard=0.0 dacc=0.1791 (b16=0.0 d16=0.2285 b18=0.0 d18=0.1624 b20=0.0 d20=0.1465) ce=17.0111 (373s)
[C-N-linear-b1-s1] step= 1000 loss=1.7396 beta=(0.00,0.00) local_ce=4.4958 train_soft=0.0 dacc=0.3119 (b16=0.0 d16=0.3856 b18=0.0 d18=0.3153 b20=0.0 d20=0.2335) ce=1.7319 | train_hard=0.0 dacc=0.1754 (b16=0.0 d16=0.2108 b18=0.0 d18=0.179 b20=0.0 d20=0.1357) ce=17.0882 | heldN_hard=0.0 dacc=0.1614 (b16=0.0 d16=0.209 b18=0.0 d18=0.1373 b20=0.0 d20=0.1378) ce=17.3793 (502s)
[C-N-linear-b1-s1] step= 1250 loss=1.7317 beta=(0.00,0.00) local_ce=4.61489 train_soft=0.0 dacc=0.3124 (b16=0.0 d16=0.382 b18=0.0 d18=0.311 b20=0.0 d20=0.2432) ce=1.734 | train_hard=0.0 dacc=0.1124 (b16=0.0 d16=0.1176 b18=0.0 d18=0.1108 b20=0.0 d20=0.1089) ce=18.3931 | heldN_hard=0.0 dacc=0.1044 (b16=0.0 d16=0.1102 b18=0.0 d18=0.1038 b20=0.0 d20=0.0993) ce=18.5588 (625s)
[C-N-linear-b1-s1] step= 1500 loss=1.7309 beta=(0.00,0.00) local_ce=4.68998 train_soft=0.0007 dacc=0.3112 (b16=0.002 d16=0.38 b18=0.0 d18=0.3202 b20=0.0 d20=0.2318) ce=1.7324 | train_hard=0.0 dacc=0.1141 (b16=0.0 d16=0.1395 b18=0.0 d18=0.1103 b20=0.0 d20=0.0924) ce=18.3584 | heldN_hard=0.0 dacc=0.1086 (b16=0.0 d16=0.1161 b18=0.0 d18=0.1021 b20=0.0 d20=0.1077) ce=18.4721 (756s)
[C-N-linear-b1-s1] FINAL hard train=0.0 dacc=0.1141 (b16=0.0 d16=0.1395 b18=0.0 d18=0.1103 b20=0.0 d20=0.0924) ce=18.3584 div=0.9167
[C-N-linear-b1-s1] FINAL soft train=0.0007 dacc=0.3112 (b16=0.002 d16=0.38 b18=0.0 d18=0.3202 b20=0.0 d20=0.2318) ce=1.7324 div=0.2591
[C-N-linear-b1-s1] FINAL hard held_x=0.0 dacc=0.1151 (b16=0.0 d16=0.1392 b18=0.0 d18=0.1057 b20=0.0 d20=0.0984) ce=18.3372 div=0.9264
[C-N-linear-b1-s1] FINAL soft held_x=0.0 dacc=0.3081 (b16=0.0 d16=0.3755 b18=0.0 d18=0.3062 b20=0.0 d20=0.2382) ce=1.7289 div=0.25
[C-N-linear-b1-s1] FINAL hard held_n=0.0 dacc=0.1086 (b16=0.0 d16=0.1161 b18=0.0 d18=0.1021 b20=0.0 d20=0.1077) ce=18.4721 div=0.9069
[C-N-linear-b1-s1] FINAL soft held_n=0.0 dacc=0.3049 (b16=0.0 d16=0.389 b18=0.0 d18=0.2983 b20=0.0 d20=0.2274) ce=1.7867 div=0.1504
[C-N-linear-b1-s1] FINAL hard ood_n=0.0 dacc=0.1061 (b17=0.0 d17=0.1013 b19=0.0 d19=0.106 b21=0.0 d21=0.111) ce=18.5241 div=0.9277
[C-N-linear-b1-s1] FINAL soft ood_n=0.0 dacc=0.2763 (b17=0.0 d17=0.3591 b19=0.0 d19=0.2648 b21=0.0 d21=0.2051) ce=2.0221 div=0.1842
[C-N-linear-b1-s1] FINAL state_sharpness=0.6972 local_ce=4.68998 mul_fn=0.33 mul_gauge=0.4 add_shift=0.255 sub_shift=0.261 ms_per_step=500.3
