[C-N-linear-b1] tree:quotient S=7 W=8 Q=10 params=6,820 DEPTH main=183 (adds=56 reduce=126) N-prefix=32 leaves=13 alphabet={'digit': 10, 'carry': 2, 'borrow': 2, 'quotient': 11}
[C-N-linear-b1] moduli train={16: 16, 18: 16, 20: 16} held={16: 8, 18: 8, 20: 8} oodn={17: 8, 19: 8, 21: 8} rows train=49152 held_x=3072 held_n=1536 ood_n=1536 (1s)
[C-N-linear-b1] max true quotient under red-skip=0: 9 (alphabet covers 0..10)
[C-N-linear-b1] dacc trivial floors (train, zero-predictor, per-slot-majority): {'b16': (0.3792, 0.3896), 'b18': (0.3031, 0.3229), 'b20': (0.235, 0.2472)}
[C-N-linear-b1] dacc trivial floors (held_n, zero-predictor, per-slot-majority): {'b16': (0.377, 0.3912), 'b18': (0.2991, 0.3142), 'b20': (0.2363, 0.2536)}
[C-N-linear-b1] Tmul coverage per example: {'b16': {'cells_per_example': 21.47, 'sig_digits': 4.39, 'table_covered': 100}, 'b18': {'cells_per_example': 25.13, 'sig_digits': 4.91, 'table_covered': 100}, 'b20': {'cells_per_example': 28.19, 'sig_digits': 5.33, 'table_covered': 100}}
[C-N-linear-b1] assert_model_state OK: 6,820 / 500,000,000
[C-N-linear-b1] step=    1 loss=2.2875 beta=(1.00,0.00) local_ce=2.19568 train_soft=0.0 dacc=0.3058 (b16=0.0 d16=0.375 b18=0.0 d18=0.3099 b20=0.0 d20=0.2313) ce=2.2773 | train_hard=0.0 dacc=0.1175 (b16=0.0 d16=0.1243 b18=0.0 d18=0.123 b20=0.0 d20=0.1046) ce=18.289 | heldN_hard=0.0 dacc=0.1127 (b16=0.0 d16=0.1194 b18=0.0 d18=0.1083 b20=0.0 d20=0.1105) ce=18.3873 (6s)
[C-N-linear-b1] step=  250 loss=1.6664 beta=(0.67,0.00) local_ce=3.31229 train_soft=0.0 dacc=0.3083 (b16=0.0 d16=0.3766 b18=0.0 d18=0.3091 b20=0.0 d20=0.2381) ce=1.7509 | train_hard=0.0 dacc=0.0936 (b16=0.0 d16=0.0935 b18=0.0 d18=0.0926 b20=0.0 d20=0.0947) ce=18.7843 | heldN_hard=0.0 dacc=0.0924 (b16=0.0 d16=0.0896 b18=0.0 d18=0.0804 b20=0.0 d20=0.1074) ce=18.8074 (118s)
[C-N-linear-b1] step=  500 loss=1.6863 beta=(0.33,0.00) local_ce=3.67365 train_soft=0.0 dacc=0.3102 (b16=0.0 d16=0.3856 b18=0.0 d18=0.3091 b20=0.0 d20=0.2347) ce=1.7407 | train_hard=0.0 dacc=0.1668 (b16=0.0 d16=0.1945 b18=0.0 d18=0.164 b20=0.0 d20=0.1414) ce=17.2675 | heldN_hard=0.0 dacc=0.1546 (b16=0.0 d16=0.1805 b18=0.0 d18=0.144 b20=0.0 d20=0.1392) ce=17.52 (227s)
[C-N-linear-b1] step=  750 loss=1.7229 beta=(0.00,0.00) local_ce=3.82393 train_soft=0.0 dacc=0.3076 (b16=0.0 d16=0.3809 b18=0.0 d18=0.3085 b20=0.0 d20=0.2321) ce=1.7366 | train_hard=0.0 dacc=0.1589 (b16=0.0 d16=0.1833 b18=0.0 d18=0.17 b20=0.0 d20=0.1226) ce=17.4294 | heldN_hard=0.0 dacc=0.1567 (b16=0.0 d16=0.1875 b18=0.0 d18=0.1576 b20=0.0 d20=0.125) ce=17.4756 (330s)
[C-N-linear-b1] step= 1000 loss=1.7356 beta=(0.00,0.00) local_ce=3.94153 train_soft=0.0 dacc=0.3098 (b16=0.0 d16=0.3809 b18=0.0 d18=0.3123 b20=0.0 d20=0.235) ce=1.7351 | train_hard=0.0 dacc=0.2041 (b16=0.0 d16=0.2518 b18=0.0 d18=0.2116 b20=0.0 d20=0.148) ce=16.4927 | heldN_hard=0.0 dacc=0.209 (b16=0.0 d16=0.2642 b18=0.0 d18=0.2059 b20=0.0 d20=0.1568) ce=16.3924 (423s)
[C-N-linear-b1] step= 1250 loss=1.7337 beta=(0.00,0.00) local_ce=3.99278 train_soft=0.0 dacc=0.3118 (b16=0.0 d16=0.3766 b18=0.0 d18=0.3145 b20=0.0 d20=0.2432) ce=1.7337 | train_hard=0.0 dacc=0.1935 (b16=0.0 d16=0.2484 b18=0.0 d18=0.1893 b20=0.0 d20=0.1423) ce=16.7124 | heldN_hard=0.0 dacc=0.1975 (b16=0.0 d16=0.2416 b18=0.0 d18=0.2017 b20=0.0 d20=0.149) ce=16.6314 (526s)
[C-N-linear-b1] step= 1500 loss=1.7329 beta=(0.00,0.00) local_ce=4.03508 train_soft=0.0 dacc=0.3143 (b16=0.0 d16=0.3806 b18=0.0 d18=0.315 b20=0.0 d20=0.2461) ce=1.7338 | train_hard=0.0 dacc=0.2091 (b16=0.0 d16=0.2537 b18=0.0 d18=0.2102 b20=0.0 d20=0.1625) ce=16.3905 | heldN_hard=0.0 dacc=0.2005 (b16=0.0 d16=0.2472 b18=0.0 d18=0.2076 b20=0.0 d20=0.1468) ce=16.5678 (640s)
[C-N-linear-b1] FINAL hard train=0.0 dacc=0.2091 (b16=0.0 d16=0.2537 b18=0.0 d18=0.2102 b20=0.0 d20=0.1625) ce=16.3905 div=0.9603
[C-N-linear-b1] FINAL soft train=0.0 dacc=0.3143 (b16=0.0 d16=0.3806 b18=0.0 d18=0.315 b20=0.0 d20=0.2461) ce=1.7338 div=0.2956
[C-N-linear-b1] FINAL hard held_x=0.0 dacc=0.2076 (b16=0.0 d16=0.2463 b18=0.0 d18=0.2076 b20=0.0 d20=0.1663) ce=16.4213 div=0.959
[C-N-linear-b1] FINAL soft held_x=0.0 dacc=0.3119 (b16=0.0 d16=0.3818 b18=0.0 d18=0.3121 b20=0.0 d20=0.2373) ce=1.7293 div=0.2891
[C-N-linear-b1] FINAL hard held_n=0.0 dacc=0.2005 (b16=0.0 d16=0.2472 b18=0.0 d18=0.2076 b20=0.0 d20=0.1468) ce=16.5678 div=0.9505
[C-N-linear-b1] FINAL soft held_n=0.0 dacc=0.3039 (b16=0.0 d16=0.38 b18=0.0 d18=0.2938 b20=0.0 d20=0.2377) ce=1.8066 div=0.1725
[C-N-linear-b1] FINAL hard ood_n=0.0 dacc=0.185 (b17=0.0 d17=0.2411 b19=0.0 d19=0.1777 b21=0.0 d21=0.1362) ce=16.8897 div=0.9492
[C-N-linear-b1] FINAL soft ood_n=0.0 dacc=0.2769 (b17=0.0 d17=0.3588 b19=0.0 d19=0.2665 b21=0.0 d21=0.2054) ce=2.0069 div=0.1576
[C-N-linear-b1] FINAL state_sharpness=0.6794 local_ce=4.03508 mul_fn=0.3 mul_gauge=0.5 add_shift=0.29 sub_shift=0.272 ms_per_step=423.1
