[C-N-exp-b2] tree:quotient S=7 W=8 Q=10 params=6,820 DEPTH main=183 (adds=56 reduce=126) N-prefix=32 leaves=13 alphabet={'digit': 10, 'carry': 2, 'borrow': 2, 'quotient': 11}
[C-N-exp-b2] moduli train={16: 16, 18: 16, 20: 16} held={16: 8, 18: 8, 20: 8} oodn={17: 8, 19: 8, 21: 8} rows train=49152 held_x=3072 held_n=1536 ood_n=1536 (1s)
[C-N-exp-b2] max true quotient under red-skip=0: 9 (alphabet covers 0..10)
[C-N-exp-b2] dacc trivial floors (train, zero-predictor, per-slot-majority): {'b16': (0.3792, 0.3896), 'b18': (0.3031, 0.3229), 'b20': (0.235, 0.2472)}
[C-N-exp-b2] dacc trivial floors (held_n, zero-predictor, per-slot-majority): {'b16': (0.377, 0.3912), 'b18': (0.2991, 0.3142), 'b20': (0.2363, 0.2536)}
[C-N-exp-b2] Tmul coverage per example: {'b16': {'cells_per_example': 21.47, 'sig_digits': 4.39, 'table_covered': 100}, 'b18': {'cells_per_example': 25.13, 'sig_digits': 4.91, 'table_covered': 100}, 'b20': {'cells_per_example': 28.19, 'sig_digits': 5.33, 'table_covered': 100}}
[C-N-exp-b2] assert_model_state OK: 6,820 / 500,000,000
[C-N-exp-b2] step=    1 loss=2.2864 beta=(1.99,0.00) local_ce=2.19571 train_soft=0.0 dacc=0.3058 (b16=0.0 d16=0.375 b18=0.0 d18=0.3099 b20=0.0 d20=0.2313) ce=2.2773 | train_hard=0.0 dacc=0.1141 (b16=0.0 d16=0.1305 b18=0.0 d18=0.1062 b20=0.0 d20=0.1058) ce=18.3584 | heldN_hard=0.0 dacc=0.1146 (b16=0.0 d16=0.1336 b18=0.0 d18=0.1027 b20=0.0 d20=0.1074) ce=18.3487 (5s)
[C-N-exp-b2] step=  250 loss=1.6293 beta=(1.03,0.00) local_ce=3.29125 train_soft=0.0 dacc=0.3046 (b16=0.0 d16=0.3747 b18=0.0 d18=0.3053 b20=0.0 d20=0.2327) ce=1.7593 | train_hard=0.0 dacc=0.0883 (b16=0.0 d16=0.0789 b18=0.0 d18=0.0888 b20=0.0 d20=0.0972) ce=18.8942 | heldN_hard=0.0 dacc=0.084 (b16=0.0 d16=0.0795 b18=0.0 d18=0.0751 b20=0.0 d20=0.0974) ce=18.9828 (119s)
[C-N-exp-b2] step=  500 loss=1.6571 beta=(0.53,0.00) local_ce=3.69643 train_soft=0.0 dacc=0.3079 (b16=0.0 d16=0.3772 b18=0.0 d18=0.3118 b20=0.0 d20=0.2335) ce=1.7423 | train_hard=0.0 dacc=0.085 (b16=0.0 d16=0.0822 b18=0.0 d18=0.0779 b20=0.0 d20=0.0952) ce=18.9616 | heldN_hard=0.0 dacc=0.0834 (b16=0.0 d16=0.0871 b18=0.0 d18=0.0767 b20=0.0 d20=0.0865) ce=18.9944 (231s)
[C-N-exp-b2] step=  750 loss=1.6834 beta=(0.27,0.00) local_ce=3.862 train_soft=0.0 dacc=0.3077 (b16=0.0 d16=0.3781 b18=0.0 d18=0.3102 b20=0.0 d20=0.2335) ce=1.7389 | train_hard=0.0 dacc=0.1104 (b16=0.0 d16=0.1302 b18=0.0 d18=0.1024 b20=0.0 d20=0.0987) ce=18.4355 | heldN_hard=0.0 dacc=0.1037 (b16=0.0 d16=0.1057 b18=0.0 d18=0.1041 b20=0.0 d20=0.1013) ce=18.5742 (361s)
[C-N-exp-b2] step= 1000 loss=1.7125 beta=(0.14,0.00) local_ce=3.99472 train_soft=0.0 dacc=0.3069 (b16=0.0 d16=0.3806 b18=0.0 d18=0.3061 b20=0.0 d20=0.233) ce=1.737 | train_hard=0.0 dacc=0.1305 (b16=0.0 d16=0.1471 b18=0.0 d18=0.1304 b20=0.0 d20=0.1138) ce=18.0191 | heldN_hard=0.0 dacc=0.1229 (b16=0.0 d16=0.1356 b18=0.0 d18=0.1303 b20=0.0 d20=0.1027) ce=18.1772 (478s)
[C-N-exp-b2] step= 1250 loss=1.7217 beta=(0.07,0.00) local_ce=4.09784 train_soft=0.0 dacc=0.3082 (b16=0.0 d16=0.3769 b18=0.0 d18=0.3077 b20=0.0 d20=0.239) ce=1.7351 | train_hard=0.0 dacc=0.1269 (b16=0.0 d16=0.1406 b18=0.0 d18=0.1304 b20=0.0 d20=0.1092) ce=18.0943 | heldN_hard=0.0 dacc=0.1248 (b16=0.0 d16=0.1454 b18=0.0 d18=0.1247 b20=0.0 d20=0.1044) ce=18.1367 (596s)
[C-N-exp-b2] step= 1500 loss=1.7287 beta=(0.04,0.00) local_ce=4.12767 train_soft=0.0 dacc=0.3092 (b16=0.0 d16=0.3761 b18=0.0 d18=0.3129 b20=0.0 d20=0.2375) ce=1.7349 | train_hard=0.0 dacc=0.1889 (b16=0.0 d16=0.2473 b18=0.0 d18=0.1676 b20=0.0 d20=0.152) ce=16.8087 | heldN_hard=0.0 dacc=0.1739 (b16=0.0 d16=0.2073 b18=0.0 d18=0.1699 b20=0.0 d20=0.1445) ce=17.1191 (728s)
[C-N-exp-b2] FINAL hard train=0.0 dacc=0.1889 (b16=0.0 d16=0.2473 b18=0.0 d18=0.1676 b20=0.0 d20=0.152) ce=16.8087 div=0.9401
[C-N-exp-b2] FINAL soft train=0.0 dacc=0.3092 (b16=0.0 d16=0.3761 b18=0.0 d18=0.3129 b20=0.0 d20=0.2375) ce=1.7349 div=0.2044
[C-N-exp-b2] FINAL hard held_x=0.0 dacc=0.1789 (b16=0.0 d16=0.223 b18=0.0 d18=0.169 b20=0.0 d20=0.1415) ce=17.015 div=0.9479
[C-N-exp-b2] FINAL soft held_x=0.0 dacc=0.3167 (b16=0.0 d16=0.3892 b18=0.0 d18=0.3151 b20=0.0 d20=0.241) ce=1.7303 div=0.2012
[C-N-exp-b2] FINAL hard held_n=0.0 dacc=0.1739 (b16=0.0 d16=0.2073 b18=0.0 d18=0.1699 b20=0.0 d20=0.1445) ce=17.1191 div=0.944
[C-N-exp-b2] FINAL soft held_n=0.0 dacc=0.2984 (b16=0.0 d16=0.3677 b18=0.0 d18=0.2972 b20=0.0 d20=0.2302) ce=1.8009 div=0.1204
[C-N-exp-b2] FINAL hard ood_n=0.0 dacc=0.1547 (b17=0.0 d17=0.2001 b19=0.0 d19=0.137 b21=0.0 d21=0.127) ce=17.518 div=0.9388
[C-N-exp-b2] FINAL soft ood_n=0.0 dacc=0.2688 (b17=0.0 d17=0.3507 b19=0.0 d19=0.252 b21=0.0 d21=0.2037) ce=2.0141 div=0.1237
[C-N-exp-b2] FINAL state_sharpness=0.6791 local_ce=4.12767 mul_fn=0.27 mul_gauge=0.4 add_shift=0.275 sub_shift=0.294 ms_per_step=482.6
