[C-N-linear-b1-s2] tree:quotient S=7 W=8 Q=10 params=6,820 DEPTH main=183 (adds=56 reduce=126) N-prefix=32 leaves=13 alphabet={'digit': 10, 'carry': 2, 'borrow': 2, 'quotient': 11}
[C-N-linear-b1-s2] moduli train={16: 16, 18: 16, 20: 16} held={16: 8, 18: 8, 20: 8} oodn={17: 8, 19: 8, 21: 8} rows train=49152 held_x=3072 held_n=1536 ood_n=1536 (1s)
[C-N-linear-b1-s2] max true quotient under red-skip=0: 9 (alphabet covers 0..10)
[C-N-linear-b1-s2] dacc trivial floors (train, zero-predictor, per-slot-majority): {'b16': (0.3792, 0.3896), 'b18': (0.3031, 0.3229), 'b20': (0.235, 0.2472)}
[C-N-linear-b1-s2] dacc trivial floors (held_n, zero-predictor, per-slot-majority): {'b16': (0.377, 0.3912), 'b18': (0.2991, 0.3142), 'b20': (0.2363, 0.2536)}
[C-N-linear-b1-s2] Tmul coverage per example: {'b16': {'cells_per_example': 21.47, 'sig_digits': 4.39, 'table_covered': 100}, 'b18': {'cells_per_example': 25.13, 'sig_digits': 4.91, 'table_covered': 100}, 'b20': {'cells_per_example': 28.19, 'sig_digits': 5.33, 'table_covered': 100}}
[C-N-linear-b1-s2] assert_model_state OK: 6,820 / 500,000,000
[C-N-linear-b1-s2] step=    1 loss=2.3149 beta=(1.00,0.00) local_ce=2.23489 train_soft=0.0 dacc=0.0751 (b16=0.0 d16=0.0654 b18=0.0 d18=0.0709 b20=0.0 d20=0.0893) ce=2.2985 | train_hard=0.0 dacc=0.0961 (b16=0.0 d16=0.0949 b18=0.0 d18=0.0956 b20=0.0 d20=0.0978) ce=18.7323 | heldN_hard=0.0 dacc=0.1017 (b16=0.0 d16=0.1055 b18=0.0 d18=0.1024 b20=0.0 d20=0.0971) ce=18.6166 (6s)
[C-N-linear-b1-s2] step=  250 loss=1.6552 beta=(0.67,0.00) local_ce=4.21639 train_soft=0.0 dacc=0.3073 (b16=0.0 d16=0.3825 b18=0.0 d18=0.3088 b20=0.0 d20=0.2293) ce=1.7578 | train_hard=0.0 dacc=0.0736 (b16=0.0 d16=0.0679 b18=0.0 d18=0.076 b20=0.0 d20=0.0767) ce=19.1987 | heldN_hard=0.0 dacc=0.0725 (b16=0.0 d16=0.067 b18=0.0 d18=0.072 b20=0.0 d20=0.0787) ce=19.2199 (136s)
[C-N-linear-b1-s2] step=  500 loss=1.6812 beta=(0.33,0.00) local_ce=5.17909 train_soft=0.0007 dacc=0.3074 (b16=0.0 d16=0.375 b18=0.0 d18=0.3055 b20=0.002 d20=0.2407) ce=1.7395 | train_hard=0.0 dacc=0.077 (b16=0.0 d16=0.064 b18=0.0 d18=0.0812 b20=0.0 d20=0.0858) ce=19.1274 | heldN_hard=0.0 dacc=0.0792 (b16=0.0 d16=0.0706 b18=0.0 d18=0.0759 b20=0.0 d20=0.0912) ce=19.0811 (258s)
[C-N-linear-b1-s2] step=  750 loss=1.7301 beta=(0.00,0.00) local_ce=5.44053 train_soft=0.0 dacc=0.3088 (b16=0.0 d16=0.3828 b18=0.0 d18=0.3061 b20=0.0 d20=0.2364) ce=1.7328 | train_hard=0.0 dacc=0.0822 (b16=0.0 d16=0.0721 b18=0.0 d18=0.0866 b20=0.0 d20=0.0878) ce=19.0195 | heldN_hard=0.0 dacc=0.0793 (b16=0.0 d16=0.0762 b18=0.0 d18=0.0801 b20=0.0 d20=0.0818) ce=19.0792 (373s)
[C-N-linear-b1-s2] step= 1000 loss=1.7351 beta=(0.00,0.00) local_ce=5.51322 train_soft=0.0 dacc=0.311 (b16=0.0 d16=0.38 b18=0.0 d18=0.3096 b20=0.0 d20=0.2424) ce=1.7321 | train_hard=0.0 dacc=0.0863 (b16=0.0 d16=0.0834 b18=0.0 d18=0.0872 b20=0.0 d20=0.0884) ce=18.9347 | heldN_hard=0.0 dacc=0.0831 (b16=0.0 d16=0.0798 b18=0.0 d18=0.0857 b20=0.0 d20=0.084) ce=19.0002 (503s)
[C-N-linear-b1-s2] step= 1250 loss=1.7263 beta=(0.00,0.00) local_ce=5.55607 train_soft=0.0 dacc=0.3106 (b16=0.0 d16=0.3868 b18=0.0 d18=0.2996 b20=0.0 d20=0.2449) ce=1.7323 | train_hard=0.0 dacc=0.0922 (b16=0.0 d16=0.0965 b18=0.0 d18=0.0891 b20=0.0 d20=0.091) ce=18.8132 | heldN_hard=0.0 dacc=0.0911 (b16=0.0 d16=0.0951 b18=0.0 d18=0.0882 b20=0.0 d20=0.0898) ce=18.8364 (626s)
[C-N-linear-b1-s2] step= 1500 loss=1.7399 beta=(0.00,0.00) local_ce=5.5452 train_soft=0.0 dacc=0.3118 (b16=0.0 d16=0.389 b18=0.0 d18=0.3107 b20=0.0 d20=0.2347) ce=1.7317 | train_hard=0.0 dacc=0.114 (b16=0.0 d16=0.1168 b18=0.0 d18=0.1219 b20=0.0 d20=0.1029) ce=18.3603 | heldN_hard=0.0 dacc=0.1017 (b16=0.0 d16=0.1055 b18=0.0 d18=0.1044 b20=0.0 d20=0.0951) ce=18.6166 (755s)
[C-N-linear-b1-s2] FINAL hard train=0.0 dacc=0.114 (b16=0.0 d16=0.1168 b18=0.0 d18=0.1219 b20=0.0 d20=0.1029) ce=18.3603 div=0.959
[C-N-linear-b1-s2] FINAL soft train=0.0 dacc=0.3118 (b16=0.0 d16=0.389 b18=0.0 d18=0.3107 b20=0.0 d20=0.2347) ce=1.7317 div=0.1621
[C-N-linear-b1-s2] FINAL hard held_x=0.0 dacc=0.1043 (b16=0.0 d16=0.114 b18=0.0 d18=0.1078 b20=0.0 d20=0.0906) ce=18.5627 div=0.9642
[C-N-linear-b1-s2] FINAL soft held_x=0.0 dacc=0.3095 (b16=0.0 d16=0.3803 b18=0.0 d18=0.3104 b20=0.0 d20=0.2334) ce=1.7299 div=0.1738
[C-N-linear-b1-s2] FINAL hard held_n=0.0 dacc=0.1017 (b16=0.0 d16=0.1055 b18=0.0 d18=0.1044 b20=0.0 d20=0.0951) ce=18.6166 div=0.957
[C-N-linear-b1-s2] FINAL soft held_n=0.0 dacc=0.2995 (b16=0.0 d16=0.3689 b18=0.0 d18=0.2955 b20=0.0 d20=0.2341) ce=1.8084 div=0.1003
[C-N-linear-b1-s2] FINAL hard ood_n=0.0 dacc=0.11 (b17=0.0 d17=0.1175 b19=0.0 d19=0.1066 b21=0.0 d21=0.106) ce=18.4432 div=0.9492
[C-N-linear-b1-s2] FINAL soft ood_n=0.0 dacc=0.2745 (b17=0.0 d17=0.3585 b19=0.0 d19=0.257 b21=0.0 d21=0.2079) ce=2.0157 div=0.1146
[C-N-linear-b1-s2] FINAL state_sharpness=0.7235 local_ce=5.5452 mul_fn=0.29 mul_gauge=0.6 add_shift=0.285 sub_shift=0.267 ms_per_step=499.3
