[C-N-const-b1] tree:quotient S=7 W=8 Q=10 params=6,820 DEPTH main=183 (adds=56 reduce=126) N-prefix=32 leaves=13 alphabet={'digit': 10, 'carry': 2, 'borrow': 2, 'quotient': 11}
[C-N-const-b1] moduli train={16: 16, 18: 16, 20: 16} held={16: 8, 18: 8, 20: 8} oodn={17: 8, 19: 8, 21: 8} rows train=49152 held_x=3072 held_n=1536 ood_n=1536 (1s)
[C-N-const-b1] max true quotient under red-skip=0: 9 (alphabet covers 0..10)
[C-N-const-b1] dacc trivial floors (train, zero-predictor, per-slot-majority): {'b16': (0.3792, 0.3896), 'b18': (0.3031, 0.3229), 'b20': (0.235, 0.2472)}
[C-N-const-b1] dacc trivial floors (held_n, zero-predictor, per-slot-majority): {'b16': (0.377, 0.3912), 'b18': (0.2991, 0.3142), 'b20': (0.2363, 0.2536)}
[C-N-const-b1] Tmul coverage per example: {'b16': {'cells_per_example': 21.47, 'sig_digits': 4.39, 'table_covered': 100}, 'b18': {'cells_per_example': 25.13, 'sig_digits': 4.91, 'table_covered': 100}, 'b20': {'cells_per_example': 28.19, 'sig_digits': 5.33, 'table_covered': 100}}
[C-N-const-b1] assert_model_state OK: 6,820 / 500,000,000
[C-N-const-b1] step=    1 loss=2.2875 beta=(1.00,0.00) local_ce=2.19568 train_soft=0.0 dacc=0.3058 (b16=0.0 d16=0.375 b18=0.0 d18=0.3099 b20=0.0 d20=0.2313) ce=2.2773 | train_hard=0.0 dacc=0.1166 (b16=0.0 d16=0.1249 b18=0.0 d18=0.1192 b20=0.0 d20=0.1055) ce=18.3063 | heldN_hard=0.0 dacc=0.114 (b16=0.0 d16=0.1189 b18=0.0 d18=0.1102 b20=0.0 d20=0.113) ce=18.3603 (6s)
[C-N-const-b1] step=  250 loss=1.6296 beta=(1.00,0.00) local_ce=3.31134 train_soft=0.0 dacc=0.3055 (b16=0.0 d16=0.3789 b18=0.0 d18=0.3034 b20=0.0 d20=0.2332) ce=1.7559 | train_hard=0.0 dacc=0.0864 (b16=0.0 d16=0.0791 b18=0.0 d18=0.0828 b20=0.0 d20=0.0975) ce=18.9327 | heldN_hard=0.0 dacc=0.0847 (b16=0.0 d16=0.084 b18=0.0 d18=0.0776 b20=0.0 d20=0.0926) ce=18.9674 (138s)
[C-N-const-b1] step=  500 loss=1.6038 beta=(1.00,0.00) local_ce=3.67845 train_soft=0.0 dacc=0.3078 (b16=0.0 d16=0.3775 b18=0.0 d18=0.3091 b20=0.0 d20=0.2355) ce=1.7449 | train_hard=0.0 dacc=0.1322 (b16=0.0 d16=0.1577 b18=0.0 d18=0.1122 b20=0.0 d20=0.1272) ce=17.9845 | heldN_hard=0.0 dacc=0.1296 (b16=0.0 d16=0.1501 b18=0.0 d18=0.1189 b20=0.0 d20=0.1197) ce=18.0384 (225s)
[C-N-const-b1] step=  750 loss=1.5998 beta=(1.00,0.00) local_ce=3.84605 train_soft=0.0 dacc=0.3078 (b16=0.0 d16=0.3764 b18=0.0 d18=0.3091 b20=0.0 d20=0.237) ce=1.743 | train_hard=0.0 dacc=0.216 (b16=0.0 d16=0.2526 b18=0.0 d18=0.229 b20=0.0 d20=0.1651) ce=16.2479 | heldN_hard=0.0 dacc=0.2201 (b16=0.0 d16=0.2748 b18=0.0 d18=0.2132 b20=0.0 d20=0.1724) ce=16.1611 (304s)
[C-N-const-b1] step= 1000 loss=1.5996 beta=(1.00,0.00) local_ce=4.00508 train_soft=0.0 dacc=0.3077 (b16=0.0 d16=0.3814 b18=0.0 d18=0.3083 b20=0.0 d20=0.2321) ce=1.741 | train_hard=0.0 dacc=0.2105 (b16=0.0 d16=0.2506 b18=0.0 d18=0.2083 b20=0.0 d20=0.1719) ce=16.3616 | heldN_hard=0.0 dacc=0.2079 (b16=0.0 d16=0.2637 b18=0.0 d18=0.2171 b20=0.0 d20=0.1429) ce=16.4156 (388s)
[C-N-const-b1] step= 1250 loss=1.6023 beta=(1.00,0.00) local_ce=4.32252 train_soft=0.0 dacc=0.3099 (b16=0.0 d16=0.3868 b18=0.0 d18=0.3093 b20=0.0 d20=0.2324) ce=1.7392 | train_hard=0.0 dacc=0.2002 (b16=0.0 d16=0.2332 b18=0.0 d18=0.2124 b20=0.0 d20=0.154) ce=16.5736 | heldN_hard=0.0 dacc=0.2097 (b16=0.0 d16=0.252 b18=0.0 d18=0.2174 b20=0.0 d20=0.1599) ce=16.377 (469s)
[C-N-const-b1] step= 1500 loss=1.5959 beta=(1.00,0.00) local_ce=4.35944 train_soft=0.0 dacc=0.3085 (b16=0.0 d16=0.382 b18=0.0 d18=0.3104 b20=0.0 d20=0.2318) ce=1.7382 | train_hard=0.0 dacc=0.2068 (b16=0.0 d16=0.2431 b18=0.0 d18=0.2132 b20=0.0 d20=0.1631) ce=16.4387 | heldN_hard=0.0 dacc=0.2083 (b16=0.0 d16=0.2626 b18=0.0 d18=0.2109 b20=0.0 d20=0.1515) ce=16.4059 (552s)
[C-N-const-b1] FINAL hard train=0.0 dacc=0.2068 (b16=0.0 d16=0.2431 b18=0.0 d18=0.2132 b20=0.0 d20=0.1631) ce=16.4387 div=0.9368
[C-N-const-b1] FINAL soft train=0.0 dacc=0.3085 (b16=0.0 d16=0.382 b18=0.0 d18=0.3104 b20=0.0 d20=0.2318) ce=1.7382 div=0.332
[C-N-const-b1] FINAL hard held_x=0.0 dacc=0.2082 (b16=0.0 d16=0.2476 b18=0.0 d18=0.2008 b20=0.0 d20=0.1733) ce=16.4078 div=0.9271
[C-N-const-b1] FINAL soft held_x=0.0 dacc=0.3108 (b16=0.0 d16=0.3816 b18=0.0 d18=0.3101 b20=0.0 d20=0.2362) ce=1.7337 div=0.332
[C-N-const-b1] FINAL hard held_n=0.0 dacc=0.2083 (b16=0.0 d16=0.2626 b18=0.0 d18=0.2109 b20=0.0 d20=0.1515) ce=16.4059 div=0.8913
[C-N-const-b1] FINAL soft held_n=0.0 dacc=0.3014 (b16=0.0 d16=0.3711 b18=0.0 d18=0.2974 b20=0.0 d20=0.2358) ce=1.8235 div=0.196
[C-N-const-b1] FINAL hard ood_n=0.0 dacc=0.1763 (b17=0.0 d17=0.2263 b19=0.0 d19=0.1557 b21=0.0 d21=0.147) ce=17.0689 div=0.8997
[C-N-const-b1] FINAL soft ood_n=0.0 dacc=0.275 (b17=0.0 d17=0.3588 b19=0.0 d19=0.2693 b21=0.0 d21=0.197) ce=2.0027 div=0.2331
[C-N-const-b1] FINAL state_sharpness=0.6886 local_ce=4.35944 mul_fn=0.3 mul_gauge=0.7 add_shift=0.3 sub_shift=0.278 ms_per_step=363.7
