[C-N-linear-b4] tree:quotient S=7 W=8 Q=10 params=6,820 DEPTH main=183 (adds=56 reduce=126) N-prefix=32 leaves=13 alphabet={'digit': 10, 'carry': 2, 'borrow': 2, 'quotient': 11}
[C-N-linear-b4] moduli train={16: 16, 18: 16, 20: 16} held={16: 8, 18: 8, 20: 8} oodn={17: 8, 19: 8, 21: 8} rows train=49152 held_x=3072 held_n=1536 ood_n=1536 (1s)
[C-N-linear-b4] max true quotient under red-skip=0: 9 (alphabet covers 0..10)
[C-N-linear-b4] dacc trivial floors (train, zero-predictor, per-slot-majority): {'b16': (0.3792, 0.3896), 'b18': (0.3031, 0.3229), 'b20': (0.235, 0.2472)}
[C-N-linear-b4] dacc trivial floors (held_n, zero-predictor, per-slot-majority): {'b16': (0.377, 0.3912), 'b18': (0.2991, 0.3142), 'b20': (0.2363, 0.2536)}
[C-N-linear-b4] Tmul coverage per example: {'b16': {'cells_per_example': 21.47, 'sig_digits': 4.39, 'table_covered': 100}, 'b18': {'cells_per_example': 25.13, 'sig_digits': 4.91, 'table_covered': 100}, 'b20': {'cells_per_example': 28.19, 'sig_digits': 5.33, 'table_covered': 100}}
[C-N-linear-b4] assert_model_state OK: 6,820 / 500,000,000
[C-N-linear-b4] step=    1 loss=2.2856 beta=(3.99,0.00) local_ce=2.1959 train_soft=0.0 dacc=0.3058 (b16=0.0 d16=0.375 b18=0.0 d18=0.3099 b20=0.0 d20=0.2313) ce=2.2774 | train_hard=0.0 dacc=0.1169 (b16=0.0 d16=0.1204 b18=0.0 d18=0.116 b20=0.0 d20=0.1143) ce=18.3005 | heldN_hard=0.0 dacc=0.1089 (b16=0.0 d16=0.1158 b18=0.0 d18=0.1094 b20=0.0 d20=0.1016) ce=18.4663 (6s)
[C-N-linear-b4] step=  250 loss=1.5526 beta=(2.67,0.00) local_ce=3.19048 train_soft=0.0 dacc=0.3057 (b16=0.0 d16=0.3769 b18=0.0 d18=0.3045 b20=0.0 d20=0.2347) ce=1.8312 | train_hard=0.0 dacc=0.1114 (b16=0.0 d16=0.1142 b18=0.0 d18=0.1135 b20=0.0 d20=0.1064) ce=18.4143 | heldN_hard=0.0 dacc=0.1081 (b16=0.0 d16=0.1063 b18=0.0 d18=0.1018 b20=0.0 d20=0.1161) ce=18.4836 (117s)
[C-N-linear-b4] step=  500 loss=1.5813 beta=(1.33,0.00) local_ce=3.5893 train_soft=0.0 dacc=0.3104 (b16=0.0 d16=0.3842 b18=0.0 d18=0.3096 b20=0.0 d20=0.2361) ce=1.7687 | train_hard=0.0 dacc=0.1026 (b16=0.0 d16=0.0977 b18=0.0 d18=0.1046 b20=0.0 d20=0.1055) ce=18.5974 | heldN_hard=0.0 dacc=0.102 (b16=0.0 d16=0.0954 b18=0.0 d18=0.1032 b20=0.0 d20=0.1074) ce=18.6089 (226s)
[C-N-linear-b4] step=  750 loss=1.7272 beta=(0.00,0.00) local_ce=3.7687 train_soft=0.0 dacc=0.3084 (b16=0.0 d16=0.3912 b18=0.0 d18=0.3093 b20=0.0 d20=0.2233) ce=1.7401 | train_hard=0.0 dacc=0.1046 (b16=0.0 d16=0.0985 b18=0.0 d18=0.1043 b20=0.0 d20=0.1112) ce=18.555 | heldN_hard=0.0 dacc=0.1058 (b16=0.0 d16=0.0985 b18=0.0 d18=0.0979 b20=0.0 d20=0.1211) ce=18.5299 (328s)
[C-N-linear-b4] step= 1000 loss=1.7346 beta=(0.00,0.00) local_ce=3.89276 train_soft=0.0 dacc=0.3105 (b16=0.0 d16=0.3786 b18=0.0 d18=0.3107 b20=0.0 d20=0.2409) ce=1.7368 | train_hard=0.0 dacc=0.0973 (b16=0.0 d16=0.0825 b18=0.0 d18=0.1065 b20=0.0 d20=0.1027) ce=18.7072 | heldN_hard=0.0 dacc=0.0898 (b16=0.0 d16=0.0873 b18=0.0 d18=0.089 b20=0.0 d20=0.0932) ce=18.8614 (422s)
[C-N-linear-b4] step= 1250 loss=1.7353 beta=(0.00,0.00) local_ce=3.97124 train_soft=0.0 dacc=0.3057 (b16=0.0 d16=0.3814 b18=0.0 d18=0.3009 b20=0.0 d20=0.2338) ce=1.7348 | train_hard=0.0 dacc=0.103 (b16=0.0 d16=0.0831 b18=0.0 d18=0.1143 b20=0.0 d20=0.1112) ce=18.5897 | heldN_hard=0.0 dacc=0.0947 (b16=0.0 d16=0.0949 b18=0.0 d18=0.0893 b20=0.0 d20=0.0999) ce=18.7612 (525s)
[C-N-linear-b4] step= 1500 loss=1.7338 beta=(0.00,0.00) local_ce=4.00131 train_soft=0.0 dacc=0.3102 (b16=0.0 d16=0.382 b18=0.0 d18=0.3085 b20=0.0 d20=0.239) ce=1.7342 | train_hard=0.0 dacc=0.1411 (b16=0.0 d16=0.1496 b18=0.0 d18=0.1445 b20=0.0 d20=0.1289) ce=17.7994 | heldN_hard=0.0 dacc=0.1184 (b16=0.0 d16=0.1219 b18=0.0 d18=0.1197 b20=0.0 d20=0.1136) ce=18.2697 (639s)
[C-N-linear-b4] FINAL hard train=0.0 dacc=0.1411 (b16=0.0 d16=0.1496 b18=0.0 d18=0.1445 b20=0.0 d20=0.1289) ce=17.7994 div=0.9427
[C-N-linear-b4] FINAL soft train=0.0 dacc=0.3102 (b16=0.0 d16=0.382 b18=0.0 d18=0.3085 b20=0.0 d20=0.239) ce=1.7342 div=0.1895
[C-N-linear-b4] FINAL hard held_x=0.0 dacc=0.1372 (b16=0.0 d16=0.1486 b18=0.0 d18=0.1435 b20=0.0 d20=0.1191) ce=17.8804 div=0.9518
[C-N-linear-b4] FINAL soft held_x=0.0 dacc=0.3125 (b16=0.0 d16=0.3866 b18=0.0 d18=0.3107 b20=0.0 d20=0.2354) ce=1.7295 div=0.1829
[C-N-linear-b4] FINAL hard held_n=0.0 dacc=0.1184 (b16=0.0 d16=0.1219 b18=0.0 d18=0.1197 b20=0.0 d20=0.1136) ce=18.2697 div=0.9297
[C-N-linear-b4] FINAL soft held_n=0.0 dacc=0.299 (b16=0.0 d16=0.368 b18=0.0 d18=0.2944 b20=0.0 d20=0.2347) ce=1.8219 div=0.1322
[C-N-linear-b4] FINAL hard ood_n=0.0 dacc=0.1333 (b17=0.0 d17=0.1565 b19=0.0 d19=0.1253 b21=0.0 d21=0.118) ce=17.9613 div=0.9557
[C-N-linear-b4] FINAL soft ood_n=0.0 dacc=0.2717 (b17=0.0 d17=0.3605 b19=0.0 d19=0.2545 b21=0.0 d21=0.2001) ce=1.9901 div=0.1159
[C-N-linear-b4] FINAL state_sharpness=0.696 local_ce=4.00131 mul_fn=0.34 mul_gauge=0.5 add_shift=0.265 sub_shift=0.278 ms_per_step=422.3
