[C-NX-linear-b1] tree:quotient S=7 W=8 Q=10 params=6,820 DEPTH main=183 (adds=56 reduce=126) N-prefix=32 leaves=13 alphabet={'digit': 10, 'carry': 2, 'borrow': 2, 'quotient': 11}
[C-NX-linear-b1] moduli train={16: 16, 18: 16, 20: 16} held={16: 8, 18: 8, 20: 8} oodn={17: 8, 19: 8, 21: 8} rows train=49152 held_x=3072 held_n=1536 ood_n=1536 (2s)
[C-NX-linear-b1] max true quotient under red-skip=0: 9 (alphabet covers 0..10)
[C-NX-linear-b1] dacc trivial floors (train, zero-predictor, per-slot-majority): {'b16': (0.3792, 0.3896), 'b18': (0.3031, 0.3229), 'b20': (0.235, 0.2472)}
[C-NX-linear-b1] dacc trivial floors (held_n, zero-predictor, per-slot-majority): {'b16': (0.377, 0.3912), 'b18': (0.2991, 0.3142), 'b20': (0.2363, 0.2536)}
[C-NX-linear-b1] Tmul coverage per example: {'b16': {'cells_per_example': 21.47, 'sig_digits': 4.39, 'table_covered': 100}, 'b18': {'cells_per_example': 25.13, 'sig_digits': 4.91, 'table_covered': 100}, 'b20': {'cells_per_example': 28.19, 'sig_digits': 5.33, 'table_covered': 100}}
[C-NX-linear-b1] assert_model_state OK: 6,820 / 500,000,000
[C-NX-linear-b1] step=    1 loss=2.2843 beta=(1.00,1.00) local_ce=2.19616 train_soft=0.0 dacc=0.2913 (b16=0.0 d16=0.3708 b18=0.0 d18=0.274 b20=0.0 d20=0.2287) ce=2.2774 | train_hard=0.0 dacc=0.1141 (b16=0.0 d16=0.1252 b18=0.0 d18=0.1111 b20=0.0 d20=0.1061) ce=18.3584 | heldN_hard=0.0 dacc=0.1206 (b16=0.0 d16=0.127 b18=0.0 d18=0.1136 b20=0.0 d20=0.1214) ce=18.2234 (6s)
[C-NX-linear-b1] step=  250 loss=1.6304 beta=(0.67,0.67) local_ce=3.20487 train_soft=0.0 dacc=0.3116 (b16=0.0 d16=0.382 b18=0.0 d18=0.3121 b20=0.0 d20=0.2395) ce=1.7715 | train_hard=0.0 dacc=0.1104 (b16=0.0 d16=0.1128 b18=0.0 d18=0.104 b20=0.0 d20=0.1146) ce=18.4355 | heldN_hard=0.0 dacc=0.1142 (b16=0.0 d16=0.118 b18=0.0 d18=0.108 b20=0.0 d20=0.1166) ce=18.3564 (119s)
[C-NX-linear-b1] step=  500 loss=1.6536 beta=(0.33,0.33) local_ce=3.64893 train_soft=0.0 dacc=0.306 (b16=0.0 d16=0.3741 b18=0.0 d18=0.3072 b20=0.0 d20=0.2355) ce=1.7461 | train_hard=0.0 dacc=0.0928 (b16=0.0 d16=0.0971 b18=0.0 d18=0.0894 b20=0.0 d20=0.0921) ce=18.7997 | heldN_hard=0.0 dacc=0.0954 (b16=0.0 d16=0.0921 b18=0.0 d18=0.0896 b20=0.0 d20=0.1046) ce=18.7458 (233s)
[C-NX-linear-b1] step=  750 loss=1.7260 beta=(0.00,0.00) local_ce=3.93585 train_soft=0.0 dacc=0.3112 (b16=0.0 d16=0.382 b18=0.0 d18=0.3156 b20=0.0 d20=0.2347) ce=1.7379 | train_hard=0.0 dacc=0.1369 (b16=0.0 d16=0.1465 b18=0.0 d18=0.1342 b20=0.0 d20=0.13) ce=17.8862 | heldN_hard=0.0 dacc=0.1284 (b16=0.0 d16=0.1423 b18=0.0 d18=0.1217 b20=0.0 d20=0.1214) ce=18.0615 (362s)
[C-NX-linear-b1] step= 1000 loss=1.7356 beta=(0.00,0.00) local_ce=4.13584 train_soft=0.0 dacc=0.3095 (b16=0.0 d16=0.38 b18=0.0 d18=0.3115 b20=0.0 d20=0.2358) ce=1.735 | train_hard=0.0 dacc=0.2401 (b16=0.0 d16=0.2899 b18=0.0 d18=0.2387 b20=0.0 d20=0.191) ce=15.7468 | heldN_hard=0.0 dacc=0.2391 (b16=0.0 d16=0.2762 b18=0.0 d18=0.2455 b20=0.0 d20=0.1956) ce=15.768 (479s)
[C-NX-linear-b1] step= 1250 loss=1.7335 beta=(0.00,0.00) local_ce=4.27936 train_soft=0.0 dacc=0.3104 (b16=0.0 d16=0.3803 b18=0.0 d18=0.3091 b20=0.0 d20=0.2407) ce=1.7346 | train_hard=0.0 dacc=0.2493 (b16=0.0 d16=0.3059 b18=0.0 d18=0.248 b20=0.0 d20=0.1933) ce=15.5559 | heldN_hard=0.0 dacc=0.2544 (b16=0.0 d16=0.305 b18=0.0 d18=0.2578 b20=0.0 d20=0.2003) ce=15.4519 (597s)
[C-NX-linear-b1] step= 1500 loss=1.7350 beta=(0.00,0.00) local_ce=4.32366 train_soft=0.0 dacc=0.3128 (b16=0.0 d16=0.3868 b18=0.0 d18=0.3102 b20=0.0 d20=0.2404) ce=1.734 | train_hard=0.0 dacc=0.2483 (b16=0.0 d16=0.2953 b18=0.0 d18=0.251 b20=0.0 d20=0.1979) ce=15.5771 | heldN_hard=0.0 dacc=0.2507 (b16=0.0 d16=0.2907 b18=0.0 d18=0.257 b20=0.0 d20=0.2042) ce=15.529 (728s)
[C-NX-linear-b1] FINAL hard train=0.0 dacc=0.2483 (b16=0.0 d16=0.2953 b18=0.0 d18=0.251 b20=0.0 d20=0.1979) ce=15.5771 div=0.3379
[C-NX-linear-b1] FINAL soft train=0.0 dacc=0.3128 (b16=0.0 d16=0.3868 b18=0.0 d18=0.3102 b20=0.0 d20=0.2404) ce=1.734 div=0.4089
[C-NX-linear-b1] FINAL hard held_x=0.0 dacc=0.2516 (b16=0.0 d16=0.2957 b18=0.0 d18=0.2516 b20=0.0 d20=0.2046) ce=15.5097 div=0.3398
[C-NX-linear-b1] FINAL soft held_x=0.0 dacc=0.3102 (b16=0.0 d16=0.3889 b18=0.0 d18=0.3107 b20=0.0 d20=0.2259) ce=1.7312 div=0.416
[C-NX-linear-b1] FINAL hard held_n=0.0 dacc=0.2507 (b16=0.0 d16=0.2907 b18=0.0 d18=0.257 b20=0.0 d20=0.2042) ce=15.529 div=0.3145
[C-NX-linear-b1] FINAL soft held_n=0.0 dacc=0.3023 (b16=0.0 d16=0.3761 b18=0.0 d18=0.2924 b20=0.0 d20=0.2383) ce=1.7941 div=0.2298
[C-NX-linear-b1] FINAL hard ood_n=0.0 dacc=0.2299 (b17=0.0 d17=0.2838 b19=0.0 d19=0.2266 b21=0.0 d21=0.1794) ce=15.9588 div=0.3262
[C-NX-linear-b1] FINAL soft ood_n=0.0 dacc=0.2759 (b17=0.0 d17=0.3518 b19=0.0 d19=0.262 b21=0.0 d21=0.2137) ce=1.9919 div=0.2246
[C-NX-linear-b1] FINAL state_sharpness=0.6911 local_ce=4.32366 mul_fn=0.24 mul_gauge=0.6 add_shift=0.27 sub_shift=0.289 ms_per_step=482.0
