[C-X-linear-b1] tree:quotient S=7 W=8 Q=10 params=6,820 DEPTH main=183 (adds=56 reduce=126) N-prefix=32 leaves=13 alphabet={'digit': 10, 'carry': 2, 'borrow': 2, 'quotient': 11}
[C-X-linear-b1] moduli train={16: 16, 18: 16, 20: 16} held={16: 8, 18: 8, 20: 8} oodn={17: 8, 19: 8, 21: 8} rows train=49152 held_x=3072 held_n=1536 ood_n=1536 (2s)
[C-X-linear-b1] max true quotient under red-skip=0: 9 (alphabet covers 0..10)
[C-X-linear-b1] dacc trivial floors (train, zero-predictor, per-slot-majority): {'b16': (0.3792, 0.3896), 'b18': (0.3031, 0.3229), 'b20': (0.235, 0.2472)}
[C-X-linear-b1] dacc trivial floors (held_n, zero-predictor, per-slot-majority): {'b16': (0.377, 0.3912), 'b18': (0.2991, 0.3142), 'b20': (0.2363, 0.2536)}
[C-X-linear-b1] Tmul coverage per example: {'b16': {'cells_per_example': 21.47, 'sig_digits': 4.39, 'table_covered': 100}, 'b18': {'cells_per_example': 25.13, 'sig_digits': 4.91, 'table_covered': 100}, 'b20': {'cells_per_example': 28.19, 'sig_digits': 5.33, 'table_covered': 100}}
[C-X-linear-b1] assert_model_state OK: 6,820 / 500,000,000
[C-X-linear-b1] step=    1 loss=2.2871 beta=(0.00,1.00) local_ce=2.19582 train_soft=0.0 dacc=0.3025 (b16=0.0 d16=0.3716 b18=0.0 d18=0.3064 b20=0.0 d20=0.2281) ce=2.2772 | train_hard=0.0 dacc=0.1153 (b16=0.0 d16=0.1347 b18=0.0 d18=0.1124 b20=0.0 d20=0.0987) ce=18.3333 | heldN_hard=0.0 dacc=0.1145 (b16=0.0 d16=0.1275 b18=0.0 d18=0.1063 b20=0.0 d20=0.1097) ce=18.3507 (5s)
[C-X-linear-b1] step=  250 loss=1.7059 beta=(0.00,0.67) local_ce=3.20729 train_soft=0.0 dacc=0.3109 (b16=0.0 d16=0.3783 b18=0.0 d18=0.3121 b20=0.0 d20=0.2412) ce=1.7567 | train_hard=0.0 dacc=0.1322 (b16=0.0 d16=0.1499 b18=0.0 d18=0.1133 b20=0.0 d20=0.134) ce=17.9844 | heldN_hard=0.0 dacc=0.129 (b16=0.0 d16=0.1356 b18=0.0 d18=0.1242 b20=0.0 d20=0.1272) ce=18.05 (129s)
[C-X-linear-b1] step=  500 loss=1.7024 beta=(0.00,0.33) local_ce=3.66981 train_soft=0.0 dacc=0.3074 (b16=0.0 d16=0.375 b18=0.0 d18=0.3131 b20=0.0 d20=0.2327) ce=1.7428 | train_hard=0.0 dacc=0.0874 (b16=0.0 d16=0.0912 b18=0.0 d18=0.0777 b20=0.0 d20=0.0938) ce=18.9115 | heldN_hard=0.0 dacc=0.0918 (b16=0.0 d16=0.0837 b18=0.0 d18=0.0857 b20=0.0 d20=0.106) ce=18.8209 (255s)
[C-X-linear-b1] step=  750 loss=1.7244 beta=(0.00,0.00) local_ce=4.01061 train_soft=0.0 dacc=0.3143 (b16=0.0 d16=0.3862 b18=0.0 d18=0.3167 b20=0.0 d20=0.2387) ce=1.7363 | train_hard=0.0 dacc=0.0941 (b16=0.0 d16=0.0935 b18=0.0 d18=0.1005 b20=0.0 d20=0.0881) ce=18.7728 | heldN_hard=0.0 dacc=0.1057 (b16=0.0 d16=0.1066 b18=0.0 d18=0.1085 b20=0.0 d20=0.1018) ce=18.5338 (371s)
[C-X-linear-b1] step= 1000 loss=1.7357 beta=(0.00,0.00) local_ce=4.1961 train_soft=0.0 dacc=0.3125 (b16=0.0 d16=0.3744 b18=0.0 d18=0.3142 b20=0.0 d20=0.2478) ce=1.7359 | train_hard=0.0 dacc=0.1158 (b16=0.0 d16=0.1266 b18=0.0 d18=0.1084 b20=0.0 d20=0.1126) ce=18.3237 | heldN_hard=0.0 dacc=0.1132 (b16=0.0 d16=0.1183 b18=0.0 d18=0.1177 b20=0.0 d20=0.1035) ce=18.3776 (497s)
[C-X-linear-b1] step= 1250 loss=1.7333 beta=(0.00,0.00) local_ce=4.28467 train_soft=0.0 dacc=0.3118 (b16=0.0 d16=0.3834 b18=0.0 d18=0.3036 b20=0.0 d20=0.2475) ce=1.7345 | train_hard=0.0 dacc=0.1297 (b16=0.0 d16=0.151 b18=0.0 d18=0.1279 b20=0.0 d20=0.1098) ce=18.0365 | heldN_hard=0.0 dacc=0.1172 (b16=0.0 d16=0.1309 b18=0.0 d18=0.1088 b20=0.0 d20=0.1119) ce=18.2948 (620s)
[C-X-linear-b1] step= 1500 loss=1.7315 beta=(0.00,0.00) local_ce=4.33657 train_soft=0.0 dacc=0.3091 (b16=0.0 d16=0.3775 b18=0.0 d18=0.3093 b20=0.0 d20=0.2392) ce=1.7334 | train_hard=0.0 dacc=0.1798 (b16=0.0 d16=0.204 b18=0.0 d18=0.1752 b20=0.0 d20=0.16) ce=16.9976 | heldN_hard=0.0 dacc=0.175 (b16=0.0 d16=0.207 b18=0.0 d18=0.1685 b20=0.0 d20=0.1496) ce=17.0959 (753s)
[C-X-linear-b1] FINAL hard train=0.0 dacc=0.1798 (b16=0.0 d16=0.204 b18=0.0 d18=0.1752 b20=0.0 d20=0.16) ce=16.9976 div=0.5553
[C-X-linear-b1] FINAL soft train=0.0 dacc=0.3091 (b16=0.0 d16=0.3775 b18=0.0 d18=0.3093 b20=0.0 d20=0.2392) ce=1.7334 div=0.2428
[C-X-linear-b1] FINAL hard held_x=0.0 dacc=0.1796 (b16=0.0 d16=0.2088 b18=0.0 d18=0.1889 b20=0.0 d20=0.1398) ce=17.0015 div=0.5736
[C-X-linear-b1] FINAL soft held_x=0.0 dacc=0.3151 (b16=0.0 d16=0.3876 b18=0.0 d18=0.3166 b20=0.0 d20=0.2365) ce=1.7284 div=0.2363
[C-X-linear-b1] FINAL hard held_n=0.0 dacc=0.175 (b16=0.0 d16=0.207 b18=0.0 d18=0.1685 b20=0.0 d20=0.1496) ce=17.0959 div=0.5553
[C-X-linear-b1] FINAL soft held_n=0.0 dacc=0.3087 (b16=0.0 d16=0.3842 b18=0.0 d18=0.3008 b20=0.0 d20=0.2411) ce=1.8231 div=0.1133
[C-X-linear-b1] FINAL hard ood_n=0.0 dacc=0.1723 (b17=0.0 d17=0.2132 b19=0.0 d19=0.1716 b21=0.0 d21=0.1323) ce=17.1518 div=0.5801
[C-X-linear-b1] FINAL soft ood_n=0.0 dacc=0.2783 (b17=0.0 d17=0.3585 b19=0.0 d19=0.2651 b21=0.0 d21=0.2112) ce=2.009 div=0.1738
[C-X-linear-b1] FINAL state_sharpness=0.7018 local_ce=4.33657 mul_fn=0.28 mul_gauge=0.7 add_shift=0.255 sub_shift=0.261 ms_per_step=499.2
