[TF-all] tree:quotient S=7 W=8 Q=10 params=6,820 DEPTH main=183 (adds=56 reduce=126) N-prefix=32 leaves=13 alphabet={'digit': 10, 'carry': 2, 'borrow': 2, 'quotient': 11}
[TF-all] moduli train={16: 16, 18: 16, 20: 16} held={16: 8, 18: 8, 20: 8} oodn={17: 8, 19: 8, 21: 8} rows train=49152 held_x=3072 held_n=1536 ood_n=1536 (2s)
[TF-all] max true quotient under red-skip=0: 9 (alphabet covers 0..10)
[TF-all] dacc trivial floors (train, zero-predictor, per-slot-majority): {'b16': (0.3792, 0.3896), 'b18': (0.3031, 0.3229), 'b20': (0.235, 0.2472)}
[TF-all] dacc trivial floors (held_n, zero-predictor, per-slot-majority): {'b16': (0.377, 0.3912), 'b18': (0.2991, 0.3142), 'b20': (0.2363, 0.2536)}
[TF-all] Tmul coverage per example: {'b16': {'cells_per_example': 21.47, 'sig_digits': 4.39, 'table_covered': 100}, 'b18': {'cells_per_example': 25.13, 'sig_digits': 4.91, 'table_covered': 100}, 'b20': {'cells_per_example': 28.19, 'sig_digits': 5.33, 'table_covered': 100}}
[TF-all] assert_model_state OK: 6,820 / 500,000,000
[TF-all] step=    1 loss=2.1991 beta=(0.00,0.00) local_ce=2.16503 train_soft=0.0 dacc=0.1049 (b16=0.0 d16=0.0859 b18=0.0 d18=0.1355 b20=0.0 d20=0.0921) ce=2.2894 | train_hard=0.0 dacc=0.1121 (b16=0.0 d16=0.112 b18=0.0 d18=0.1192 b20=0.0 d20=0.1046) ce=18.4008 | heldN_hard=0.0 dacc=0.1004 (b16=0.0 d16=0.106 b18=0.0 d18=0.0982 b20=0.0 d20=0.0968) ce=18.6436 (5s)
[TF-all] step=  100 loss=0.4700 beta=(0.00,0.00) local_ce=0.45922 train_soft=0.0 dacc=0.1589 (b16=0.0 d16=0.2007 b18=0.0 d18=0.1247 b20=0.0 d20=0.1523) ce=2.2835 | train_hard=0.0 dacc=0.1307 (b16=0.0 d16=0.1226 b18=0.0 d18=0.1276 b20=0.0 d20=0.142) ce=18.0153 | heldN_hard=0.0 dacc=0.1298 (b16=0.0 d16=0.1267 b18=0.0 d18=0.1169 b20=0.0 d20=0.1459) ce=18.0326 (60s)
[TF-all] step=  200 loss=0.0534 beta=(0.00,0.00) local_ce=0.05458 train_soft=0.0352 dacc=0.2167 (b16=0.0 d16=0.1485 b18=0.0437 d18=0.2319 b20=0.0619 d20=0.27) ce=2.9393 | train_hard=0.0 dacc=0.2223 (b16=0.0 d16=0.2161 b18=0.0 d18=0.2246 b20=0.0 d20=0.2261) ce=16.1168 | heldN_hard=0.0 dacc=0.2015 (b16=0.0 d16=0.1783 b18=0.0 d18=0.1987 b20=0.0 d20=0.2277) ce=16.5466 (106s)
[TF-all] step=  300 loss=0.0352 beta=(0.00,0.00) local_ce=0.03475 train_soft=0.6048 dacc=0.7653 (b16=0.6896 d16=0.8386 b18=0.5932 d18=0.7596 b20=0.5309 d20=0.6966) ce=1.1042 | train_hard=0.6224 dacc=0.7737 (b16=0.7112 d16=0.8423 b18=0.616 d18=0.7672 b20=0.5389 d20=0.7109) ce=4.6893 | heldN_hard=0.5703 dacc=0.7282 (b16=0.6875 d16=0.8111 b18=0.5645 d18=0.743 b20=0.459 d20=0.6306) ce=5.6318 (163s)
[TF-all] step=  400 loss=0.0285 beta=(0.00,0.00) local_ce=0.02926 train_soft=0.6777 dacc=0.8143 (b16=0.7426 d16=0.8723 b18=0.673 d18=0.802 b20=0.6168 d20=0.7682) ce=1.071 | train_hard=0.4668 dacc=0.6259 (b16=0.6582 d16=0.8069 b18=0.211 d18=0.3639 b20=0.5409 d20=0.7171) ce=7.752 | heldN_hard=0.4564 dacc=0.6198 (b16=0.6484 d16=0.7799 b18=0.1836 d18=0.3691 b20=0.5371 d20=0.7104) ce=7.8792 (219s)
[TF-all] step=  500 loss=0.0216 beta=(0.00,0.00) local_ce=0.02185 train_soft=0.7487 dacc=0.865 (b16=0.7957 d16=0.9127 b18=0.7643 d18=0.871 b20=0.6846 d20=0.8101) ce=0.7922 | train_hard=0.5156 dacc=0.6508 (b16=0.7289 d16=0.8658 b18=0.23 d18=0.3509 b20=0.5988 d20=0.7471) ce=7.2373 | heldN_hard=0.5293 dacc=0.6538 (b16=0.7695 d16=0.8831 b18=0.1758 d18=0.3064 b20=0.6426 d20=0.772) ce=7.1737 (268s)
[TF-all] step=  600 loss=0.0207 beta=(0.00,0.00) local_ce=0.02104 train_soft=0.7441 dacc=0.856 (b16=0.8153 d16=0.9206 b18=0.7262 d18=0.8319 b20=0.6906 d20=0.8158) ce=0.8799 | train_hard=0.5039 dacc=0.6555 (b16=0.6719 d16=0.8341 b18=0.3042 d18=0.4364 b20=0.5429 d20=0.704) ce=7.139 | heldN_hard=0.5059 dacc=0.6546 (b16=0.6895 d16=0.8387 b18=0.248 d18=0.3968 b20=0.5801 d20=0.7282) ce=7.1583 (330s)
[TF-all] step=  700 loss=0.0200 beta=(0.00,0.00) local_ce=0.02068 train_soft=0.7578 dacc=0.8712 (b16=0.8193 d16=0.9237 b18=0.7662 d18=0.8748 b20=0.6866 d20=0.8141) ce=0.8751 | train_hard=0.4505 dacc=0.6248 (b16=0.5874 d16=0.7766 b18=0.2928 d18=0.4498 b20=0.477 d20=0.6544) ce=7.7751 | heldN_hard=0.4609 dacc=0.6264 (b16=0.6309 d16=0.7983 b18=0.2793 d18=0.4464 b20=0.4727 d20=0.6345) ce=7.7423 (393s)
[TF-all] step=  800 loss=0.0183 beta=(0.00,0.00) local_ce=0.02032 train_soft=0.7591 dacc=0.8725 (b16=0.8173 d16=0.9228 b18=0.7681 d18=0.8772 b20=0.6906 d20=0.8164) ce=0.896 | train_hard=0.3796 dacc=0.5627 (b16=0.5187 d16=0.7191 b18=0.1958 d18=0.3563 b20=0.4311 d20=0.6205) ce=9.0626 | heldN_hard=0.3789 dacc=0.5589 (b16=0.5469 d16=0.7344 b18=0.166 d18=0.3331 b20=0.4238 d20=0.6091) ce=9.1416 (458s)
[TF-all] FINAL hard train=0.3796 dacc=0.5627 (b16=0.5187 d16=0.7191 b18=0.1958 d18=0.3563 b20=0.4311 d20=0.6205) ce=9.0626 div=0.9967
[TF-all] FINAL soft train=0.7591 dacc=0.8725 (b16=0.8173 d16=0.9228 b18=0.7681 d18=0.8772 b20=0.6906 d20=0.8164) ce=0.896 div=0.9902
[TF-all] FINAL hard held_x=0.3926 dacc=0.5707 (b16=0.5276 d16=0.7198 b18=0.1788 d18=0.3457 b20=0.4501 d20=0.6237) ce=8.8968 div=0.9987
[TF-all] FINAL soft held_x=0.7708 dacc=0.8704 (b16=0.8346 d16=0.928 b18=0.7339 d18=0.8571 b20=0.7378 d20=0.8216) ce=0.8712 div=0.9863
[TF-all] FINAL hard held_n=0.3789 dacc=0.5589 (b16=0.5469 d16=0.7344 b18=0.166 d18=0.3331 b20=0.4238 d20=0.6091) ce=9.1416 div=0.9967
[TF-all] FINAL soft held_n=0.7591 dacc=0.8578 (b16=0.8477 d16=0.9308 b18=0.6816 d18=0.8066 b20=0.748 d20=0.8359) ce=0.7938 div=0.9798
[TF-all] FINAL hard ood_n=0.3314 dacc=0.4928 (b17=0.4746 d17=0.647 b19=0.457 d19=0.6314 b21=0.0625 d21=0.2001) ce=10.51 div=0.9961
[TF-all] FINAL soft ood_n=0.7878 dacc=0.8823 (b17=0.8145 d17=0.9216 b19=0.8164 d19=0.8951 b21=0.7324 d21=0.8301) ce=0.9015 div=0.9948
[TF-all] FINAL state_sharpness=0.9712 local_ce=0.02032 mul_fn=1.0 mul_gauge=1.0 add_shift=1.0 sub_shift=1.0 ms_per_step=567.4
