[TF-only16] tree:quotient S=7 W=8 Q=10 params=6,820 DEPTH main=183 (adds=56 reduce=126) N-prefix=32 leaves=13 alphabet={'digit': 10, 'carry': 2, 'borrow': 2, 'quotient': 11}
[TF-only16] moduli train={16: 16, 18: 16, 20: 16} held={16: 8, 18: 8, 20: 8} oodn={17: 8, 19: 8, 21: 8} rows train=49152 held_x=3072 held_n=1536 ood_n=1536 (2s)
[TF-only16] max true quotient under red-skip=0: 9 (alphabet covers 0..10)
[TF-only16] dacc trivial floors (train, zero-predictor, per-slot-majority): {'b16': (0.3792, 0.3896), 'b18': (0.3031, 0.3229), 'b20': (0.235, 0.2472)}
[TF-only16] dacc trivial floors (held_n, zero-predictor, per-slot-majority): {'b16': (0.377, 0.3912), 'b18': (0.2991, 0.3142), 'b20': (0.2363, 0.2536)}
[TF-only16] Tmul coverage per example: {'b16': {'cells_per_example': 21.47, 'sig_digits': 4.39, 'table_covered': 100}, 'b18': {'cells_per_example': 25.13, 'sig_digits': 4.91, 'table_covered': 100}, 'b20': {'cells_per_example': 28.19, 'sig_digits': 5.33, 'table_covered': 100}}
[TF-only16] assert_model_state OK: 6,820 / 500,000,000
[TF-only16] training restricted to 16-bit rows: 16384 of 49152
[TF-only16] step=    1 loss=2.2066 beta=(0.00,0.00) local_ce=2.16591 train_soft=0.0 dacc=0.1049 (b16=0.0 d16=0.0859 b18=0.0 d18=0.1355 b20=0.0 d20=0.0921) ce=2.2894 | train_hard=0.0 dacc=0.1063 (b16=0.0 d16=0.1078 b18=0.0 d18=0.1105 b20=0.0 d20=0.1004) ce=18.5203 | heldN_hard=0.0 dacc=0.1086 (b16=0.0 d16=0.1116 b18=0.0 d18=0.1099 b20=0.0 d20=0.1044) ce=18.4721 (5s)
[TF-only16] step=  100 loss=0.5348 beta=(0.00,0.00) local_ce=0.58389 train_soft=0.0 dacc=0.1764 (b16=0.0 d16=0.2369 b18=0.0 d18=0.1619 b20=0.0 d20=0.1303) ce=2.267 | train_hard=0.0 dacc=0.1917 (b16=0.0 d16=0.2262 b18=0.0 d18=0.1833 b20=0.0 d20=0.1654) ce=16.7509 | heldN_hard=0.0 dacc=0.1922 (b16=0.0 d16=0.2207 b18=0.0 d18=0.1875 b20=0.0 d20=0.1685) ce=16.7394 (59s)
[TF-only16] step=  200 loss=0.0603 beta=(0.00,0.00) local_ce=0.08796 train_soft=0.0202 dacc=0.2222 (b16=0.0354 d16=0.3494 b18=0.0247 d18=0.2243 b20=0.0 d20=0.0907) ce=2.7457 | train_hard=0.0 dacc=0.2192 (b16=0.0 d16=0.2242 b18=0.0 d18=0.2165 b20=0.0 d20=0.217) ce=16.1804 | heldN_hard=0.0 dacc=0.186 (b16=0.0 d16=0.1367 b18=0.0 d18=0.209 b20=0.0 d20=0.2123) ce=16.8685 (106s)
[TF-only16] step=  300 loss=0.0194 beta=(0.00,0.00) local_ce=0.077 train_soft=0.1393 dacc=0.3444 (b16=0.279 d16=0.5641 b18=0.0684 d18=0.2409 b20=0.0719 d20=0.2298) ce=3.0769 | train_hard=0.0 dacc=0.206 (b16=0.0 d16=0.204 b18=0.0 d18=0.1985 b20=0.0 d20=0.2159) ce=16.4541 | heldN_hard=0.0 dacc=0.1933 (b16=0.0 d16=0.1613 b18=0.0 d18=0.2026 b20=0.0 d20=0.216) ce=16.7182 (162s)
[TF-only16] step=  400 loss=0.0055 beta=(0.00,0.00) local_ce=0.00981 train_soft=0.8333 dacc=0.8903 (b16=0.9096 d16=0.9397 b18=0.808 d18=0.8639 b20=0.7824 d20=0.868) ce=0.7664 | train_hard=0.7884 dacc=0.8611 (b16=0.8487 d16=0.8973 b18=0.8042 d18=0.8775 b20=0.7106 d20=0.8072) ce=2.8776 | heldN_hard=0.7174 dacc=0.8096 (b16=0.7988 d16=0.8591 b18=0.7695 d18=0.8605 b20=0.584 d20=0.7093) ce=3.9454 (219s)
[TF-only16] step=  500 loss=0.0036 beta=(0.00,0.00) local_ce=0.00596 train_soft=0.9108 dacc=0.9453 (b16=0.9332 d16=0.9571 b18=0.8992 d18=0.9373 b20=0.9002 d20=0.9418) ce=0.367 | train_hard=0.9076 dacc=0.9434 (b16=0.9312 d16=0.9543 b18=0.8954 d18=0.937 b20=0.8962 d20=0.939) ce=1.1738 | heldN_hard=0.8776 dacc=0.9222 (b16=0.8867 d16=0.9185 b18=0.9043 d18=0.9498 b20=0.8418 d20=0.8984) ce=1.6113 (268s)
[TF-only16] step=  600 loss=0.0030 beta=(0.00,0.00) local_ce=0.00526 train_soft=0.9147 dacc=0.9481 (b16=0.945 d16=0.9652 b18=0.8992 d18=0.9373 b20=0.9002 d20=0.9421) ce=0.3878 | train_hard=0.9076 dacc=0.9433 (b16=0.9312 d16=0.9543 b18=0.8954 d18=0.9378 b20=0.8962 d20=0.9378) ce=1.1757 | heldN_hard=0.8776 dacc=0.9218 (b16=0.8867 d16=0.918 b18=0.9043 d18=0.9498 b20=0.8418 d20=0.8976) ce=1.6209 (328s)
[TF-only16] step=  700 loss=0.0030 beta=(0.00,0.00) local_ce=0.00565 train_soft=0.9154 dacc=0.9493 (b16=0.943 d16=0.9641 b18=0.9011 d18=0.94 b20=0.9022 d20=0.9441) ce=0.4178 | train_hard=0.9076 dacc=0.9434 (b16=0.9312 d16=0.9543 b18=0.8954 d18=0.937 b20=0.8962 d20=0.939) ce=1.1738 | heldN_hard=0.8776 dacc=0.9217 (b16=0.8867 d16=0.918 b18=0.9043 d18=0.9495 b20=0.8418 d20=0.8976) ce=1.6229 (391s)
[TF-only16] step=  800 loss=0.0034 beta=(0.00,0.00) local_ce=0.00549 train_soft=0.9154 dacc=0.9494 (b16=0.945 d16=0.9646 b18=0.9011 d18=0.9405 b20=0.9002 d20=0.9433) ce=0.4337 | train_hard=0.9076 dacc=0.9431 (b16=0.9312 d16=0.9543 b18=0.8954 d18=0.9364 b20=0.8962 d20=0.9387) ce=1.1796 | heldN_hard=0.8776 dacc=0.9217 (b16=0.8867 d16=0.918 b18=0.9043 d18=0.9495 b20=0.8418 d20=0.8976) ce=1.6229 (457s)
[TF-only16] FINAL hard train=0.9076 dacc=0.9431 (b16=0.9312 d16=0.9543 b18=0.8954 d18=0.9364 b20=0.8962 d20=0.9387) ce=1.1796 div=0.9954
[TF-only16] FINAL soft train=0.9154 dacc=0.9494 (b16=0.945 d16=0.9646 b18=0.9011 d18=0.9405 b20=0.9002 d20=0.9433) ce=0.4337 div=0.9954
[TF-only16] FINAL hard held_x=0.9121 dacc=0.9444 (b16=0.9357 d16=0.9548 b18=0.9085 d18=0.9406 b20=0.8904 d20=0.9368) ce=1.1526 div=0.9935
[TF-only16] FINAL soft held_x=0.9199 dacc=0.9505 (b16=0.9504 d16=0.9653 b18=0.9106 d18=0.9415 b20=0.8963 d20=0.9432) ce=0.4346 div=0.9941
[TF-only16] FINAL hard held_n=0.8776 dacc=0.9217 (b16=0.8867 d16=0.918 b18=0.9043 d18=0.9495 b20=0.8418 d20=0.8976) ce=1.6229 div=0.9954
[TF-only16] FINAL soft held_n=0.8867 dacc=0.9302 (b16=0.9102 d16=0.9397 b18=0.9043 d18=0.9503 b20=0.8457 d20=0.9007) ce=0.7454 div=0.9954
[TF-only16] FINAL hard ood_n=0.8672 dacc=0.9142 (b17=0.8848 d17=0.9249 b19=0.8613 d19=0.9079 b21=0.8555 d21=0.9099) ce=1.7771 div=0.9967
[TF-only16] FINAL soft ood_n=0.8717 dacc=0.9188 (b17=0.8867 d17=0.9241 b19=0.8828 d19=0.9319 b21=0.8457 d21=0.9004) ce=0.8164 div=0.9967
[TF-only16] FINAL state_sharpness=0.9886 local_ce=0.00549 mul_fn=1.0 mul_gauge=1.0 add_shift=1.0 sub_shift=1.0 ms_per_step=567.2
