=== attr-j0-s0 ===
[attr-j0-s0] corrupted cells exercised by the training set: 2/2 sel:2/2
[attr-j0-s0] mod=323 S=3 L=6 recip=oracle T=1 train=250 held=38 params=97,148 cells=1072 reduce_op_depth=5 op_depth=7 full_op_depth=7
[attr-j0-s0] step=     0 loss=nan train_exact=0.000 held_exact=0.000 train_exact_hard=0.000 held_exact_hard=0.000 held_div=0.816 tbl=0.998 repaired=0/2 live=0/2 naive=0/2 by_depth=1:0/2 (3s)
[attr-j0-s0] step=  2000 loss=0.00000 train_exact=1.000 held_exact=1.000 train_exact_hard=1.000 held_exact_hard=1.000 held_div=0.816 tbl=0.999 repaired=1/2 live=1/2 naive=1/2 by_depth=1:1/2 (21s)
--- attr-j0-s0 done in 28s
=== attr-j0-s1 ===
[attr-j0-s1] corrupted cells exercised by the training set: 2/2 sel:2/2
[attr-j0-s1] mod=323 S=3 L=6 recip=oracle T=1 train=250 held=38 params=97,148 cells=1072 reduce_op_depth=5 op_depth=7 full_op_depth=7
[attr-j0-s1] step=     0 loss=nan train_exact=0.000 held_exact=0.000 train_exact_hard=0.000 held_exact_hard=0.000 held_div=0.816 tbl=0.998 repaired=0/2 live=0/2 naive=0/2 by_depth=1:0/2 (0s)
[attr-j0-s1] step=  2000 loss=0.00000 train_exact=1.000 held_exact=0.921 train_exact_hard=1.000 held_exact_hard=0.921 held_div=0.816 tbl=0.999 repaired=1/2 live=1/2 naive=1/2 by_depth=1:1/2 (15s)
--- attr-j0-s1 done in 18s
=== attr-j0-s2 ===
[attr-j0-s2] corrupted cells exercised by the training set: 2/2 sel:2/2
[attr-j0-s2] mod=323 S=3 L=6 recip=oracle T=1 train=250 held=38 params=97,148 cells=1072 reduce_op_depth=5 op_depth=7 full_op_depth=7
[attr-j0-s2] step=     0 loss=nan train_exact=1.000 held_exact=1.000 train_exact_hard=1.000 held_exact_hard=1.000 held_div=0.816 tbl=0.998 repaired=0/2 live=0/2 naive=0/2 by_depth=1:0/2 (0s)
[attr-j0-s2] step=  2000 loss=0.00000 train_exact=1.000 held_exact=1.000 train_exact_hard=1.000 held_exact_hard=1.000 held_div=0.816 tbl=0.999 repaired=1/2 live=1/2 naive=1/2 by_depth=1:1/2 (15s)
--- attr-j0-s2 done in 17s
=== attr-j0-s3 ===
[attr-j0-s3] corrupted cells exercised by the training set: 2/2 sel:2/2
[attr-j0-s3] mod=323 S=3 L=6 recip=oracle T=1 train=250 held=38 params=97,148 cells=1072 reduce_op_depth=5 op_depth=7 full_op_depth=7
[attr-j0-s3] step=     0 loss=nan train_exact=0.964 held_exact=1.000 train_exact_hard=0.964 held_exact_hard=1.000 held_div=0.816 tbl=0.998 repaired=0/2 live=0/2 naive=0/2 by_depth=1:0/2 (0s)
[attr-j0-s3] step=  2000 loss=0.00000 train_exact=1.000 held_exact=0.974 train_exact_hard=1.000 held_exact_hard=0.974 held_div=0.816 tbl=0.999 repaired=1/2 live=1/2 naive=1/2 by_depth=1:1/2 (15s)
--- attr-j0-s3 done in 16s
=== attr-j1-s0 ===
[attr-j1-s0] corrupted cells exercised by the training set: 3/4 rs_carry_e:0/1 rs_carry_t:1/1 sel:2/2
[attr-j1-s0] mod=323 S=3 L=6 recip=oracle T=1 train=250 held=38 params=97,148 cells=1072 reduce_op_depth=5 op_depth=7 full_op_depth=7
[attr-j1-s0] step=     0 loss=nan train_exact=0.000 held_exact=0.000 train_exact_hard=0.000 held_exact_hard=0.000 held_div=0.816 tbl=0.996 repaired=0/4 live=0/3 naive=0/4 by_depth=1:0/4 (0s)
[attr-j1-s0] step=  2000 loss=0.00000 train_exact=1.000 held_exact=1.000 train_exact_hard=1.000 held_exact_hard=1.000 held_div=0.816 tbl=0.997 repaired=1/4 live=1/3 naive=1/4 by_depth=1:1/4 (15s)
--- attr-j1-s0 done in 16s
=== attr-j1-s1 ===
[attr-j1-s1] corrupted cells exercised by the training set: 4/4 rs_carry_e:1/1 rs_carry_t:1/1 sel:2/2
[attr-j1-s1] mod=323 S=3 L=6 recip=oracle T=1 train=250 held=38 params=97,148 cells=1072 reduce_op_depth=5 op_depth=7 full_op_depth=7
[attr-j1-s1] step=     0 loss=nan train_exact=0.000 held_exact=0.000 train_exact_hard=0.000 held_exact_hard=0.000 held_div=0.868 tbl=0.996 repaired=0/4 live=0/4 naive=0/4 by_depth=1:0/4 (0s)
[attr-j1-s1] step=  2000 loss=0.00000 train_exact=1.000 held_exact=0.921 train_exact_hard=0.900 held_exact_hard=0.842 held_div=0.842 tbl=0.997 repaired=1/4 live=1/4 naive=1/4 by_depth=1:1/4 (14s)
--- attr-j1-s1 done in 14s
=== attr-j1-s2 ===
[attr-j1-s2] corrupted cells exercised by the training set: 4/4 rs_carry_e:1/1 rs_carry_t:1/1 sel:2/2
[attr-j1-s2] mod=323 S=3 L=6 recip=oracle T=1 train=250 held=38 params=97,148 cells=1072 reduce_op_depth=5 op_depth=7 full_op_depth=7
[attr-j1-s2] step=     0 loss=nan train_exact=0.940 held_exact=0.947 train_exact_hard=0.940 held_exact_hard=0.947 held_div=0.842 tbl=0.996 repaired=0/4 live=0/4 naive=0/4 by_depth=1:0/4 (0s)
[attr-j1-s2] step=  2000 loss=0.30394 train_exact=0.972 held_exact=0.947 train_exact_hard=0.972 held_exact_hard=0.947 held_div=0.842 tbl=0.997 repaired=1/4 live=1/4 naive=1/4 by_depth=1:1/4 (14s)
--- attr-j1-s2 done in 14s
=== attr-j1-s3 ===
[attr-j1-s3] corrupted cells exercised by the training set: 3/4 rs_carry_e:1/1 rs_carry_t:0/1 sel:2/2
[attr-j1-s3] mod=323 S=3 L=6 recip=oracle T=1 train=250 held=38 params=97,148 cells=1072 reduce_op_depth=5 op_depth=7 full_op_depth=7
[attr-j1-s3] step=     0 loss=nan train_exact=0.956 held_exact=0.974 train_exact_hard=0.956 held_exact_hard=0.974 held_div=0.842 tbl=0.996 repaired=0/4 live=0/3 naive=0/4 by_depth=1:0/4 (0s)
[attr-j1-s3] step=  2000 loss=0.00000 train_exact=1.000 held_exact=0.947 train_exact_hard=1.000 held_exact_hard=0.947 held_div=0.816 tbl=0.997 repaired=1/4 live=1/3 naive=1/4 by_depth=1:1/4 (14s)
--- attr-j1-s3 done in 15s
=== attr-j2-s0 ===
[attr-j2-s0] corrupted cells exercised by the training set: 4/6 rs_carry_e:1/2 rs_carry_t:1/2 sel:2/2
[attr-j2-s0] mod=323 S=3 L=6 recip=oracle T=1 train=250 held=38 params=97,148 cells=1072 reduce_op_depth=5 op_depth=7 full_op_depth=7
[attr-j2-s0] step=     0 loss=nan train_exact=0.000 held_exact=0.000 train_exact_hard=0.000 held_exact_hard=0.000 held_div=0.816 tbl=0.994 repaired=0/6 live=0/4 naive=0/6 by_depth=1:0/6 (0s)
[attr-j2-s0] step=  2000 loss=0.00000 train_exact=1.000 held_exact=1.000 train_exact_hard=0.980 held_exact_hard=1.000 held_div=0.816 tbl=0.994 repaired=1/6 live=1/4 naive=1/6 by_depth=1:1/6 (14s)
--- attr-j2-s0 done in 14s
=== attr-j2-s1 ===
[attr-j2-s1] corrupted cells exercised by the training set: 4/6 rs_carry_e:1/2 rs_carry_t:1/2 sel:2/2
[attr-j2-s1] mod=323 S=3 L=6 recip=oracle T=1 train=250 held=38 params=97,148 cells=1072 reduce_op_depth=5 op_depth=7 full_op_depth=7
[attr-j2-s1] step=     0 loss=nan train_exact=0.052 held_exact=0.105 train_exact_hard=0.044 held_exact_hard=0.105 held_div=0.868 tbl=0.994 repaired=0/6 live=0/4 naive=0/6 by_depth=1:0/6 (0s)
[attr-j2-s1] step=  2000 loss=0.00000 train_exact=1.000 held_exact=0.895 train_exact_hard=0.896 held_exact_hard=0.842 held_div=0.868 tbl=0.995 repaired=1/6 live=1/4 naive=1/6 by_depth=1:1/6 (13s)
--- attr-j2-s1 done in 14s
=== attr-j2-s2 ===
[attr-j2-s2] corrupted cells exercised by the training set: 5/6 rs_carry_e:2/2 rs_carry_t:1/2 sel:2/2
[attr-j2-s2] mod=323 S=3 L=6 recip=oracle T=1 train=250 held=38 params=97,148 cells=1072 reduce_op_depth=5 op_depth=7 full_op_depth=7
[attr-j2-s2] step=     0 loss=nan train_exact=0.924 held_exact=0.947 train_exact_hard=0.924 held_exact_hard=0.947 held_div=0.842 tbl=0.994 repaired=0/6 live=0/5 naive=0/6 by_depth=1:0/6 (0s)
[attr-j2-s2] step=  2000 loss=0.30394 train_exact=0.972 held_exact=0.947 train_exact_hard=0.972 held_exact_hard=0.947 held_div=0.842 tbl=0.995 repaired=1/6 live=1/5 naive=1/6 by_depth=1:1/6 (13s)
--- attr-j2-s2 done in 14s
=== attr-j2-s3 ===
[attr-j2-s3] corrupted cells exercised by the training set: 4/6 rs_carry_e:2/2 rs_carry_t:0/2 sel:2/2
[attr-j2-s3] mod=323 S=3 L=6 recip=oracle T=1 train=250 held=38 params=97,148 cells=1072 reduce_op_depth=5 op_depth=7 full_op_depth=7
[attr-j2-s3] step=     0 loss=nan train_exact=0.928 held_exact=0.947 train_exact_hard=0.928 held_exact_hard=0.947 held_div=0.868 tbl=0.994 repaired=0/6 live=0/4 naive=0/6 by_depth=1:0/6 (0s)
[attr-j2-s3] step=  2000 loss=0.00000 train_exact=1.000 held_exact=0.974 train_exact_hard=1.000 held_exact_hard=0.974 held_div=0.816 tbl=0.995 repaired=1/6 live=1/4 naive=1/6 by_depth=1:1/6 (13s)
--- attr-j2-s3 done in 13s
=== attr-j4-s0 ===
[attr-j4-s0] corrupted cells exercised by the training set: 6/10 rs_carry_e:2/4 rs_carry_t:2/4 sel:2/2
[attr-j4-s0] mod=323 S=3 L=6 recip=oracle T=1 train=250 held=38 params=97,148 cells=1072 reduce_op_depth=5 op_depth=7 full_op_depth=7
[attr-j4-s0] step=     0 loss=nan train_exact=0.156 held_exact=0.079 train_exact_hard=0.144 held_exact_hard=0.079 held_div=0.868 tbl=0.991 repaired=0/10 live=0/6 naive=0/10 by_depth=1:0/10 (0s)
[attr-j4-s0] step=  2000 loss=0.00000 train_exact=1.000 held_exact=0.947 train_exact_hard=0.984 held_exact_hard=0.895 held_div=0.842 tbl=0.992 repaired=1/10 live=1/6 naive=1/10 by_depth=1:1/10 (13s)
--- attr-j4-s0 done in 13s
=== attr-j4-s1 ===
[attr-j4-s1] corrupted cells exercised by the training set: 5/10 rs_carry_e:1/4 rs_carry_t:2/4 sel:2/2
[attr-j4-s1] mod=323 S=3 L=6 recip=oracle T=1 train=250 held=38 params=97,148 cells=1072 reduce_op_depth=5 op_depth=7 full_op_depth=7
[attr-j4-s1] step=     0 loss=nan train_exact=0.032 held_exact=0.000 train_exact_hard=0.032 held_exact_hard=0.000 held_div=0.895 tbl=0.991 repaired=0/10 live=0/5 naive=0/10 by_depth=1:0/10 (0s)
[attr-j4-s1] step=  2000 loss=0.00095 train_exact=0.996 held_exact=0.763 train_exact_hard=0.812 held_exact_hard=0.579 held_div=0.895 tbl=0.979 repaired=0/10 live=0/5 naive=0/10 by_depth=1:0/10 (13s)
--- attr-j4-s1 done in 13s
=== attr-j4-s2 ===
[attr-j4-s2] corrupted cells exercised by the training set: 6/10 rs_carry_e:3/4 rs_carry_t:1/4 sel:2/2
[attr-j4-s2] mod=323 S=3 L=6 recip=oracle T=1 train=250 held=38 params=97,148 cells=1072 reduce_op_depth=5 op_depth=7 full_op_depth=7
[attr-j4-s2] step=     0 loss=nan train_exact=0.900 held_exact=0.921 train_exact_hard=0.900 held_exact_hard=0.921 held_div=0.868 tbl=0.991 repaired=0/10 live=0/6 naive=0/10 by_depth=1:0/10 (0s)
[attr-j4-s2] step=  2000 loss=0.52499 train_exact=0.952 held_exact=0.947 train_exact_hard=0.952 held_exact_hard=0.947 held_div=0.842 tbl=0.992 repaired=1/10 live=1/6 naive=1/10 by_depth=1:1/10 (13s)
--- attr-j4-s2 done in 13s
=== attr-j4-s3 ===
[attr-j4-s3] corrupted cells exercised by the training set: 7/10 rs_carry_e:4/4 rs_carry_t:1/4 sel:2/2
[attr-j4-s3] mod=323 S=3 L=6 recip=oracle T=1 train=250 held=38 params=97,148 cells=1072 reduce_op_depth=5 op_depth=7 full_op_depth=7
[attr-j4-s3] step=     0 loss=nan train_exact=0.824 held_exact=0.737 train_exact_hard=0.824 held_exact_hard=0.737 held_div=0.895 tbl=0.991 repaired=0/10 live=0/7 naive=0/10 by_depth=1:0/10 (0s)
[attr-j4-s3] step=  2000 loss=0.00000 train_exact=1.000 held_exact=0.868 train_exact_hard=0.916 held_exact_hard=0.711 held_div=0.868 tbl=0.992 repaired=1/10 live=1/7 naive=1/10 by_depth=1:1/10 (13s)
--- attr-j4-s3 done in 13s
=== attr-j8-s0 ===
[attr-j8-s0] corrupted cells exercised by the training set: 11/18 rs_carry_e:5/8 rs_carry_t:4/8 sel:2/2
[attr-j8-s0] mod=323 S=3 L=6 recip=oracle T=1 train=250 held=38 params=97,148 cells=1072 reduce_op_depth=5 op_depth=7 full_op_depth=7
[attr-j8-s0] step=     0 loss=nan train_exact=0.096 held_exact=0.053 train_exact_hard=0.084 held_exact_hard=0.053 held_div=0.868 tbl=0.983 repaired=0/18 live=0/11 naive=0/18 by_depth=1:0/18 (0s)
[attr-j8-s0] step=  2000 loss=0.03018 train_exact=0.988 held_exact=0.789 train_exact_hard=0.852 held_exact_hard=0.711 held_div=0.895 tbl=0.983 repaired=2/18 live=2/11 naive=2/18 by_depth=1:2/18 (13s)
--- attr-j8-s0 done in 13s
=== attr-j8-s1 ===
[attr-j8-s1] corrupted cells exercised by the training set: 11/18 rs_carry_e:4/8 rs_carry_t:5/8 sel:2/2
[attr-j8-s1] mod=323 S=3 L=6 recip=oracle T=1 train=250 held=38 params=97,148 cells=1072 reduce_op_depth=5 op_depth=7 full_op_depth=7
[attr-j8-s1] step=     0 loss=nan train_exact=0.020 held_exact=0.000 train_exact_hard=0.020 held_exact_hard=0.000 held_div=0.921 tbl=0.983 repaired=0/18 live=0/11 naive=0/18 by_depth=1:0/18 (0s)
[attr-j8-s1] step=  2000 loss=0.00001 train_exact=0.992 held_exact=0.763 train_exact_hard=0.712 held_exact_hard=0.632 held_div=0.868 tbl=0.973 repaired=0/18 live=0/11 naive=0/18 by_depth=1:0/18 (13s)
--- attr-j8-s1 done in 13s
=== attr-j8-s2 ===
[attr-j8-s2] corrupted cells exercised by the training set: 10/18 rs_carry_e:5/8 rs_carry_t:3/8 sel:2/2
[attr-j8-s2] mod=323 S=3 L=6 recip=oracle T=1 train=250 held=38 params=97,148 cells=1072 reduce_op_depth=5 op_depth=7 full_op_depth=7
[attr-j8-s2] step=     0 loss=nan train_exact=0.648 held_exact=0.632 train_exact_hard=0.648 held_exact_hard=0.632 held_div=0.921 tbl=0.983 repaired=0/18 live=0/10 naive=0/18 by_depth=1:0/18 (0s)
[attr-j8-s2] step=  2000 loss=0.00000 train_exact=0.996 held_exact=0.974 train_exact_hard=0.836 held_exact_hard=0.895 held_div=0.868 tbl=0.981 repaired=0/18 live=0/10 naive=0/18 by_depth=1:0/18 (13s)
--- attr-j8-s2 done in 13s
=== attr-j8-s3 ===
[attr-j8-s3] corrupted cells exercised by the training set: 10/18 rs_carry_e:7/8 rs_carry_t:1/8 sel:2/2
[attr-j8-s3] mod=323 S=3 L=6 recip=oracle T=1 train=250 held=38 params=97,148 cells=1072 reduce_op_depth=5 op_depth=7 full_op_depth=7
[attr-j8-s3] step=     0 loss=nan train_exact=0.712 held_exact=0.684 train_exact_hard=0.712 held_exact_hard=0.684 held_div=0.868 tbl=0.983 repaired=0/18 live=0/10 naive=0/18 by_depth=1:0/18 (0s)
[attr-j8-s3] step=  2000 loss=0.00000 train_exact=1.000 held_exact=0.947 train_exact_hard=1.000 held_exact_hard=0.974 held_div=0.816 tbl=0.983 repaired=1/18 live=1/10 naive=1/18 by_depth=1:1/18 (13s)
--- attr-j8-s3 done in 13s
=== attr-j16-s0 ===
[attr-j16-s0] corrupted cells exercised by the training set: 17/34 rs_carry_e:8/16 rs_carry_t:7/16 sel:2/2
[attr-j16-s0] mod=323 S=3 L=6 recip=oracle T=1 train=250 held=38 params=97,148 cells=1072 reduce_op_depth=5 op_depth=7 full_op_depth=7
[attr-j16-s0] step=     0 loss=nan train_exact=0.068 held_exact=0.026 train_exact_hard=0.056 held_exact_hard=0.026 held_div=0.947 tbl=0.968 repaired=0/34 live=0/17 naive=0/34 by_depth=1:0/34 (0s)
[attr-j16-s0] step=  2000 loss=0.07520 train_exact=0.984 held_exact=0.553 train_exact_hard=0.716 held_exact_hard=0.316 held_div=0.974 tbl=0.956 repaired=0/34 live=0/17 naive=0/34 by_depth=1:0/34 (13s)
--- attr-j16-s0 done in 13s
=== attr-j16-s1 ===
[attr-j16-s1] corrupted cells exercised by the training set: 19/34 rs_carry_e:8/16 rs_carry_t:9/16 sel:2/2
[attr-j16-s1] mod=323 S=3 L=6 recip=oracle T=1 train=250 held=38 params=97,148 cells=1072 reduce_op_depth=5 op_depth=7 full_op_depth=7
[attr-j16-s1] step=     0 loss=nan train_exact=0.012 held_exact=0.000 train_exact_hard=0.012 held_exact_hard=0.000 held_div=0.921 tbl=0.968 repaired=0/34 live=0/19 naive=0/34 by_depth=1:0/34 (0s)
[attr-j16-s1] step=  2000 loss=0.00186 train_exact=0.992 held_exact=0.711 train_exact_hard=0.668 held_exact_hard=0.395 held_div=0.842 tbl=0.965 repaired=0/34 live=0/19 naive=0/34 by_depth=1:0/34 (13s)
--- attr-j16-s1 done in 13s
=== attr-j16-s2 ===
[attr-j16-s2] corrupted cells exercised by the training set: 19/34 rs_carry_e:10/16 rs_carry_t:7/16 sel:2/2
[attr-j16-s2] mod=323 S=3 L=6 recip=oracle T=1 train=250 held=38 params=97,148 cells=1072 reduce_op_depth=5 op_depth=7 full_op_depth=7
[attr-j16-s2] step=     0 loss=nan train_exact=0.292 held_exact=0.211 train_exact_hard=0.280 held_exact_hard=0.211 held_div=0.947 tbl=0.968 repaired=0/34 live=0/19 naive=0/34 by_depth=1:0/34 (0s)
[attr-j16-s2] step=  2000 loss=0.00000 train_exact=1.000 held_exact=0.763 train_exact_hard=0.768 held_exact_hard=0.579 held_div=0.895 tbl=0.967 repaired=1/34 live=1/19 naive=1/34 by_depth=1:1/34 (13s)
--- attr-j16-s2 done in 13s
=== attr-j16-s3 ===
[attr-j16-s3] corrupted cells exercised by the training set: 16/34 rs_carry_e:10/16 rs_carry_t:4/16 sel:2/2
[attr-j16-s3] mod=323 S=3 L=6 recip=oracle T=1 train=250 held=38 params=97,148 cells=1072 reduce_op_depth=5 op_depth=7 full_op_depth=7
[attr-j16-s3] step=     0 loss=nan train_exact=0.204 held_exact=0.158 train_exact_hard=0.148 held_exact_hard=0.132 held_div=0.921 tbl=0.968 repaired=0/34 live=0/16 naive=0/34 by_depth=1:0/34 (0s)
[attr-j16-s3] step=  2000 loss=0.00000 train_exact=1.000 held_exact=0.921 train_exact_hard=0.792 held_exact_hard=0.816 held_div=0.868 tbl=0.964 repaired=0/34 live=0/16 naive=0/34 by_depth=1:0/34 (13s)
--- attr-j16-s3 done in 13s
