# cmd: /home/scratch.arohan_hw/git/one-layer-deeper/.venv/bin/python -m benchmark.runner --manifest /home/scratch.arohan_hw/git/one-layer-deeper/.worktrees/hf-digitalu-hf1/lab/manifests/lab_hf1_fs40000_s74.json --submission-file /home/scratch.arohan_hw/git/one-layer-deeper/.worktrees/hf-digitalu-hf1/submissions/hard-digitalu-hf1/ref/d512_L1_e0.02_lr0.001_b512_fit/submission.py
# rc=0
# submission: /home/scratch.arohan_hw/git/one-layer-deeper/.worktrees/hf-digitalu-hf1/submissions/hard-digitalu-hf1/ref/d512_L1_e0.02_lr0.001_b512_fit/submission.py
# manifest: /home/scratch.arohan_hw/git/one-layer-deeper/.worktrees/hf-digitalu-hf1/lab/manifests/lab_hf1_fs40000_s74.json
--- stdout ---
{
  "manifest": "lab_hf1_fs40000_s74",
  "model_spec": {
    "vocab_size": 17,
    "max_seq_len": 19,
    "maximum_model_state_elements": 500000000
  },
  "training_batch_size": 512,
  "evaluation_batch_size": 512,
  "max_training_steps": 40000,
  "total_training_time_seconds": 100000.0,
  "training_time_seconds_per_seed": 100000.0,
  "evaluation_time_seconds_per_seed": 50000.0,
  "seeds": [
    74
  ]
}
step=1 loss=3.000318 accuracy=0.000000 elapsed=6.4s budget=100000.0s
step=100 loss=2.185850 accuracy=0.000000 elapsed=7.9s budget=100000.0s
step=200 loss=2.199232 accuracy=0.000000 elapsed=8.5s budget=100000.0s
step=300 loss=2.190894 accuracy=0.000000 elapsed=9.0s budget=100000.0s
step=400 loss=2.193759 accuracy=0.000000 elapsed=9.4s budget=100000.0s
step=500 loss=2.195066 accuracy=0.000000 elapsed=10.0s budget=100000.0s
step=600 loss=2.212135 accuracy=0.000000 elapsed=10.5s budget=100000.0s
step=700 loss=2.185647 accuracy=0.000000 elapsed=10.9s budget=100000.0s
step=800 loss=2.196966 accuracy=0.000000 elapsed=11.4s budget=100000.0s
step=900 loss=2.199675 accuracy=0.000000 elapsed=11.9s budget=100000.0s
step=1000 loss=2.192957 accuracy=0.000000 elapsed=12.5s budget=100000.0s
step=1100 loss=2.194663 accuracy=0.000000 elapsed=13.0s budget=100000.0s
step=1200 loss=2.178060 accuracy=0.000000 elapsed=13.4s budget=100000.0s
step=1300 loss=2.185061 accuracy=0.000000 elapsed=13.9s budget=100000.0s
step=1400 loss=2.172630 accuracy=0.000000 elapsed=14.3s budget=100000.0s
step=1500 loss=2.178008 accuracy=0.000000 elapsed=15.0s budget=100000.0s
step=1600 loss=2.175228 accuracy=0.000000 elapsed=15.4s budget=100000.0s
step=1700 loss=2.181945 accuracy=0.000000 elapsed=15.9s budget=100000.0s
step=1800 loss=2.180207 accuracy=0.000000 elapsed=16.3s budget=100000.0s
step=1900 loss=2.164062 accuracy=0.000000 elapsed=16.9s budget=100000.0s
step=2000 loss=2.170729 accuracy=0.000000 elapsed=17.4s budget=100000.0s
step=2100 loss=2.162043 accuracy=0.000000 elapsed=18.0s budget=100000.0s
step=2200 loss=2.178231 accuracy=0.000000 elapsed=18.5s budget=100000.0s
step=2300 loss=2.166348 accuracy=0.000000 elapsed=18.9s budget=100000.0s
step=2400 loss=2.164885 accuracy=0.000000 elapsed=19.5s budget=100000.0s
step=2500 loss=2.173165 accuracy=0.000000 elapsed=20.0s budget=100000.0s
step=2600 loss=2.183254 accuracy=0.000000 elapsed=20.5s budget=100000.0s
step=2700 loss=2.166196 accuracy=0.000000 elapsed=20.9s budget=100000.0s
step=2800 loss=2.168331 accuracy=0.000000 elapsed=21.4s budget=100000.0s
step=2900 loss=2.174154 accuracy=0.000000 elapsed=22.0s budget=100000.0s
step=3000 loss=2.186942 accuracy=0.000000 elapsed=22.5s budget=100000.0s
step=3100 loss=2.187194 accuracy=0.000000 elapsed=23.0s budget=100000.0s
step=3200 loss=2.172667 accuracy=0.000000 elapsed=23.6s budget=100000.0s
step=3300 loss=2.167671 accuracy=0.000000 elapsed=24.2s budget=100000.0s
step=3400 loss=2.173714 accuracy=0.000000 elapsed=24.8s budget=100000.0s
step=3500 loss=2.168802 accuracy=0.000000 elapsed=25.3s budget=100000.0s
step=3600 loss=2.173320 accuracy=0.000000 elapsed=25.8s budget=100000.0s
step=3700 loss=2.166536 accuracy=0.000000 elapsed=26.2s budget=100000.0s
step=3800 loss=2.168288 accuracy=0.000000 elapsed=26.9s budget=100000.0s
step=3900 loss=2.175279 accuracy=0.000000 elapsed=27.4s budget=100000.0s
step=4000 loss=2.169268 accuracy=0.000000 elapsed=27.8s budget=100000.0s
step=4100 loss=2.166258 accuracy=0.000000 elapsed=28.3s budget=100000.0s
step=4200 loss=2.166938 accuracy=0.000000 elapsed=28.8s budget=100000.0s
step=4300 loss=2.172216 accuracy=0.000000 elapsed=29.6s budget=100000.0s
step=4400 loss=2.167103 accuracy=0.000000 elapsed=30.0s budget=100000.0s
step=4500 loss=2.173650 accuracy=0.000000 elapsed=30.6s budget=100000.0s
step=4600 loss=2.174313 accuracy=0.001953 elapsed=31.0s budget=100000.0s
step=4700 loss=2.173904 accuracy=0.000000 elapsed=31.5s budget=100000.0s
step=4800 loss=2.146051 accuracy=0.000000 elapsed=32.1s budget=100000.0s
step=4900 loss=2.168314 accuracy=0.000000 elapsed=32.6s budget=100000.0s
step=5000 loss=2.175039 accuracy=0.000000 elapsed=33.1s budget=100000.0s
step=5100 loss=2.185231 accuracy=0.000000 elapsed=33.8s budget=100000.0s
step=5200 loss=2.176334 accuracy=0.000000 elapsed=34.2s budget=100000.0s
step=5300 loss=2.173966 accuracy=0.000000 elapsed=34.9s budget=100000.0s
step=5400 loss=2.185831 accuracy=0.000000 elapsed=35.4s budget=100000.0s
step=5500 loss=2.167206 accuracy=0.000000 elapsed=35.9s budget=100000.0s
step=5600 loss=2.177493 accuracy=0.000000 elapsed=36.3s budget=100000.0s
step=5700 loss=2.172811 accuracy=0.000000 elapsed=37.1s budget=100000.0s
step=5800 loss=2.177411 accuracy=0.000000 elapsed=37.6s budget=100000.0s
step=5900 loss=2.175442 accuracy=0.000000 elapsed=38.2s budget=100000.0s
step=6000 loss=2.166595 accuracy=0.000000 elapsed=38.7s budget=100000.0s
step=6100 loss=2.182503 accuracy=0.000000 elapsed=39.1s budget=100000.0s
step=6200 loss=2.168732 accuracy=0.000000 elapsed=39.7s budget=100000.0s
step=6300 loss=2.176177 accuracy=0.000000 elapsed=40.4s budget=100000.0s
step=6400 loss=2.162622 accuracy=0.000000 elapsed=40.9s budget=100000.0s
step=6500 loss=2.166166 accuracy=0.000000 elapsed=41.4s budget=100000.0s
step=6600 loss=2.182750 accuracy=0.000000 elapsed=41.9s budget=100000.0s
step=6700 loss=2.169880 accuracy=0.000000 elapsed=42.5s budget=100000.0s
step=6800 loss=2.170107 accuracy=0.000000 elapsed=43.1s budget=100000.0s
step=6900 loss=2.177629 accuracy=0.001953 elapsed=44.2s budget=100000.0s
step=7000 loss=2.172544 accuracy=0.000000 elapsed=44.9s budget=100000.0s
step=7100 loss=2.179602 accuracy=0.000000 elapsed=45.6s budget=100000.0s
step=7200 loss=2.173526 accuracy=0.000000 elapsed=46.4s budget=100000.0s
step=7300 loss=2.176842 accuracy=0.000000 elapsed=47.1s budget=100000.0s
step=7400 loss=2.167773 accuracy=0.000000 elapsed=48.2s budget=100000.0s
step=7500 loss=2.169348 accuracy=0.000000 elapsed=48.9s budget=100000.0s
step=7600 loss=2.172816 accuracy=0.000000 elapsed=49.5s budget=100000.0s
step=7700 loss=2.159079 accuracy=0.000000 elapsed=50.0s budget=100000.0s
step=7800 loss=2.175282 accuracy=0.000000 elapsed=50.5s budget=100000.0s
step=7900 loss=2.170191 accuracy=0.000000 elapsed=50.9s budget=100000.0s
step=8000 loss=2.170292 accuracy=0.001953 elapsed=51.4s budget=100000.0s
step=8100 loss=2.177828 accuracy=0.000000 elapsed=52.0s budget=100000.0s
step=8200 loss=2.178828 accuracy=0.000000 elapsed=52.5s budget=100000.0s
step=8300 loss=2.183208 accuracy=0.000000 elapsed=53.0s budget=100000.0s
step=8400 loss=2.171353 accuracy=0.000000 elapsed=53.4s budget=100000.0s
step=8500 loss=2.178169 accuracy=0.000000 elapsed=53.9s budget=100000.0s
step=8600 loss=2.155209 accuracy=0.000000 elapsed=54.5s budget=100000.0s
step=8700 loss=2.169150 accuracy=0.000000 elapsed=55.0s budget=100000.0s
step=8800 loss=2.165504 accuracy=0.000000 elapsed=55.4s budget=100000.0s
step=8900 loss=2.165929 accuracy=0.000000 elapsed=55.9s budget=100000.0s
step=9000 loss=2.165133 accuracy=0.000000 elapsed=56.4s budget=100000.0s
step=9100 loss=2.166118 accuracy=0.000000 elapsed=57.0s budget=100000.0s
step=9200 loss=2.176474 accuracy=0.000000 elapsed=57.5s budget=100000.0s
step=9300 loss=2.176338 accuracy=0.001953 elapsed=58.0s budget=100000.0s
step=9400 loss=2.167124 accuracy=0.001953 elapsed=58.4s budget=100000.0s
step=9500 loss=2.173670 accuracy=0.000000 elapsed=59.0s budget=100000.0s
step=9600 loss=2.174645 accuracy=0.001953 elapsed=59.5s budget=100000.0s
step=9700 loss=2.172182 accuracy=0.000000 elapsed=60.0s budget=100000.0s
step=9800 loss=2.176125 accuracy=0.000000 elapsed=60.4s budget=100000.0s
step=9900 loss=2.175419 accuracy=0.000000 elapsed=60.9s budget=100000.0s
step=10000 loss=2.171407 accuracy=0.000000 elapsed=61.5s budget=100000.0s
step=10100 loss=2.168322 accuracy=0.000000 elapsed=62.0s budget=100000.0s
step=10200 loss=2.168720 accuracy=0.000000 elapsed=62.5s budget=100000.0s
step=10300 loss=2.180170 accuracy=0.000000 elapsed=63.0s budget=100000.0s
step=10400 loss=2.161076 accuracy=0.000000 elapsed=63.4s budget=100000.0s
step=10500 loss=2.172968 accuracy=0.000000 elapsed=64.0s budget=100000.0s
step=10600 loss=2.172084 accuracy=0.000000 elapsed=64.5s budget=100000.0s
step=10700 loss=2.178896 accuracy=0.000000 elapsed=65.0s budget=100000.0s
step=10800 loss=2.160178 accuracy=0.000000 elapsed=65.4s budget=100000.0s
step=10900 loss=2.181572 accuracy=0.000000 elapsed=65.9s budget=100000.0s
step=11000 loss=2.161640 accuracy=0.000000 elapsed=66.5s budget=100000.0s
step=11100 loss=2.169527 accuracy=0.000000 elapsed=66.9s budget=100000.0s
step=11200 loss=2.165590 accuracy=0.000000 elapsed=67.4s budget=100000.0s
step=11300 loss=2.165469 accuracy=0.001953 elapsed=67.8s budget=100000.0s
step=11400 loss=2.168761 accuracy=0.000000 elapsed=68.4s budget=100000.0s
step=11500 loss=2.177196 accuracy=0.000000 elapsed=68.9s budget=100000.0s
step=11600 loss=2.159880 accuracy=0.000000 elapsed=69.4s budget=100000.0s
step=11700 loss=2.158134 accuracy=0.000000 elapsed=69.8s budget=100000.0s
step=11800 loss=2.172884 accuracy=0.000000 elapsed=70.3s budget=100000.0s
step=11900 loss=2.164057 accuracy=0.000000 elapsed=70.9s budget=100000.0s
step=12000 loss=2.162808 accuracy=0.000000 elapsed=71.5s budget=100000.0s
step=12100 loss=2.169407 accuracy=0.000000 elapsed=72.0s budget=100000.0s
step=12200 loss=2.184433 accuracy=0.000000 elapsed=72.6s budget=100000.0s
step=12300 loss=2.173976 accuracy=0.000000 elapsed=73.1s budget=100000.0s
step=12400 loss=2.178150 accuracy=0.000000 elapsed=73.7s budget=100000.0s
step=12500 loss=2.172022 accuracy=0.000000 elapsed=74.2s budget=100000.0s
step=12600 loss=2.169065 accuracy=0.000000 elapsed=74.6s budget=100000.0s
step=12700 loss=2.171747 accuracy=0.000000 elapsed=75.1s budget=100000.0s
step=12800 loss=2.167783 accuracy=0.000000 elapsed=75.7s budget=100000.0s
step=12900 loss=2.179298 accuracy=0.000000 elapsed=76.1s budget=100000.0s
step=13000 loss=2.164097 accuracy=0.001953 elapsed=76.6s budget=100000.0s
step=13100 loss=2.169858 accuracy=0.000000 elapsed=77.1s budget=100000.0s
step=13200 loss=2.162329 accuracy=0.000000 elapsed=77.5s budget=100000.0s
step=13300 loss=2.170699 accuracy=0.000000 elapsed=78.2s budget=100000.0s
step=13400 loss=2.171910 accuracy=0.000000 elapsed=78.9s budget=100000.0s
step=13500 loss=2.157127 accuracy=0.000000 elapsed=79.3s budget=100000.0s
step=13600 loss=2.168634 accuracy=0.000000 elapsed=79.8s budget=100000.0s
step=13700 loss=2.169700 accuracy=0.000000 elapsed=80.2s budget=100000.0s
step=13800 loss=2.171873 accuracy=0.000000 elapsed=80.8s budget=100000.0s
step=13900 loss=2.171547 accuracy=0.000000 elapsed=81.3s budget=100000.0s
step=14000 loss=2.169636 accuracy=0.000000 elapsed=81.8s budget=100000.0s
step=14100 loss=2.177886 accuracy=0.000000 elapsed=82.2s budget=100000.0s
step=14200 loss=2.175960 accuracy=0.000000 elapsed=82.7s budget=100000.0s
step=14300 loss=2.179044 accuracy=0.000000 elapsed=83.3s budget=100000.0s
step=14400 loss=2.164639 accuracy=0.000000 elapsed=83.7s budget=100000.0s
step=14500 loss=2.171470 accuracy=0.000000 elapsed=84.2s budget=100000.0s
step=14600 loss=2.175125 accuracy=0.000000 elapsed=84.7s budget=100000.0s
step=14700 loss=2.166374 accuracy=0.000000 elapsed=85.2s budget=100000.0s
step=14800 loss=2.177127 accuracy=0.000000 elapsed=85.7s budget=100000.0s
step=14900 loss=2.169296 accuracy=0.000000 elapsed=86.2s budget=100000.0s
step=15000 loss=2.181557 accuracy=0.000000 elapsed=86.6s budget=100000.0s
step=15100 loss=2.163945 accuracy=0.000000 elapsed=87.1s budget=100000.0s
step=15200 loss=2.177615 accuracy=0.000000 elapsed=87.7s budget=100000.0s
step=15300 loss=2.169482 accuracy=0.000000 elapsed=88.2s budget=100000.0s
step=15400 loss=2.171536 accuracy=0.000000 elapsed=88.6s budget=100000.0s
step=15500 loss=2.176704 accuracy=0.000000 elapsed=89.1s budget=100000.0s
step=15600 loss=2.162353 accuracy=0.000000 elapsed=89.5s budget=100000.0s
step=15700 loss=2.171752 accuracy=0.000000 elapsed=90.1s budget=100000.0s
step=15800 loss=2.170346 accuracy=0.000000 elapsed=90.6s budget=100000.0s
step=15900 loss=2.178701 accuracy=0.000000 elapsed=91.1s budget=100000.0s
step=16000 loss=2.169753 accuracy=0.000000 elapsed=91.5s budget=100000.0s
step=16100 loss=2.160739 accuracy=0.000000 elapsed=91.9s budget=100000.0s
step=16200 loss=2.167003 accuracy=0.001953 elapsed=92.6s budget=100000.0s
step=16300 loss=2.167369 accuracy=0.000000 elapsed=93.0s budget=100000.0s
step=16400 loss=2.164503 accuracy=0.000000 elapsed=93.5s budget=100000.0s
step=16500 loss=2.164367 accuracy=0.000000 elapsed=93.9s budget=100000.0s
step=16600 loss=2.162411 accuracy=0.000000 elapsed=94.6s budget=100000.0s
step=16700 loss=2.168506 accuracy=0.000000 elapsed=95.2s budget=100000.0s
step=16800 loss=2.176384 accuracy=0.000000 elapsed=95.7s budget=100000.0s
step=16900 loss=2.160919 accuracy=0.000000 elapsed=96.2s budget=100000.0s
step=17000 loss=2.175930 accuracy=0.000000 elapsed=96.7s budget=100000.0s
step=17100 loss=2.174510 accuracy=0.000000 elapsed=97.3s budget=100000.0s
step=17200 loss=2.175038 accuracy=0.000000 elapsed=97.8s budget=100000.0s
step=17300 loss=2.184452 accuracy=0.000000 elapsed=98.3s budget=100000.0s
step=17400 loss=2.164481 accuracy=0.000000 elapsed=98.8s budget=100000.0s
step=17500 loss=2.171961 accuracy=0.000000 elapsed=99.2s budget=100000.0s
step=17600 loss=2.169607 accuracy=0.000000 elapsed=99.8s budget=100000.0s
step=17700 loss=2.160936 accuracy=0.000000 elapsed=100.3s budget=100000.0s
step=17800 loss=2.174086 accuracy=0.000000 elapsed=100.7s budget=100000.0s
step=17900 loss=2.175636 accuracy=0.000000 elapsed=101.2s budget=100000.0s
step=18000 loss=2.171083 accuracy=0.000000 elapsed=101.6s budget=100000.0s
step=18100 loss=2.171840 accuracy=0.000000 elapsed=102.3s budget=100000.0s
step=18200 loss=2.172750 accuracy=0.000000 elapsed=102.9s budget=100000.0s
step=18300 loss=2.164914 accuracy=0.000000 elapsed=103.3s budget=100000.0s
step=18400 loss=2.176348 accuracy=0.000000 elapsed=103.8s budget=100000.0s
step=18500 loss=2.174921 accuracy=0.000000 elapsed=104.4s budget=100000.0s
step=18600 loss=2.175365 accuracy=0.000000 elapsed=104.9s budget=100000.0s
step=18700 loss=2.178121 accuracy=0.000000 elapsed=105.4s budget=100000.0s
step=18800 loss=2.165317 accuracy=0.000000 elapsed=105.8s budget=100000.0s
step=18900 loss=2.165083 accuracy=0.000000 elapsed=106.3s budget=100000.0s
step=19000 loss=2.183459 accuracy=0.000000 elapsed=106.9s budget=100000.0s
step=19100 loss=2.160530 accuracy=0.000000 elapsed=107.3s budget=100000.0s
step=19200 loss=2.170444 accuracy=0.000000 elapsed=107.8s budget=100000.0s
step=19300 loss=2.168793 accuracy=0.000000 elapsed=108.3s budget=100000.0s
step=19400 loss=2.170237 accuracy=0.000000 elapsed=108.7s budget=100000.0s
step=19500 loss=2.166163 accuracy=0.000000 elapsed=109.3s budget=100000.0s
step=19600 loss=2.173612 accuracy=0.000000 elapsed=109.8s budget=100000.0s
step=19700 loss=2.168292 accuracy=0.000000 elapsed=110.3s budget=100000.0s
step=19800 loss=2.173398 accuracy=0.000000 elapsed=110.7s budget=100000.0s
step=19900 loss=2.161083 accuracy=0.000000 elapsed=111.2s budget=100000.0s
step=20000 loss=2.163800 accuracy=0.000000 elapsed=111.8s budget=100000.0s
step=20100 loss=2.173012 accuracy=0.000000 elapsed=112.3s budget=100000.0s
step=20200 loss=2.173299 accuracy=0.000000 elapsed=112.7s budget=100000.0s
step=20300 loss=2.176777 accuracy=0.000000 elapsed=113.2s budget=100000.0s
step=20400 loss=2.161790 accuracy=0.000000 elapsed=113.7s budget=100000.0s
step=20500 loss=2.167741 accuracy=0.000000 elapsed=114.2s budget=100000.0s
step=20600 loss=2.153919 accuracy=0.000000 elapsed=114.7s budget=100000.0s
step=20700 loss=2.168935 accuracy=0.000000 elapsed=115.2s budget=100000.0s
step=20800 loss=2.171556 accuracy=0.000000 elapsed=115.6s budget=100000.0s
step=20900 loss=2.176330 accuracy=0.000000 elapsed=116.2s budget=100000.0s
step=21000 loss=2.170490 accuracy=0.000000 elapsed=116.7s budget=100000.0s
step=21100 loss=2.170800 accuracy=0.000000 elapsed=117.2s budget=100000.0s
step=21200 loss=2.160752 accuracy=0.000000 elapsed=117.7s budget=100000.0s
step=21300 loss=2.160070 accuracy=0.000000 elapsed=118.1s budget=100000.0s
step=21400 loss=2.177918 accuracy=0.000000 elapsed=118.7s budget=100000.0s
step=21500 loss=2.168885 accuracy=0.000000 elapsed=119.2s budget=100000.0s
step=21600 loss=2.162377 accuracy=0.000000 elapsed=119.7s budget=100000.0s
step=21700 loss=2.183383 accuracy=0.000000 elapsed=120.1s budget=100000.0s
step=21800 loss=2.165182 accuracy=0.000000 elapsed=120.6s budget=100000.0s
step=21900 loss=2.164155 accuracy=0.000000 elapsed=121.2s budget=100000.0s
step=22000 loss=2.173128 accuracy=0.000000 elapsed=121.7s budget=100000.0s
step=22100 loss=2.167893 accuracy=0.000000 elapsed=122.1s budget=100000.0s
step=22200 loss=2.170817 accuracy=0.000000 elapsed=122.6s budget=100000.0s
step=22300 loss=2.160186 accuracy=0.000000 elapsed=123.2s budget=100000.0s
step=22400 loss=2.167977 accuracy=0.000000 elapsed=123.7s budget=100000.0s
step=22500 loss=2.178315 accuracy=0.000000 elapsed=124.2s budget=100000.0s
step=22600 loss=2.157038 accuracy=0.000000 elapsed=124.8s budget=100000.0s
step=22700 loss=2.180515 accuracy=0.000000 elapsed=125.2s budget=100000.0s
step=22800 loss=2.161286 accuracy=0.000000 elapsed=125.8s budget=100000.0s
step=22900 loss=2.166890 accuracy=0.000000 elapsed=126.3s budget=100000.0s
step=23000 loss=2.165732 accuracy=0.000000 elapsed=126.8s budget=100000.0s
step=23100 loss=2.168882 accuracy=0.000000 elapsed=127.2s budget=100000.0s
step=23200 loss=2.179366 accuracy=0.000000 elapsed=127.7s budget=100000.0s
step=23300 loss=2.174021 accuracy=0.000000 elapsed=128.3s budget=100000.0s
step=23400 loss=2.172051 accuracy=0.000000 elapsed=128.8s budget=100000.0s
step=23500 loss=2.163791 accuracy=0.000000 elapsed=129.2s budget=100000.0s
step=23600 loss=2.155651 accuracy=0.000000 elapsed=129.7s budget=100000.0s
step=23700 loss=2.159472 accuracy=0.000000 elapsed=130.1s budget=100000.0s
step=23800 loss=2.173295 accuracy=0.000000 elapsed=130.7s budget=100000.0s
step=23900 loss=2.164725 accuracy=0.000000 elapsed=131.2s budget=100000.0s
step=24000 loss=2.174626 accuracy=0.000000 elapsed=131.7s budget=100000.0s
step=24100 loss=2.167926 accuracy=0.000000 elapsed=132.1s budget=100000.0s
step=24200 loss=2.167124 accuracy=0.000000 elapsed=132.7s budget=100000.0s
step=24300 loss=2.169653 accuracy=0.000000 elapsed=133.2s budget=100000.0s
step=24400 loss=2.180273 accuracy=0.000000 elapsed=133.6s budget=100000.0s
step=24500 loss=2.169907 accuracy=0.000000 elapsed=134.1s budget=100000.0s
step=24600 loss=2.180041 accuracy=0.000000 elapsed=134.5s budget=100000.0s
step=24700 loss=2.161550 accuracy=0.000000 elapsed=135.1s budget=100000.0s
step=24800 loss=2.173597 accuracy=0.001953 elapsed=135.6s budget=100000.0s
step=24900 loss=2.170160 accuracy=0.000000 elapsed=136.1s budget=100000.0s
step=25000 loss=2.165192 accuracy=0.000000 elapsed=136.6s budget=100000.0s
step=25100 loss=2.166856 accuracy=0.000000 elapsed=137.0s budget=100000.0s
step=25200 loss=2.179431 accuracy=0.000000 elapsed=137.7s budget=100000.0s
step=25300 loss=2.177586 accuracy=0.000000 elapsed=138.1s budget=100000.0s
step=25400 loss=2.171936 accuracy=0.000000 elapsed=138.6s budget=100000.0s
step=25500 loss=2.174255 accuracy=0.000000 elapsed=139.1s budget=100000.0s
step=25600 loss=2.173681 accuracy=0.000000 elapsed=139.6s budget=100000.0s
step=25700 loss=2.175575 accuracy=0.000000 elapsed=140.1s budget=100000.0s
step=25800 loss=2.174594 accuracy=0.000000 elapsed=140.7s budget=100000.0s
step=25900 loss=2.164753 accuracy=0.000000 elapsed=141.1s budget=100000.0s
step=26000 loss=2.171919 accuracy=0.000000 elapsed=141.6s budget=100000.0s
step=26100 loss=2.165749 accuracy=0.000000 elapsed=142.2s budget=100000.0s
step=26200 loss=2.177875 accuracy=0.000000 elapsed=142.7s budget=100000.0s
step=26300 loss=2.172482 accuracy=0.000000 elapsed=143.2s budget=100000.0s
step=26400 loss=2.168881 accuracy=0.000000 elapsed=143.7s budget=100000.0s
step=26500 loss=2.170817 accuracy=0.000000 elapsed=144.1s budget=100000.0s
step=26600 loss=2.166435 accuracy=0.000000 elapsed=144.7s budget=100000.0s
step=26700 loss=2.164437 accuracy=0.000000 elapsed=145.2s budget=100000.0s
step=26800 loss=2.165180 accuracy=0.000000 elapsed=145.7s budget=100000.0s
step=26900 loss=2.169101 accuracy=0.000000 elapsed=146.1s budget=100000.0s
step=27000 loss=2.179715 accuracy=0.000000 elapsed=146.6s budget=100000.0s
step=27100 loss=2.168236 accuracy=0.000000 elapsed=147.2s budget=100000.0s
step=27200 loss=2.183195 accuracy=0.000000 elapsed=147.7s budget=100000.0s
step=27300 loss=2.169505 accuracy=0.000000 elapsed=148.1s budget=100000.0s
step=27400 loss=2.173638 accuracy=0.000000 elapsed=148.6s budget=100000.0s
step=27500 loss=2.166695 accuracy=0.000000 elapsed=149.2s budget=100000.0s
step=27600 loss=2.163929 accuracy=0.000000 elapsed=149.7s budget=100000.0s
step=27700 loss=2.171191 accuracy=0.000000 elapsed=150.2s budget=100000.0s
step=27800 loss=2.171125 accuracy=0.000000 elapsed=150.6s budget=100000.0s
step=27900 loss=2.163458 accuracy=0.000000 elapsed=151.1s budget=100000.0s
step=28000 loss=2.166165 accuracy=0.000000 elapsed=151.7s budget=100000.0s
step=28100 loss=2.164822 accuracy=0.000000 elapsed=152.3s budget=100000.0s
step=28200 loss=2.170933 accuracy=0.000000 elapsed=152.9s budget=100000.0s
step=28300 loss=2.170216 accuracy=0.000000 elapsed=153.4s budget=100000.0s
step=28400 loss=2.163195 accuracy=0.000000 elapsed=154.1s budget=100000.0s
step=28500 loss=2.169635 accuracy=0.000000 elapsed=154.7s budget=100000.0s
step=28600 loss=2.168617 accuracy=0.000000 elapsed=155.2s budget=100000.0s
step=28700 loss=2.171515 accuracy=0.000000 elapsed=155.6s budget=100000.0s
step=28800 loss=2.178795 accuracy=0.000000 elapsed=156.1s budget=100000.0s
step=28900 loss=2.168057 accuracy=0.000000 elapsed=156.6s budget=100000.0s
step=29000 loss=2.172878 accuracy=0.000000 elapsed=157.2s budget=100000.0s
step=29100 loss=2.167883 accuracy=0.000000 elapsed=157.7s budget=100000.0s
step=29200 loss=2.172550 accuracy=0.000000 elapsed=158.3s budget=100000.0s
step=29300 loss=2.153597 accuracy=0.001953 elapsed=159.0s budget=100000.0s
step=29400 loss=2.162199 accuracy=0.000000 elapsed=159.8s budget=100000.0s
step=29500 loss=2.162532 accuracy=0.000000 elapsed=160.7s budget=100000.0s
step=29600 loss=2.164701 accuracy=0.000000 elapsed=162.2s budget=100000.0s
step=29700 loss=2.161180 accuracy=0.000000 elapsed=163.1s budget=100000.0s
step=29800 loss=2.157204 accuracy=0.000000 elapsed=164.7s budget=100000.0s
step=29900 loss=2.163898 accuracy=0.000000 elapsed=166.7s budget=100000.0s
step=30000 loss=2.160994 accuracy=0.000000 elapsed=168.6s budget=100000.0s
step=30100 loss=2.166088 accuracy=0.000000 elapsed=170.3s budget=100000.0s
step=30200 loss=2.150792 accuracy=0.000000 elapsed=172.1s budget=100000.0s
step=30300 loss=2.171821 accuracy=0.000000 elapsed=173.8s budget=100000.0s
step=30400 loss=2.162265 accuracy=0.000000 elapsed=175.3s budget=100000.0s
step=30500 loss=2.169362 accuracy=0.000000 elapsed=176.8s budget=100000.0s
step=30600 loss=2.163805 accuracy=0.000000 elapsed=177.8s budget=100000.0s
step=30700 loss=2.169795 accuracy=0.000000 elapsed=178.7s budget=100000.0s
step=30800 loss=2.166535 accuracy=0.000000 elapsed=179.7s budget=100000.0s
step=30900 loss=2.158406 accuracy=0.000000 elapsed=180.7s budget=100000.0s
step=31000 loss=2.151508 accuracy=0.000000 elapsed=181.6s budget=100000.0s
step=31100 loss=2.160068 accuracy=0.000000 elapsed=182.6s budget=100000.0s
step=31200 loss=2.175877 accuracy=0.000000 elapsed=183.6s budget=100000.0s
step=31300 loss=2.169346 accuracy=0.000000 elapsed=184.7s budget=100000.0s
step=31400 loss=2.161676 accuracy=0.000000 elapsed=185.7s budget=100000.0s
step=31500 loss=2.171107 accuracy=0.000000 elapsed=186.6s budget=100000.0s
step=31600 loss=2.171393 accuracy=0.000000 elapsed=187.6s budget=100000.0s
step=31700 loss=2.167727 accuracy=0.000000 elapsed=188.5s budget=100000.0s
step=31800 loss=2.166983 accuracy=0.000000 elapsed=189.6s budget=100000.0s
step=31900 loss=2.159859 accuracy=0.000000 elapsed=190.6s budget=100000.0s
step=32000 loss=2.172971 accuracy=0.000000 elapsed=191.5s budget=100000.0s
step=32100 loss=2.158916 accuracy=0.000000 elapsed=192.5s budget=100000.0s
step=32200 loss=2.166683 accuracy=0.000000 elapsed=193.5s budget=100000.0s
step=32300 loss=2.159549 accuracy=0.000000 elapsed=194.7s budget=100000.0s
step=32400 loss=2.162683 accuracy=0.000000 elapsed=196.0s budget=100000.0s
step=32500 loss=2.158149 accuracy=0.000000 elapsed=197.0s budget=100000.0s
step=32600 loss=2.161957 accuracy=0.001953 elapsed=197.9s budget=100000.0s
step=32700 loss=2.179428 accuracy=0.000000 elapsed=198.8s budget=100000.0s
step=32800 loss=2.164718 accuracy=0.000000 elapsed=199.9s budget=100000.0s
step=32900 loss=2.158022 accuracy=0.000000 elapsed=200.9s budget=100000.0s
step=33000 loss=2.164286 accuracy=0.000000 elapsed=201.9s budget=100000.0s
step=33100 loss=2.158922 accuracy=0.000000 elapsed=202.8s budget=100000.0s
step=33200 loss=2.164566 accuracy=0.000000 elapsed=203.9s budget=100000.0s
step=33300 loss=2.168751 accuracy=0.000000 elapsed=204.9s budget=100000.0s
step=33400 loss=2.164867 accuracy=0.000000 elapsed=205.8s budget=100000.0s
step=33500 loss=2.176059 accuracy=0.000000 elapsed=206.8s budget=100000.0s
step=33600 loss=2.168268 accuracy=0.000000 elapsed=207.7s budget=100000.0s
step=33700 loss=2.161128 accuracy=0.000000 elapsed=208.8s budget=100000.0s
step=33800 loss=2.168160 accuracy=0.000000 elapsed=209.8s budget=100000.0s
step=33900 loss=2.163168 accuracy=0.000000 elapsed=210.8s budget=100000.0s
step=34000 loss=2.167544 accuracy=0.000000 elapsed=212.1s budget=100000.0s
step=34100 loss=2.166579 accuracy=0.000000 elapsed=214.4s budget=100000.0s
step=34200 loss=2.170990 accuracy=0.000000 elapsed=216.9s budget=100000.0s
step=34300 loss=2.161740 accuracy=0.000000 elapsed=219.4s budget=100000.0s
step=34400 loss=2.166632 accuracy=0.000000 elapsed=220.6s budget=100000.0s
step=34500 loss=2.162857 accuracy=0.000000 elapsed=222.5s budget=100000.0s
step=34600 loss=2.177160 accuracy=0.000000 elapsed=224.3s budget=100000.0s
step=34700 loss=2.157457 accuracy=0.000000 elapsed=226.4s budget=100000.0s
step=34800 loss=2.173032 accuracy=0.000000 elapsed=230.9s budget=100000.0s
step=34900 loss=2.175439 accuracy=0.000000 elapsed=234.2s budget=100000.0s
step=35000 loss=2.164651 accuracy=0.000000 elapsed=235.5s budget=100000.0s
step=35100 loss=2.164403 accuracy=0.000000 elapsed=236.8s budget=100000.0s
step=35200 loss=2.154315 accuracy=0.000000 elapsed=238.2s budget=100000.0s
step=35300 loss=2.168098 accuracy=0.000000 elapsed=240.9s budget=100000.0s
step=35400 loss=2.167527 accuracy=0.000000 elapsed=243.9s budget=100000.0s
step=35500 loss=2.163077 accuracy=0.000000 elapsed=246.7s budget=100000.0s
step=35600 loss=2.166567 accuracy=0.000000 elapsed=249.7s budget=100000.0s
step=35700 loss=2.160308 accuracy=0.000000 elapsed=252.6s budget=100000.0s
step=35800 loss=2.167870 accuracy=0.000000 elapsed=255.4s budget=100000.0s
step=35900 loss=2.163676 accuracy=0.000000 elapsed=258.2s budget=100000.0s
step=36000 loss=2.169000 accuracy=0.000000 elapsed=260.8s budget=100000.0s
step=36100 loss=2.173950 accuracy=0.000000 elapsed=264.0s budget=100000.0s
step=36200 loss=2.166677 accuracy=0.000000 elapsed=266.8s budget=100000.0s
step=36300 loss=2.164243 accuracy=0.003906 elapsed=271.0s budget=100000.0s
step=36400 loss=2.160924 accuracy=0.000000 elapsed=278.9s budget=100000.0s
step=36500 loss=2.170519 accuracy=0.000000 elapsed=292.6s budget=100000.0s
step=36600 loss=2.154636 accuracy=0.000000 elapsed=305.9s budget=100000.0s
step=36700 loss=2.173676 accuracy=0.000000 elapsed=319.7s budget=100000.0s
step=36800 loss=2.178342 accuracy=0.000000 elapsed=333.6s budget=100000.0s
step=36900 loss=2.157946 accuracy=0.000000 elapsed=347.7s budget=100000.0s
step=37000 loss=2.167784 accuracy=0.000000 elapsed=360.3s budget=100000.0s
step=37100 loss=2.154524 accuracy=0.000000 elapsed=373.8s budget=100000.0s
step=37200 loss=2.150673 accuracy=0.000000 elapsed=387.3s budget=100000.0s
step=37300 loss=2.153203 accuracy=0.000000 elapsed=400.6s budget=100000.0s
step=37400 loss=2.160974 accuracy=0.000000 elapsed=413.5s budget=100000.0s
step=37500 loss=2.151590 accuracy=0.000000 elapsed=427.1s budget=100000.0s
step=37600 loss=2.161503 accuracy=0.000000 elapsed=440.1s budget=100000.0s
step=37700 loss=2.166412 accuracy=0.000000 elapsed=442.6s budget=100000.0s
step=37800 loss=2.159063 accuracy=0.000000 elapsed=445.5s budget=100000.0s
step=37900 loss=2.169139 accuracy=0.000000 elapsed=447.8s budget=100000.0s
step=38000 loss=2.165356 accuracy=0.000000 elapsed=451.0s budget=100000.0s
step=38100 loss=2.157049 accuracy=0.000000 elapsed=453.6s budget=100000.0s
step=38200 loss=2.161240 accuracy=0.000000 elapsed=456.6s budget=100000.0s
step=38300 loss=2.165462 accuracy=0.000000 elapsed=459.5s budget=100000.0s
step=38400 loss=2.145784 accuracy=0.000000 elapsed=462.5s budget=100000.0s
step=38500 loss=2.152960 accuracy=0.000000 elapsed=465.5s budget=100000.0s
step=38600 loss=2.169240 accuracy=0.000000 elapsed=468.4s budget=100000.0s
step=38700 loss=2.164444 accuracy=0.000000 elapsed=471.2s budget=100000.0s
step=38800 loss=2.168746 accuracy=0.000000 elapsed=473.7s budget=100000.0s
step=38900 loss=2.146675 accuracy=0.000000 elapsed=477.1s budget=100000.0s
step=39000 loss=2.150984 accuracy=0.000000 elapsed=479.3s budget=100000.0s
step=39100 loss=2.137953 accuracy=0.000000 elapsed=482.3s budget=100000.0s
step=39200 loss=2.162112 accuracy=0.000000 elapsed=484.9s budget=100000.0s
step=39300 loss=2.148278 accuracy=0.000000 elapsed=488.0s budget=100000.0s
step=39400 loss=2.160702 accuracy=0.000000 elapsed=490.8s budget=100000.0s
step=39500 loss=2.161577 accuracy=0.001953 elapsed=494.1s budget=100000.0s
step=39600 loss=2.165497 accuracy=0.000000 elapsed=501.0s budget=100000.0s
step=39700 loss=2.163626 accuracy=0.000000 elapsed=511.7s budget=100000.0s
step=39800 loss=2.173229 accuracy=0.000000 elapsed=527.9s budget=100000.0s
step=39900 loss=2.153520 accuracy=0.001953 elapsed=544.1s budget=100000.0s
step=40000 loss=2.150773 accuracy=0.000000 elapsed=559.1s budget=100000.0s
seed=74 split=test loss=2.179091 exact_accuracy=0.000037
seed=74 split=ood_t loss=2.216641 exact_accuracy=0.000000
seed=74 split=ood_n_t loss=2.209031 exact_accuracy=0.000000
seed=74 profile=seen_n depth_t=1 exact_accuracy=0.000000 certified=False
seed=74 profile=seen_n depth_t=2 exact_accuracy=0.000000 certified=False
seed=74 profile=seen_n depth_t=4 exact_accuracy=0.000000 certified=False
seed=74 profile=seen_n depth_t=8 exact_accuracy=0.000000 certified=False
seed=74 profile=seen_n depth_t=16 exact_accuracy=0.000000 certified=False
seed=74 profile=seen_n depth_t=32 exact_accuracy=0.000000 certified=False
seed=74 profile=seen_n depth_t=64 exact_accuracy=0.000000 certified=False
seed=74 profile=ood_n depth_t=1 exact_accuracy=0.001302 certified=False
seed=74 profile=ood_n depth_t=2 exact_accuracy=0.000000 certified=False
seed=74 profile=ood_n depth_t=4 exact_accuracy=0.000000 certified=False
seed=74 profile=ood_n depth_t=8 exact_accuracy=0.000000 certified=False
seed=74 profile=ood_n depth_t=16 exact_accuracy=0.000000 certified=False
seed=74 profile=ood_n depth_t=32 exact_accuracy=0.000000 certified=False
seed=74 profile=ood_n depth_t=64 exact_accuracy=0.000000 certified=False
RESULT_JSON={"depth_profile": {"depth_factor": 0, "ladder": [1, 2, 4, 8, 16, 32, 64], "max_certified_time_steps": null, "ood_n_ladder": [1, 2, 4, 8, 16, 32, 64], "ood_n_max_certified_time_steps": null, "ood_n_profile_available": true}, "manifest": "lab_hf1_fs40000_s74", "score": {"mean_exact_accuracy": 1.2345679012345678e-05, "mean_loss": 2.201587465100317, "num_measurements": 3, "primary_metric": "mean_exact_accuracy"}, "seeds": [{"completed_training_steps": 40000, "depth_profile": {"depth_factor": 0, "ladder": [1, 2, 4, 8, 16, 32, 64], "max_certified_time_steps": null, "ood_n_ladder": [1, 2, 4, 8, 16, 32, 64], "ood_n_max_certified_time_steps": null, "ood_n_rungs": [{"correct_examples": 1, "exact_accuracy": 0.0013020833333333333, "example_count": 768, "status": "failed", "time_steps": 1}, {"correct_examples": 0, "exact_accuracy": 0.0, "example_count": 768, "status": "failed", "time_steps": 2}, {"correct_examples": 0, "exact_accuracy": 0.0, "example_count": 768, "status": "failed", "time_steps": 4}, {"correct_examples": 0, "exact_accuracy": 0.0, "example_count": 768, "status": "failed", "time_steps": 8}, {"correct_examples": 0, "exact_accuracy": 0.0, "example_count": 768, "status": "failed", "time_steps": 16}, {"correct_examples": 0, "exact_accuracy": 0.0, "example_count": 768, "status": "failed", "time_steps": 32}, {"correct_examples": 0, "exact_accuracy": 0.0, "example_count": 768, "status": "failed", "time_steps": 64}], "rungs": [{"correct_examples": 0, "exact_accuracy": 0.0, "example_count": 768, "status": "failed", "time_steps": 1}, {"correct_examples": 0, "exact_accuracy": 0.0, "example_count": 768, "status": "failed", "time_steps": 2}, {"correct_examples": 0, "exact_accuracy": 0.0, "example_count": 768, "status": "failed", "time_steps": 4}, {"correct_examples": 0, "exact_accuracy": 0.0, "example_count": 768, "status": "failed", "time_steps": 8}, {"correct_examples": 0, "exact_accuracy": 0.0, "example_count": 768, "status": "failed", "time_steps": 16}, {"correct_examples": 0, "exact_accuracy": 0.0, "example_count": 768, "status": "failed", "time_steps": 32}, {"correct_examples": 0, "exact_accuracy": 0.0, "example_count": 768, "status": "failed", "time_steps": 64}]}, "evaluation": {"ood_n_t": {"correct_examples": 0, "exact_accuracy": 0.0, "example_count": 9000, "loss": 2.209031068988304}, "ood_t": {"correct_examples": 0, "exact_accuracy": 0.0, "example_count": 9000, "loss": 2.2166405198682515}, "test": {"correct_examples": 1, "exact_accuracy": 3.7037037037037037e-05, "example_count": 27000, "loss": 2.1790908064443957}}, "evaluation_batch_size": 512, "evaluation_budget_seconds": 50000.0, "evaluation_seconds": 17.757072147000144, "final_train_loss": 2.150773286819458, "max_training_steps": 40000, "model_state_elements": 3170304, "optimizer_state_elements_after_first_step": 6340621, "seed": 74, "training_batch_size": 512, "training_seconds": 559.059904185}]}

--- stderr ---

