# cmd: /home/scratch.arohan_hw/git/one-layer-deeper/.venv/bin/python -m benchmark.runner --manifest /home/scratch.arohan_hw/git/one-layer-deeper/.worktrees/hf-digitalu-hf1/lab/manifests/lab_hf1_fs40000_s74.json --submission-file /home/scratch.arohan_hw/git/one-layer-deeper/.worktrees/hf-digitalu-hf1/submissions/hard-digitalu-hf1/ref/d1024_L1_e0.02_lr0.001_b512_fit/submission.py
# rc=0
# submission: /home/scratch.arohan_hw/git/one-layer-deeper/.worktrees/hf-digitalu-hf1/submissions/hard-digitalu-hf1/ref/d1024_L1_e0.02_lr0.001_b512_fit/submission.py
# manifest: /home/scratch.arohan_hw/git/one-layer-deeper/.worktrees/hf-digitalu-hf1/lab/manifests/lab_hf1_fs40000_s74.json
--- stdout ---
{
  "manifest": "lab_hf1_fs40000_s74",
  "model_spec": {
    "vocab_size": 17,
    "max_seq_len": 19,
    "maximum_model_state_elements": 500000000
  },
  "training_batch_size": 512,
  "evaluation_batch_size": 512,
  "max_training_steps": 40000,
  "total_training_time_seconds": 100000.0,
  "training_time_seconds_per_seed": 100000.0,
  "evaluation_time_seconds_per_seed": 50000.0,
  "seeds": [
    74
  ]
}
step=1 loss=3.121673 accuracy=0.000000 elapsed=7.1s budget=100000.0s
step=100 loss=2.227918 accuracy=0.000000 elapsed=37.7s budget=100000.0s
step=200 loss=2.207556 accuracy=0.000000 elapsed=67.4s budget=100000.0s
step=300 loss=2.205406 accuracy=0.000000 elapsed=96.5s budget=100000.0s
step=400 loss=2.193285 accuracy=0.000000 elapsed=122.7s budget=100000.0s
step=500 loss=2.202145 accuracy=0.000000 elapsed=149.5s budget=100000.0s
step=600 loss=2.216647 accuracy=0.000000 elapsed=176.3s budget=100000.0s
step=700 loss=2.196955 accuracy=0.000000 elapsed=202.4s budget=100000.0s
step=800 loss=2.187455 accuracy=0.000000 elapsed=228.2s budget=100000.0s
step=900 loss=2.194755 accuracy=0.000000 elapsed=250.1s budget=100000.0s
step=1000 loss=2.189781 accuracy=0.000000 elapsed=273.4s budget=100000.0s
step=1100 loss=2.195408 accuracy=0.000000 elapsed=295.0s budget=100000.0s
step=1200 loss=2.181508 accuracy=0.000000 elapsed=315.3s budget=100000.0s
step=1300 loss=2.194775 accuracy=0.000000 elapsed=334.0s budget=100000.0s
step=1400 loss=2.191530 accuracy=0.000000 elapsed=352.3s budget=100000.0s
step=1500 loss=2.199476 accuracy=0.000000 elapsed=371.5s budget=100000.0s
step=1600 loss=2.188293 accuracy=0.000000 elapsed=389.9s budget=100000.0s
step=1700 loss=2.200222 accuracy=0.000000 elapsed=408.6s budget=100000.0s
step=1800 loss=2.205391 accuracy=0.000000 elapsed=425.7s budget=100000.0s
step=1900 loss=2.186754 accuracy=0.000000 elapsed=444.6s budget=100000.0s
step=2000 loss=2.195042 accuracy=0.000000 elapsed=461.9s budget=100000.0s
step=2100 loss=2.190450 accuracy=0.000000 elapsed=478.7s budget=100000.0s
step=2200 loss=2.197564 accuracy=0.000000 elapsed=491.4s budget=100000.0s
step=2300 loss=2.193375 accuracy=0.000000 elapsed=504.3s budget=100000.0s
step=2400 loss=2.188600 accuracy=0.000000 elapsed=517.9s budget=100000.0s
step=2500 loss=2.194097 accuracy=0.000000 elapsed=530.3s budget=100000.0s
step=2600 loss=2.210287 accuracy=0.000000 elapsed=544.1s budget=100000.0s
step=2700 loss=2.192572 accuracy=0.000000 elapsed=556.2s budget=100000.0s
step=2800 loss=2.196952 accuracy=0.000000 elapsed=571.9s budget=100000.0s
step=2900 loss=2.190589 accuracy=0.000000 elapsed=588.4s budget=100000.0s
step=3000 loss=2.200016 accuracy=0.000000 elapsed=604.8s budget=100000.0s
step=3100 loss=2.197417 accuracy=0.000000 elapsed=621.6s budget=100000.0s
step=3200 loss=2.184269 accuracy=0.000000 elapsed=637.7s budget=100000.0s
step=3300 loss=2.182348 accuracy=0.000000 elapsed=653.5s budget=100000.0s
step=3400 loss=2.185388 accuracy=0.000000 elapsed=666.1s budget=100000.0s
step=3500 loss=2.184184 accuracy=0.000000 elapsed=679.8s budget=100000.0s
step=3600 loss=2.186835 accuracy=0.000000 elapsed=692.2s budget=100000.0s
step=3700 loss=2.181019 accuracy=0.000000 elapsed=704.6s budget=100000.0s
step=3800 loss=2.183163 accuracy=0.000000 elapsed=714.2s budget=100000.0s
step=3900 loss=2.185088 accuracy=0.000000 elapsed=722.2s budget=100000.0s
step=4000 loss=2.179058 accuracy=0.000000 elapsed=731.9s budget=100000.0s
step=4100 loss=2.179635 accuracy=0.000000 elapsed=741.1s budget=100000.0s
step=4200 loss=2.181948 accuracy=0.000000 elapsed=749.9s budget=100000.0s
step=4300 loss=2.184569 accuracy=0.000000 elapsed=758.9s budget=100000.0s
step=4400 loss=2.179592 accuracy=0.000000 elapsed=765.9s budget=100000.0s
step=4500 loss=2.187972 accuracy=0.000000 elapsed=771.0s budget=100000.0s
step=4600 loss=2.190241 accuracy=0.000000 elapsed=776.8s budget=100000.0s
step=4700 loss=2.189477 accuracy=0.000000 elapsed=782.7s budget=100000.0s
step=4800 loss=2.159548 accuracy=0.000000 elapsed=788.1s budget=100000.0s
step=4900 loss=2.180006 accuracy=0.000000 elapsed=792.3s budget=100000.0s
step=5000 loss=2.184933 accuracy=0.000000 elapsed=796.7s budget=100000.0s
step=5100 loss=2.194285 accuracy=0.000000 elapsed=801.2s budget=100000.0s
step=5200 loss=2.186435 accuracy=0.000000 elapsed=805.8s budget=100000.0s
step=5300 loss=2.185817 accuracy=0.000000 elapsed=810.6s budget=100000.0s
step=5400 loss=2.199736 accuracy=0.000000 elapsed=815.1s budget=100000.0s
step=5500 loss=2.178960 accuracy=0.000000 elapsed=819.5s budget=100000.0s
step=5600 loss=2.188176 accuracy=0.000000 elapsed=823.8s budget=100000.0s
step=5700 loss=2.185087 accuracy=0.000000 elapsed=827.5s budget=100000.0s
step=5800 loss=2.189319 accuracy=0.000000 elapsed=830.5s budget=100000.0s
step=5900 loss=2.186672 accuracy=0.000000 elapsed=833.7s budget=100000.0s
step=6000 loss=2.179184 accuracy=0.000000 elapsed=836.8s budget=100000.0s
step=6100 loss=2.192829 accuracy=0.000000 elapsed=839.9s budget=100000.0s
step=6200 loss=2.185040 accuracy=0.000000 elapsed=844.3s budget=100000.0s
step=6300 loss=2.189863 accuracy=0.000000 elapsed=848.9s budget=100000.0s
step=6400 loss=2.176087 accuracy=0.001953 elapsed=853.4s budget=100000.0s
step=6500 loss=2.179973 accuracy=0.000000 elapsed=858.2s budget=100000.0s
step=6600 loss=2.195625 accuracy=0.000000 elapsed=862.7s budget=100000.0s
step=6700 loss=2.183660 accuracy=0.000000 elapsed=867.3s budget=100000.0s
step=6800 loss=2.177555 accuracy=0.000000 elapsed=871.6s budget=100000.0s
step=6900 loss=2.184579 accuracy=0.000000 elapsed=876.0s budget=100000.0s
step=7000 loss=2.186869 accuracy=0.000000 elapsed=880.3s budget=100000.0s
step=7100 loss=2.191213 accuracy=0.000000 elapsed=884.8s budget=100000.0s
step=7200 loss=2.187034 accuracy=0.000000 elapsed=889.4s budget=100000.0s
step=7300 loss=2.187702 accuracy=0.000000 elapsed=893.8s budget=100000.0s
step=7400 loss=2.180584 accuracy=0.000000 elapsed=898.2s budget=100000.0s
step=7500 loss=2.184020 accuracy=0.000000 elapsed=902.7s budget=100000.0s
step=7600 loss=2.184251 accuracy=0.000000 elapsed=907.3s budget=100000.0s
step=7700 loss=2.172340 accuracy=0.000000 elapsed=911.5s budget=100000.0s
step=7800 loss=2.186897 accuracy=0.000000 elapsed=916.0s budget=100000.0s
step=7900 loss=2.186321 accuracy=0.000000 elapsed=920.5s budget=100000.0s
step=8000 loss=2.182150 accuracy=0.000000 elapsed=925.1s budget=100000.0s
step=8100 loss=2.189494 accuracy=0.000000 elapsed=929.7s budget=100000.0s
step=8200 loss=2.191029 accuracy=0.000000 elapsed=934.2s budget=100000.0s
step=8300 loss=2.193643 accuracy=0.000000 elapsed=938.5s budget=100000.0s
step=8400 loss=2.188721 accuracy=0.000000 elapsed=943.0s budget=100000.0s
step=8500 loss=2.189176 accuracy=0.000000 elapsed=947.3s budget=100000.0s
step=8600 loss=2.158655 accuracy=0.000000 elapsed=949.6s budget=100000.0s
step=8700 loss=2.173854 accuracy=0.000000 elapsed=951.6s budget=100000.0s
step=8800 loss=2.168768 accuracy=0.000000 elapsed=953.6s budget=100000.0s
step=8900 loss=2.173621 accuracy=0.000000 elapsed=955.8s budget=100000.0s
step=9000 loss=2.167856 accuracy=0.000000 elapsed=957.9s budget=100000.0s
step=9100 loss=2.168369 accuracy=0.000000 elapsed=960.2s budget=100000.0s
step=9200 loss=2.182542 accuracy=0.000000 elapsed=962.4s budget=100000.0s
step=9300 loss=2.182617 accuracy=0.001953 elapsed=966.1s budget=100000.0s
step=9400 loss=2.170174 accuracy=0.000000 elapsed=969.4s budget=100000.0s
step=9500 loss=2.174957 accuracy=0.000000 elapsed=972.8s budget=100000.0s
step=9600 loss=2.175928 accuracy=0.000000 elapsed=975.9s budget=100000.0s
step=9700 loss=2.176827 accuracy=0.000000 elapsed=978.7s budget=100000.0s
step=9800 loss=2.184505 accuracy=0.000000 elapsed=981.1s budget=100000.0s
step=9900 loss=2.177987 accuracy=0.000000 elapsed=982.8s budget=100000.0s
step=10000 loss=2.175524 accuracy=0.000000 elapsed=984.4s budget=100000.0s
step=10100 loss=2.171170 accuracy=0.000000 elapsed=985.9s budget=100000.0s
step=10200 loss=2.171656 accuracy=0.000000 elapsed=987.4s budget=100000.0s
step=10300 loss=2.185198 accuracy=0.000000 elapsed=988.9s budget=100000.0s
step=10400 loss=2.163221 accuracy=0.000000 elapsed=990.3s budget=100000.0s
step=10500 loss=2.177147 accuracy=0.000000 elapsed=991.9s budget=100000.0s
step=10600 loss=2.174001 accuracy=0.000000 elapsed=993.4s budget=100000.0s
step=10700 loss=2.179449 accuracy=0.000000 elapsed=994.8s budget=100000.0s
step=10800 loss=2.165814 accuracy=0.000000 elapsed=996.3s budget=100000.0s
step=10900 loss=2.184847 accuracy=0.000000 elapsed=997.7s budget=100000.0s
step=11000 loss=2.162749 accuracy=0.000000 elapsed=999.3s budget=100000.0s
step=11100 loss=2.172503 accuracy=0.000000 elapsed=1000.8s budget=100000.0s
step=11200 loss=2.166464 accuracy=0.000000 elapsed=1002.3s budget=100000.0s
step=11300 loss=2.171757 accuracy=0.000000 elapsed=1003.6s budget=100000.0s
step=11400 loss=2.173657 accuracy=0.000000 elapsed=1005.1s budget=100000.0s
step=11500 loss=2.182519 accuracy=0.000000 elapsed=1006.4s budget=100000.0s
step=11600 loss=2.164972 accuracy=0.000000 elapsed=1007.7s budget=100000.0s
step=11700 loss=2.161563 accuracy=0.000000 elapsed=1009.0s budget=100000.0s
step=11800 loss=2.177213 accuracy=0.000000 elapsed=1010.2s budget=100000.0s
step=11900 loss=2.167508 accuracy=0.000000 elapsed=1011.4s budget=100000.0s
step=12000 loss=2.166660 accuracy=0.000000 elapsed=1012.2s budget=100000.0s
step=12100 loss=2.174394 accuracy=0.000000 elapsed=1013.2s budget=100000.0s
step=12200 loss=2.187418 accuracy=0.000000 elapsed=1014.1s budget=100000.0s
step=12300 loss=2.182945 accuracy=0.000000 elapsed=1015.0s budget=100000.0s
step=12400 loss=2.183281 accuracy=0.000000 elapsed=1016.0s budget=100000.0s
step=12500 loss=2.173160 accuracy=0.000000 elapsed=1016.9s budget=100000.0s
step=12600 loss=2.171360 accuracy=0.000000 elapsed=1017.8s budget=100000.0s
step=12700 loss=2.175493 accuracy=0.000000 elapsed=1018.8s budget=100000.0s
step=12800 loss=2.172970 accuracy=0.000000 elapsed=1019.8s budget=100000.0s
step=12900 loss=2.179826 accuracy=0.000000 elapsed=1020.7s budget=100000.0s
step=13000 loss=2.164481 accuracy=0.000000 elapsed=1021.6s budget=100000.0s
step=13100 loss=2.173706 accuracy=0.000000 elapsed=1022.5s budget=100000.0s
step=13200 loss=2.164562 accuracy=0.000000 elapsed=1023.5s budget=100000.0s
step=13300 loss=2.174673 accuracy=0.000000 elapsed=1024.5s budget=100000.0s
step=13400 loss=2.176704 accuracy=0.000000 elapsed=1025.4s budget=100000.0s
step=13500 loss=2.159168 accuracy=0.000000 elapsed=1026.6s budget=100000.0s
step=13600 loss=2.176080 accuracy=0.000000 elapsed=1027.9s budget=100000.0s
step=13700 loss=2.173636 accuracy=0.000000 elapsed=1029.1s budget=100000.0s
step=13800 loss=2.176148 accuracy=0.000000 elapsed=1030.4s budget=100000.0s
step=13900 loss=2.174694 accuracy=0.000000 elapsed=1031.6s budget=100000.0s
step=14000 loss=2.171808 accuracy=0.001953 elapsed=1032.9s budget=100000.0s
step=14100 loss=2.183268 accuracy=0.001953 elapsed=1034.1s budget=100000.0s
step=14200 loss=2.176240 accuracy=0.000000 elapsed=1035.3s budget=100000.0s
step=14300 loss=2.182069 accuracy=0.000000 elapsed=1036.7s budget=100000.0s
step=14400 loss=2.164788 accuracy=0.000000 elapsed=1038.0s budget=100000.0s
step=14500 loss=2.170925 accuracy=0.000000 elapsed=1039.3s budget=100000.0s
step=14600 loss=2.177608 accuracy=0.000000 elapsed=1040.5s budget=100000.0s
step=14700 loss=2.167608 accuracy=0.000000 elapsed=1041.9s budget=100000.0s
step=14800 loss=2.179528 accuracy=0.000000 elapsed=1043.2s budget=100000.0s
step=14900 loss=2.169915 accuracy=0.000000 elapsed=1044.0s budget=100000.0s
step=15000 loss=2.182246 accuracy=0.000000 elapsed=1044.9s budget=100000.0s
step=15100 loss=2.164774 accuracy=0.000000 elapsed=1045.8s budget=100000.0s
step=15200 loss=2.180551 accuracy=0.000000 elapsed=1046.9s budget=100000.0s
step=15300 loss=2.170468 accuracy=0.000000 elapsed=1047.7s budget=100000.0s
step=15400 loss=2.172672 accuracy=0.000000 elapsed=1048.6s budget=100000.0s
step=15500 loss=2.177074 accuracy=0.000000 elapsed=1049.6s budget=100000.0s
step=15600 loss=2.165328 accuracy=0.000000 elapsed=1050.5s budget=100000.0s
step=15700 loss=2.171617 accuracy=0.000000 elapsed=1051.5s budget=100000.0s
step=15800 loss=2.172641 accuracy=0.000000 elapsed=1052.5s budget=100000.0s
step=15900 loss=2.180291 accuracy=0.000000 elapsed=1053.4s budget=100000.0s
step=16000 loss=2.171477 accuracy=0.000000 elapsed=1054.4s budget=100000.0s
step=16100 loss=2.162469 accuracy=0.001953 elapsed=1055.4s budget=100000.0s
step=16200 loss=2.168724 accuracy=0.000000 elapsed=1056.4s budget=100000.0s
step=16300 loss=2.167899 accuracy=0.000000 elapsed=1057.4s budget=100000.0s
step=16400 loss=2.164016 accuracy=0.000000 elapsed=1058.4s budget=100000.0s
step=16500 loss=2.165828 accuracy=0.001953 elapsed=1060.3s budget=100000.0s
step=16600 loss=2.162620 accuracy=0.000000 elapsed=1062.3s budget=100000.0s
step=16700 loss=2.167851 accuracy=0.000000 elapsed=1064.2s budget=100000.0s
step=16800 loss=2.178556 accuracy=0.000000 elapsed=1066.0s budget=100000.0s
step=16900 loss=2.161921 accuracy=0.000000 elapsed=1067.9s budget=100000.0s
step=17000 loss=2.176087 accuracy=0.000000 elapsed=1069.8s budget=100000.0s
step=17100 loss=2.174963 accuracy=0.000000 elapsed=1071.9s budget=100000.0s
step=17200 loss=2.175576 accuracy=0.000000 elapsed=1073.6s budget=100000.0s
step=17300 loss=2.186376 accuracy=0.000000 elapsed=1075.3s budget=100000.0s
step=17400 loss=2.168290 accuracy=0.000000 elapsed=1077.2s budget=100000.0s
step=17500 loss=2.172332 accuracy=0.000000 elapsed=1079.1s budget=100000.0s
step=17600 loss=2.171518 accuracy=0.000000 elapsed=1081.0s budget=100000.0s
step=17700 loss=2.162683 accuracy=0.000000 elapsed=1082.8s budget=100000.0s
step=17800 loss=2.173866 accuracy=0.000000 elapsed=1084.7s budget=100000.0s
step=17900 loss=2.177630 accuracy=0.000000 elapsed=1086.6s budget=100000.0s
step=18000 loss=2.171272 accuracy=0.000000 elapsed=1088.4s budget=100000.0s
step=18100 loss=2.172047 accuracy=0.001953 elapsed=1090.9s budget=100000.0s
step=18200 loss=2.173982 accuracy=0.000000 elapsed=1094.0s budget=100000.0s
step=18300 loss=2.166015 accuracy=0.000000 elapsed=1097.4s budget=100000.0s
step=18400 loss=2.177753 accuracy=0.000000 elapsed=1100.4s budget=100000.0s
step=18500 loss=2.175672 accuracy=0.000000 elapsed=1103.9s budget=100000.0s
step=18600 loss=2.175978 accuracy=0.000000 elapsed=1107.2s budget=100000.0s
step=18700 loss=2.179039 accuracy=0.000000 elapsed=1109.1s budget=100000.0s
step=18800 loss=2.168898 accuracy=0.000000 elapsed=1111.0s budget=100000.0s
step=18900 loss=2.166815 accuracy=0.000000 elapsed=1112.8s budget=100000.0s
step=19000 loss=2.184848 accuracy=0.000000 elapsed=1114.4s budget=100000.0s
step=19100 loss=2.161020 accuracy=0.000000 elapsed=1115.8s budget=100000.0s
step=19200 loss=2.170492 accuracy=0.000000 elapsed=1117.3s budget=100000.0s
step=19300 loss=2.167750 accuracy=0.000000 elapsed=1118.7s budget=100000.0s
step=19400 loss=2.171413 accuracy=0.000000 elapsed=1120.5s budget=100000.0s
step=19500 loss=2.165747 accuracy=0.000000 elapsed=1122.4s budget=100000.0s
step=19600 loss=2.173689 accuracy=0.000000 elapsed=1124.3s budget=100000.0s
step=19700 loss=2.165817 accuracy=0.000000 elapsed=1126.1s budget=100000.0s
step=19800 loss=2.174178 accuracy=0.000000 elapsed=1127.9s budget=100000.0s
step=19900 loss=2.162613 accuracy=0.000000 elapsed=1129.6s budget=100000.0s
step=20000 loss=2.167942 accuracy=0.000000 elapsed=1131.5s budget=100000.0s
step=20100 loss=2.172673 accuracy=0.000000 elapsed=1133.3s budget=100000.0s
step=20200 loss=2.173126 accuracy=0.000000 elapsed=1135.2s budget=100000.0s
step=20300 loss=2.176303 accuracy=0.000000 elapsed=1136.9s budget=100000.0s
step=20400 loss=2.161940 accuracy=0.000000 elapsed=1138.7s budget=100000.0s
step=20500 loss=2.169881 accuracy=0.000000 elapsed=1140.4s budget=100000.0s
step=20600 loss=2.155017 accuracy=0.000000 elapsed=1142.1s budget=100000.0s
step=20700 loss=2.169356 accuracy=0.000000 elapsed=1143.9s budget=100000.0s
step=20800 loss=2.171143 accuracy=0.000000 elapsed=1145.7s budget=100000.0s
step=20900 loss=2.176443 accuracy=0.000000 elapsed=1147.7s budget=100000.0s
step=21000 loss=2.171326 accuracy=0.000000 elapsed=1149.5s budget=100000.0s
step=21100 loss=2.170561 accuracy=0.000000 elapsed=1151.3s budget=100000.0s
step=21200 loss=2.159729 accuracy=0.000000 elapsed=1153.0s budget=100000.0s
step=21300 loss=2.158890 accuracy=0.000000 elapsed=1154.8s budget=100000.0s
step=21400 loss=2.178338 accuracy=0.000000 elapsed=1156.7s budget=100000.0s
step=21500 loss=2.170151 accuracy=0.000000 elapsed=1158.5s budget=100000.0s
step=21600 loss=2.161779 accuracy=0.000000 elapsed=1160.3s budget=100000.0s
step=21700 loss=2.185176 accuracy=0.000000 elapsed=1162.1s budget=100000.0s
step=21800 loss=2.165035 accuracy=0.000000 elapsed=1164.0s budget=100000.0s
step=21900 loss=2.165559 accuracy=0.000000 elapsed=1165.9s budget=100000.0s
step=22000 loss=2.172827 accuracy=0.000000 elapsed=1167.7s budget=100000.0s
step=22100 loss=2.166034 accuracy=0.000000 elapsed=1169.5s budget=100000.0s
step=22200 loss=2.169543 accuracy=0.000000 elapsed=1171.3s budget=100000.0s
step=22300 loss=2.161580 accuracy=0.000000 elapsed=1173.3s budget=100000.0s
step=22400 loss=2.168454 accuracy=0.000000 elapsed=1174.9s budget=100000.0s
step=22500 loss=2.176374 accuracy=0.000000 elapsed=1176.7s budget=100000.0s
step=22600 loss=2.158167 accuracy=0.000000 elapsed=1178.6s budget=100000.0s
step=22700 loss=2.181194 accuracy=0.000000 elapsed=1180.3s budget=100000.0s
step=22800 loss=2.161467 accuracy=0.000000 elapsed=1182.2s budget=100000.0s
step=22900 loss=2.166283 accuracy=0.000000 elapsed=1184.0s budget=100000.0s
step=23000 loss=2.166369 accuracy=0.000000 elapsed=1185.7s budget=100000.0s
step=23100 loss=2.166593 accuracy=0.000000 elapsed=1187.5s budget=100000.0s
step=23200 loss=2.180207 accuracy=0.000000 elapsed=1189.7s budget=100000.0s
step=23300 loss=2.172065 accuracy=0.000000 elapsed=1193.0s budget=100000.0s
step=23400 loss=2.170933 accuracy=0.000000 elapsed=1197.7s budget=100000.0s
step=23500 loss=2.163806 accuracy=0.000000 elapsed=1203.1s budget=100000.0s
step=23600 loss=2.156262 accuracy=0.001953 elapsed=1209.0s budget=100000.0s
step=23700 loss=2.160304 accuracy=0.000000 elapsed=1211.9s budget=100000.0s
step=23800 loss=2.173526 accuracy=0.000000 elapsed=1214.8s budget=100000.0s
step=23900 loss=2.166988 accuracy=0.000000 elapsed=1217.5s budget=100000.0s
step=24000 loss=2.172769 accuracy=0.000000 elapsed=1219.2s budget=100000.0s
step=24100 loss=2.168064 accuracy=0.000000 elapsed=1221.0s budget=100000.0s
step=24200 loss=2.167740 accuracy=0.000000 elapsed=1223.0s budget=100000.0s
step=24300 loss=2.170630 accuracy=0.000000 elapsed=1224.8s budget=100000.0s
step=24400 loss=2.179950 accuracy=0.000000 elapsed=1226.6s budget=100000.0s
step=24500 loss=2.168905 accuracy=0.000000 elapsed=1228.4s budget=100000.0s
step=24600 loss=2.179025 accuracy=0.000000 elapsed=1230.2s budget=100000.0s
step=24700 loss=2.165023 accuracy=0.000000 elapsed=1232.1s budget=100000.0s
step=24800 loss=2.176327 accuracy=0.001953 elapsed=1233.9s budget=100000.0s
step=24900 loss=2.170329 accuracy=0.000000 elapsed=1235.7s budget=100000.0s
step=25000 loss=2.165365 accuracy=0.000000 elapsed=1237.5s budget=100000.0s
step=25100 loss=2.168954 accuracy=0.000000 elapsed=1239.4s budget=100000.0s
step=25200 loss=2.182972 accuracy=0.000000 elapsed=1241.3s budget=100000.0s
step=25300 loss=2.176434 accuracy=0.000000 elapsed=1243.1s budget=100000.0s
step=25400 loss=2.173395 accuracy=0.000000 elapsed=1244.9s budget=100000.0s
step=25500 loss=2.178338 accuracy=0.000000 elapsed=1246.7s budget=100000.0s
step=25600 loss=2.175926 accuracy=0.000000 elapsed=1248.7s budget=100000.0s
step=25700 loss=2.174341 accuracy=0.001953 elapsed=1250.5s budget=100000.0s
step=25800 loss=2.174877 accuracy=0.000000 elapsed=1252.3s budget=100000.0s
step=25900 loss=2.165489 accuracy=0.000000 elapsed=1254.1s budget=100000.0s
step=26000 loss=2.172493 accuracy=0.000000 elapsed=1255.8s budget=100000.0s
step=26100 loss=2.166035 accuracy=0.000000 elapsed=1257.8s budget=100000.0s
step=26200 loss=2.178264 accuracy=0.000000 elapsed=1259.5s budget=100000.0s
step=26300 loss=2.174997 accuracy=0.000000 elapsed=1261.3s budget=100000.0s
step=26400 loss=2.170214 accuracy=0.000000 elapsed=1263.1s budget=100000.0s
step=26500 loss=2.172287 accuracy=0.000000 elapsed=1264.9s budget=100000.0s
step=26600 loss=2.167757 accuracy=0.000000 elapsed=1266.8s budget=100000.0s
step=26700 loss=2.165855 accuracy=0.000000 elapsed=1268.6s budget=100000.0s
step=26800 loss=2.166402 accuracy=0.000000 elapsed=1270.0s budget=100000.0s
step=26900 loss=2.170552 accuracy=0.000000 elapsed=1271.4s budget=100000.0s
step=27000 loss=2.181365 accuracy=0.000000 elapsed=1272.8s budget=100000.0s
step=27100 loss=2.168485 accuracy=0.001953 elapsed=1274.5s budget=100000.0s
step=27200 loss=2.184801 accuracy=0.000000 elapsed=1275.9s budget=100000.0s
step=27300 loss=2.169008 accuracy=0.000000 elapsed=1277.3s budget=100000.0s
step=27400 loss=2.172806 accuracy=0.000000 elapsed=1278.5s budget=100000.0s
step=27500 loss=2.166867 accuracy=0.000000 elapsed=1279.8s budget=100000.0s
step=27600 loss=2.168664 accuracy=0.000000 elapsed=1281.0s budget=100000.0s
step=27700 loss=2.173275 accuracy=0.000000 elapsed=1282.2s budget=100000.0s
step=27800 loss=2.172657 accuracy=0.000000 elapsed=1283.4s budget=100000.0s
step=27900 loss=2.164217 accuracy=0.000000 elapsed=1284.6s budget=100000.0s
step=28000 loss=2.166513 accuracy=0.000000 elapsed=1286.0s budget=100000.0s
step=28100 loss=2.165986 accuracy=0.000000 elapsed=1287.2s budget=100000.0s
step=28200 loss=2.172836 accuracy=0.000000 elapsed=1288.9s budget=100000.0s
step=28300 loss=2.172757 accuracy=0.000000 elapsed=1290.5s budget=100000.0s
step=28400 loss=2.163796 accuracy=0.000000 elapsed=1292.6s budget=100000.0s
step=28500 loss=2.173178 accuracy=0.000000 elapsed=1295.5s budget=100000.0s
step=28600 loss=2.170558 accuracy=0.000000 elapsed=1297.5s budget=100000.0s
step=28700 loss=2.172415 accuracy=0.000000 elapsed=1299.4s budget=100000.0s
step=28800 loss=2.177625 accuracy=0.000000 elapsed=1301.7s budget=100000.0s
step=28900 loss=2.169929 accuracy=0.000000 elapsed=1303.9s budget=100000.0s
step=29000 loss=2.175610 accuracy=0.000000 elapsed=1305.9s budget=100000.0s
step=29100 loss=2.170226 accuracy=0.000000 elapsed=1307.3s budget=100000.0s
step=29200 loss=2.173310 accuracy=0.000000 elapsed=1308.8s budget=100000.0s
step=29300 loss=2.155974 accuracy=0.000000 elapsed=1310.3s budget=100000.0s
step=29400 loss=2.165067 accuracy=0.000000 elapsed=1311.9s budget=100000.0s
step=29500 loss=2.164703 accuracy=0.000000 elapsed=1313.3s budget=100000.0s
step=29600 loss=2.166084 accuracy=0.000000 elapsed=1314.7s budget=100000.0s
step=29700 loss=2.158113 accuracy=0.000000 elapsed=1316.1s budget=100000.0s
step=29800 loss=2.159475 accuracy=0.000000 elapsed=1317.5s budget=100000.0s
step=29900 loss=2.165175 accuracy=0.000000 elapsed=1319.1s budget=100000.0s
step=30000 loss=2.163783 accuracy=0.000000 elapsed=1320.6s budget=100000.0s
step=30100 loss=2.166303 accuracy=0.000000 elapsed=1322.0s budget=100000.0s
step=30200 loss=2.153727 accuracy=0.000000 elapsed=1323.4s budget=100000.0s
step=30300 loss=2.172643 accuracy=0.000000 elapsed=1324.9s budget=100000.0s
step=30400 loss=2.166351 accuracy=0.000000 elapsed=1326.4s budget=100000.0s
step=30500 loss=2.170071 accuracy=0.000000 elapsed=1327.9s budget=100000.0s
step=30600 loss=2.168107 accuracy=0.000000 elapsed=1329.3s budget=100000.0s
step=30700 loss=2.172406 accuracy=0.000000 elapsed=1330.6s budget=100000.0s
step=30800 loss=2.168782 accuracy=0.000000 elapsed=1332.0s budget=100000.0s
step=30900 loss=2.162376 accuracy=0.000000 elapsed=1333.6s budget=100000.0s
step=31000 loss=2.152044 accuracy=0.000000 elapsed=1335.1s budget=100000.0s
step=31100 loss=2.162597 accuracy=0.000000 elapsed=1336.5s budget=100000.0s
step=31200 loss=2.175982 accuracy=0.000000 elapsed=1338.0s budget=100000.0s
step=31300 loss=2.172432 accuracy=0.000000 elapsed=1339.6s budget=100000.0s
step=31400 loss=2.165452 accuracy=0.000000 elapsed=1341.0s budget=100000.0s
step=31500 loss=2.175163 accuracy=0.000000 elapsed=1342.4s budget=100000.0s
step=31600 loss=2.174737 accuracy=0.000000 elapsed=1344.0s budget=100000.0s
step=31700 loss=2.172590 accuracy=0.000000 elapsed=1345.3s budget=100000.0s
step=31800 loss=2.170432 accuracy=0.000000 elapsed=1347.0s budget=100000.0s
step=31900 loss=2.164892 accuracy=0.000000 elapsed=1349.1s budget=100000.0s
step=32000 loss=2.174528 accuracy=0.000000 elapsed=1351.4s budget=100000.0s
step=32100 loss=2.159855 accuracy=0.000000 elapsed=1353.5s budget=100000.0s
step=32200 loss=2.169452 accuracy=0.000000 elapsed=1355.8s budget=100000.0s
step=32300 loss=2.163181 accuracy=0.000000 elapsed=1357.8s budget=100000.0s
step=32400 loss=2.166981 accuracy=0.000000 elapsed=1360.1s budget=100000.0s
step=32500 loss=2.162036 accuracy=0.000000 elapsed=1362.0s budget=100000.0s
step=32600 loss=2.167368 accuracy=0.000000 elapsed=1364.3s budget=100000.0s
step=32700 loss=2.181633 accuracy=0.000000 elapsed=1366.5s budget=100000.0s
step=32800 loss=2.163395 accuracy=0.000000 elapsed=1368.9s budget=100000.0s
step=32900 loss=2.160421 accuracy=0.000000 elapsed=1371.2s budget=100000.0s
step=33000 loss=2.163307 accuracy=0.000000 elapsed=1373.5s budget=100000.0s
step=33100 loss=2.163549 accuracy=0.000000 elapsed=1375.6s budget=100000.0s
step=33200 loss=2.168145 accuracy=0.000000 elapsed=1377.6s budget=100000.0s
step=33300 loss=2.169233 accuracy=0.000000 elapsed=1380.7s budget=100000.0s
step=33400 loss=2.170674 accuracy=0.001953 elapsed=1384.6s budget=100000.0s
step=33500 loss=2.179044 accuracy=0.000000 elapsed=1387.9s budget=100000.0s
step=33600 loss=2.170163 accuracy=0.000000 elapsed=1391.9s budget=100000.0s
step=33700 loss=2.166884 accuracy=0.000000 elapsed=1395.5s budget=100000.0s
step=33800 loss=2.169714 accuracy=0.000000 elapsed=1398.6s budget=100000.0s
step=33900 loss=2.165322 accuracy=0.000000 elapsed=1400.8s budget=100000.0s
step=34000 loss=2.170192 accuracy=0.000000 elapsed=1403.0s budget=100000.0s
step=34100 loss=2.171673 accuracy=0.000000 elapsed=1405.2s budget=100000.0s
step=34200 loss=2.173179 accuracy=0.000000 elapsed=1407.4s budget=100000.0s
step=34300 loss=2.164836 accuracy=0.003906 elapsed=1409.6s budget=100000.0s
step=34400 loss=2.170719 accuracy=0.000000 elapsed=1411.8s budget=100000.0s
step=34500 loss=2.169723 accuracy=0.000000 elapsed=1414.1s budget=100000.0s
step=34600 loss=2.180881 accuracy=0.000000 elapsed=1416.1s budget=100000.0s
step=34700 loss=2.161956 accuracy=0.001953 elapsed=1418.5s budget=100000.0s
step=34800 loss=2.176413 accuracy=0.000000 elapsed=1420.7s budget=100000.0s
step=34900 loss=2.177219 accuracy=0.000000 elapsed=1423.0s budget=100000.0s
step=35000 loss=2.164880 accuracy=0.000000 elapsed=1425.5s budget=100000.0s
step=35100 loss=2.170086 accuracy=0.000000 elapsed=1427.0s budget=100000.0s
step=35200 loss=2.157040 accuracy=0.001953 elapsed=1428.5s budget=100000.0s
step=35300 loss=2.173835 accuracy=0.000000 elapsed=1430.0s budget=100000.0s
step=35400 loss=2.174075 accuracy=0.000000 elapsed=1432.1s budget=100000.0s
step=35500 loss=2.165571 accuracy=0.000000 elapsed=1434.2s budget=100000.0s
step=35600 loss=2.172364 accuracy=0.000000 elapsed=1436.3s budget=100000.0s
step=35700 loss=2.165353 accuracy=0.000000 elapsed=1438.1s budget=100000.0s
step=35800 loss=2.171115 accuracy=0.000000 elapsed=1439.8s budget=100000.0s
step=35900 loss=2.169651 accuracy=0.000000 elapsed=1441.5s budget=100000.0s
step=36000 loss=2.173971 accuracy=0.000000 elapsed=1443.2s budget=100000.0s
step=36100 loss=2.174377 accuracy=0.000000 elapsed=1444.9s budget=100000.0s
step=36200 loss=2.167351 accuracy=0.000000 elapsed=1446.5s budget=100000.0s
step=36300 loss=2.172767 accuracy=0.000000 elapsed=1448.2s budget=100000.0s
step=36400 loss=2.165096 accuracy=0.000000 elapsed=1449.9s budget=100000.0s
step=36500 loss=2.176979 accuracy=0.000000 elapsed=1451.7s budget=100000.0s
step=36600 loss=2.162782 accuracy=0.000000 elapsed=1453.4s budget=100000.0s
step=36700 loss=2.179639 accuracy=0.000000 elapsed=1455.2s budget=100000.0s
step=36800 loss=2.182285 accuracy=0.000000 elapsed=1456.9s budget=100000.0s
step=36900 loss=2.163651 accuracy=0.000000 elapsed=1458.6s budget=100000.0s
step=37000 loss=2.174861 accuracy=0.000000 elapsed=1460.3s budget=100000.0s
step=37100 loss=2.167083 accuracy=0.000000 elapsed=1462.0s budget=100000.0s
step=37200 loss=2.155889 accuracy=0.000000 elapsed=1463.7s budget=100000.0s
step=37300 loss=2.156509 accuracy=0.000000 elapsed=1465.5s budget=100000.0s
step=37400 loss=2.165539 accuracy=0.000000 elapsed=1467.2s budget=100000.0s
step=37500 loss=2.159210 accuracy=0.000000 elapsed=1469.0s budget=100000.0s
step=37600 loss=2.165780 accuracy=0.000000 elapsed=1470.7s budget=100000.0s
step=37700 loss=2.170287 accuracy=0.000000 elapsed=1472.3s budget=100000.0s
step=37800 loss=2.164341 accuracy=0.000000 elapsed=1474.0s budget=100000.0s
step=37900 loss=2.170009 accuracy=0.000000 elapsed=1475.4s budget=100000.0s
step=38000 loss=2.172317 accuracy=0.000000 elapsed=1477.2s budget=100000.0s
step=38100 loss=2.160995 accuracy=0.000000 elapsed=1479.0s budget=100000.0s
step=38200 loss=2.166846 accuracy=0.000000 elapsed=1480.7s budget=100000.0s
step=38300 loss=2.172707 accuracy=0.001953 elapsed=1482.3s budget=100000.0s
step=38400 loss=2.160124 accuracy=0.000000 elapsed=1485.0s budget=100000.0s
step=38500 loss=2.163446 accuracy=0.000000 elapsed=1488.0s budget=100000.0s
step=38600 loss=2.176597 accuracy=0.000000 elapsed=1490.6s budget=100000.0s
step=38700 loss=2.174065 accuracy=0.000000 elapsed=1493.1s budget=100000.0s
step=38800 loss=2.170774 accuracy=0.000000 elapsed=1496.1s budget=100000.0s
step=38900 loss=2.160319 accuracy=0.000000 elapsed=1499.3s budget=100000.0s
step=39000 loss=2.159174 accuracy=0.000000 elapsed=1502.0s budget=100000.0s
step=39100 loss=2.146562 accuracy=0.000000 elapsed=1503.6s budget=100000.0s
step=39200 loss=2.165202 accuracy=0.000000 elapsed=1505.3s budget=100000.0s
step=39300 loss=2.157827 accuracy=0.000000 elapsed=1506.9s budget=100000.0s
step=39400 loss=2.168775 accuracy=0.000000 elapsed=1508.6s budget=100000.0s
step=39500 loss=2.167946 accuracy=0.000000 elapsed=1510.2s budget=100000.0s
step=39600 loss=2.173955 accuracy=0.000000 elapsed=1512.5s budget=100000.0s
step=39700 loss=2.173992 accuracy=0.000000 elapsed=1515.5s budget=100000.0s
step=39800 loss=2.178301 accuracy=0.000000 elapsed=1518.4s budget=100000.0s
step=39900 loss=2.158830 accuracy=0.000000 elapsed=1521.2s budget=100000.0s
step=40000 loss=2.161008 accuracy=0.003906 elapsed=1522.5s budget=100000.0s
seed=74 split=test loss=2.168115 exact_accuracy=0.000111
seed=74 split=ood_t loss=2.247956 exact_accuracy=0.000333
seed=74 split=ood_n_t loss=2.243259 exact_accuracy=0.000111
seed=74 profile=seen_n depth_t=1 exact_accuracy=0.000000 certified=False
seed=74 profile=seen_n depth_t=2 exact_accuracy=0.000000 certified=False
seed=74 profile=seen_n depth_t=4 exact_accuracy=0.000000 certified=False
seed=74 profile=seen_n depth_t=8 exact_accuracy=0.000000 certified=False
seed=74 profile=seen_n depth_t=16 exact_accuracy=0.000000 certified=False
seed=74 profile=seen_n depth_t=32 exact_accuracy=0.000000 certified=False
seed=74 profile=seen_n depth_t=64 exact_accuracy=0.001302 certified=False
seed=74 profile=ood_n depth_t=1 exact_accuracy=0.000000 certified=False
seed=74 profile=ood_n depth_t=2 exact_accuracy=0.000000 certified=False
seed=74 profile=ood_n depth_t=4 exact_accuracy=0.000000 certified=False
seed=74 profile=ood_n depth_t=8 exact_accuracy=0.000000 certified=False
seed=74 profile=ood_n depth_t=16 exact_accuracy=0.000000 certified=False
seed=74 profile=ood_n depth_t=32 exact_accuracy=0.000000 certified=False
seed=74 profile=ood_n depth_t=64 exact_accuracy=0.000000 certified=False
RESULT_JSON={"depth_profile": {"depth_factor": 0, "ladder": [1, 2, 4, 8, 16, 32, 64], "max_certified_time_steps": null, "ood_n_ladder": [1, 2, 4, 8, 16, 32, 64], "ood_n_max_certified_time_steps": null, "ood_n_profile_available": true}, "manifest": "lab_hf1_fs40000_s74", "score": {"mean_exact_accuracy": 0.00018518518518518518, "mean_loss": 2.219776961351372, "num_measurements": 3, "primary_metric": "mean_exact_accuracy"}, "seeds": [{"completed_training_steps": 40000, "depth_profile": {"depth_factor": 0, "ladder": [1, 2, 4, 8, 16, 32, 64], "max_certified_time_steps": null, "ood_n_ladder": [1, 2, 4, 8, 16, 32, 64], "ood_n_max_certified_time_steps": null, "ood_n_rungs": [{"correct_examples": 0, "exact_accuracy": 0.0, "example_count": 768, "status": "failed", "time_steps": 1}, {"correct_examples": 0, "exact_accuracy": 0.0, "example_count": 768, "status": "failed", "time_steps": 2}, {"correct_examples": 0, "exact_accuracy": 0.0, "example_count": 768, "status": "failed", "time_steps": 4}, {"correct_examples": 0, "exact_accuracy": 0.0, "example_count": 768, "status": "failed", "time_steps": 8}, {"correct_examples": 0, "exact_accuracy": 0.0, "example_count": 768, "status": "failed", "time_steps": 16}, {"correct_examples": 0, "exact_accuracy": 0.0, "example_count": 768, "status": "failed", "time_steps": 32}, {"correct_examples": 0, "exact_accuracy": 0.0, "example_count": 768, "status": "failed", "time_steps": 64}], "rungs": [{"correct_examples": 0, "exact_accuracy": 0.0, "example_count": 768, "status": "failed", "time_steps": 1}, {"correct_examples": 0, "exact_accuracy": 0.0, "example_count": 768, "status": "failed", "time_steps": 2}, {"correct_examples": 0, "exact_accuracy": 0.0, "example_count": 768, "status": "failed", "time_steps": 4}, {"correct_examples": 0, "exact_accuracy": 0.0, "example_count": 768, "status": "failed", "time_steps": 8}, {"correct_examples": 0, "exact_accuracy": 0.0, "example_count": 768, "status": "failed", "time_steps": 16}, {"correct_examples": 0, "exact_accuracy": 0.0, "example_count": 768, "status": "failed", "time_steps": 32}, {"correct_examples": 1, "exact_accuracy": 0.0013020833333333333, "example_count": 768, "status": "failed", "time_steps": 64}]}, "evaluation": {"ood_n_t": {"correct_examples": 1, "exact_accuracy": 0.00011111111111111112, "example_count": 9000, "loss": 2.2432594992462778}, "ood_t": {"correct_examples": 3, "exact_accuracy": 0.0003333333333333333, "example_count": 9000, "loss": 2.2479560769076143}, "test": {"correct_examples": 3, "exact_accuracy": 0.00011111111111111112, "example_count": 27000, "loss": 2.168115307900224}}, "evaluation_batch_size": 512, "evaluation_budget_seconds": 50000.0, "evaluation_seconds": 2.3875294760000543, "final_train_loss": 2.16100811958313, "max_training_steps": 40000, "model_state_elements": 12632064, "optimizer_state_elements_after_first_step": 25264141, "seed": 74, "training_batch_size": 512, "training_seconds": 1522.5393160470012}]}

--- stderr ---

