# cmd: /home/scratch.arohan_hw/git/one-layer-deeper/.venv/bin/python -m benchmark.runner --manifest /home/scratch.arohan_hw/git/one-layer-deeper/.worktrees/hf-digitalu-hf1/lab/manifests/lab_hf1_fs40000_s74.json --submission-file /home/scratch.arohan_hw/git/one-layer-deeper/.worktrees/hf-digitalu-hf1/submissions/hard-digitalu-hf1/ref/d128_L1_e0.02_lr0.001_b512_fit/submission.py
# rc=0
# submission: /home/scratch.arohan_hw/git/one-layer-deeper/.worktrees/hf-digitalu-hf1/submissions/hard-digitalu-hf1/ref/d128_L1_e0.02_lr0.001_b512_fit/submission.py
# manifest: /home/scratch.arohan_hw/git/one-layer-deeper/.worktrees/hf-digitalu-hf1/lab/manifests/lab_hf1_fs40000_s74.json
--- stdout ---
{
  "manifest": "lab_hf1_fs40000_s74",
  "model_spec": {
    "vocab_size": 17,
    "max_seq_len": 19,
    "maximum_model_state_elements": 500000000
  },
  "training_batch_size": 512,
  "evaluation_batch_size": 512,
  "max_training_steps": 40000,
  "total_training_time_seconds": 100000.0,
  "training_time_seconds_per_seed": 100000.0,
  "evaluation_time_seconds_per_seed": 50000.0,
  "seeds": [
    74
  ]
}
step=1 loss=2.862087 accuracy=0.000000 elapsed=9.7s budget=100000.0s
step=100 loss=2.177944 accuracy=0.000000 elapsed=10.4s budget=100000.0s
step=200 loss=2.167830 accuracy=0.000000 elapsed=10.8s budget=100000.0s
step=300 loss=2.178037 accuracy=0.000000 elapsed=11.3s budget=100000.0s
step=400 loss=2.177530 accuracy=0.000000 elapsed=11.8s budget=100000.0s
step=500 loss=2.180868 accuracy=0.000000 elapsed=12.4s budget=100000.0s
step=600 loss=2.189756 accuracy=0.000000 elapsed=12.9s budget=100000.0s
step=700 loss=2.167013 accuracy=0.000000 elapsed=13.3s budget=100000.0s
step=800 loss=2.169896 accuracy=0.000000 elapsed=13.8s budget=100000.0s
step=900 loss=2.178055 accuracy=0.000000 elapsed=14.3s budget=100000.0s
step=1000 loss=2.170650 accuracy=0.000000 elapsed=14.9s budget=100000.0s
step=1100 loss=2.176499 accuracy=0.000000 elapsed=15.4s budget=100000.0s
step=1200 loss=2.162524 accuracy=0.000000 elapsed=15.9s budget=100000.0s
step=1300 loss=2.174366 accuracy=0.001953 elapsed=16.3s budget=100000.0s
step=1400 loss=2.162662 accuracy=0.000000 elapsed=16.8s budget=100000.0s
step=1500 loss=2.170519 accuracy=0.000000 elapsed=17.4s budget=100000.0s
step=1600 loss=2.165296 accuracy=0.000000 elapsed=17.9s budget=100000.0s
step=1700 loss=2.173543 accuracy=0.000000 elapsed=18.3s budget=100000.0s
step=1800 loss=2.171492 accuracy=0.000000 elapsed=18.8s budget=100000.0s
step=1900 loss=2.158519 accuracy=0.000000 elapsed=19.5s budget=100000.0s
step=2000 loss=2.168159 accuracy=0.000000 elapsed=20.0s budget=100000.0s
step=2100 loss=2.159858 accuracy=0.000000 elapsed=20.4s budget=100000.0s
step=2200 loss=2.174871 accuracy=0.001953 elapsed=20.9s budget=100000.0s
step=2300 loss=2.163593 accuracy=0.000000 elapsed=21.4s budget=100000.0s
step=2400 loss=2.160576 accuracy=0.000000 elapsed=21.9s budget=100000.0s
step=2500 loss=2.168635 accuracy=0.000000 elapsed=22.4s budget=100000.0s
step=2600 loss=2.177819 accuracy=0.000000 elapsed=22.9s budget=100000.0s
step=2700 loss=2.164787 accuracy=0.000000 elapsed=23.4s budget=100000.0s
step=2800 loss=2.165597 accuracy=0.000000 elapsed=23.9s budget=100000.0s
step=2900 loss=2.171822 accuracy=0.000000 elapsed=24.5s budget=100000.0s
step=3000 loss=2.183608 accuracy=0.000000 elapsed=24.9s budget=100000.0s
step=3100 loss=2.182469 accuracy=0.000000 elapsed=25.4s budget=100000.0s
step=3200 loss=2.169834 accuracy=0.000000 elapsed=25.9s budget=100000.0s
step=3300 loss=2.163671 accuracy=0.000000 elapsed=26.3s budget=100000.0s
step=3400 loss=2.170191 accuracy=0.000000 elapsed=27.0s budget=100000.0s
step=3500 loss=2.165492 accuracy=0.000000 elapsed=27.5s budget=100000.0s
step=3600 loss=2.171683 accuracy=0.000000 elapsed=28.0s budget=100000.0s
step=3700 loss=2.166035 accuracy=0.000000 elapsed=28.6s budget=100000.0s
step=3800 loss=2.165466 accuracy=0.000000 elapsed=29.2s budget=100000.0s
step=3900 loss=2.172655 accuracy=0.000000 elapsed=29.7s budget=100000.0s
step=4000 loss=2.166917 accuracy=0.000000 elapsed=30.2s budget=100000.0s
step=4100 loss=2.164661 accuracy=0.000000 elapsed=30.7s budget=100000.0s
step=4200 loss=2.164972 accuracy=0.000000 elapsed=31.1s budget=100000.0s
step=4300 loss=2.170971 accuracy=0.000000 elapsed=31.7s budget=100000.0s
step=4400 loss=2.164950 accuracy=0.000000 elapsed=32.2s budget=100000.0s
step=4500 loss=2.172023 accuracy=0.000000 elapsed=32.7s budget=100000.0s
step=4600 loss=2.170535 accuracy=0.000000 elapsed=33.2s budget=100000.0s
step=4700 loss=2.172690 accuracy=0.000000 elapsed=33.6s budget=100000.0s
step=4800 loss=2.142061 accuracy=0.000000 elapsed=34.2s budget=100000.0s
step=4900 loss=2.165699 accuracy=0.000000 elapsed=34.7s budget=100000.0s
step=5000 loss=2.171796 accuracy=0.000000 elapsed=35.2s budget=100000.0s
step=5100 loss=2.184245 accuracy=0.000000 elapsed=35.6s budget=100000.0s
step=5200 loss=2.176764 accuracy=0.000000 elapsed=36.1s budget=100000.0s
step=5300 loss=2.171512 accuracy=0.000000 elapsed=36.8s budget=100000.0s
step=5400 loss=2.186244 accuracy=0.000000 elapsed=37.3s budget=100000.0s
step=5500 loss=2.164150 accuracy=0.000000 elapsed=37.8s budget=100000.0s
step=5600 loss=2.172305 accuracy=0.000000 elapsed=38.4s budget=100000.0s
step=5700 loss=2.171036 accuracy=0.000000 elapsed=39.0s budget=100000.0s
step=5800 loss=2.174508 accuracy=0.000000 elapsed=39.5s budget=100000.0s
step=5900 loss=2.173411 accuracy=0.000000 elapsed=40.0s budget=100000.0s
step=6000 loss=2.162617 accuracy=0.000000 elapsed=40.5s budget=100000.0s
step=6100 loss=2.178334 accuracy=0.000000 elapsed=40.9s budget=100000.0s
step=6200 loss=2.164709 accuracy=0.000000 elapsed=41.6s budget=100000.0s
step=6300 loss=2.176008 accuracy=0.000000 elapsed=42.0s budget=100000.0s
step=6400 loss=2.161505 accuracy=0.000000 elapsed=42.5s budget=100000.0s
step=6500 loss=2.162704 accuracy=0.000000 elapsed=43.0s budget=100000.0s
step=6600 loss=2.181776 accuracy=0.000000 elapsed=43.4s budget=100000.0s
step=6700 loss=2.169403 accuracy=0.000000 elapsed=44.1s budget=100000.0s
step=6800 loss=2.165708 accuracy=0.000000 elapsed=44.6s budget=100000.0s
step=6900 loss=2.176353 accuracy=0.000000 elapsed=45.0s budget=100000.0s
step=7000 loss=2.171659 accuracy=0.000000 elapsed=45.5s budget=100000.0s
step=7100 loss=2.179394 accuracy=0.000000 elapsed=45.9s budget=100000.0s
step=7200 loss=2.171130 accuracy=0.000000 elapsed=46.6s budget=100000.0s
step=7300 loss=2.172417 accuracy=0.000000 elapsed=47.1s budget=100000.0s
step=7400 loss=2.165614 accuracy=0.000000 elapsed=47.6s budget=100000.0s
step=7500 loss=2.169645 accuracy=0.000000 elapsed=48.1s budget=100000.0s
step=7600 loss=2.168543 accuracy=0.000000 elapsed=48.7s budget=100000.0s
step=7700 loss=2.156325 accuracy=0.000000 elapsed=49.2s budget=100000.0s
step=7800 loss=2.173744 accuracy=0.000000 elapsed=49.8s budget=100000.0s
step=7900 loss=2.167719 accuracy=0.000000 elapsed=50.2s budget=100000.0s
step=8000 loss=2.169624 accuracy=0.000000 elapsed=50.7s budget=100000.0s
step=8100 loss=2.176821 accuracy=0.000000 elapsed=51.4s budget=100000.0s
step=8200 loss=2.178357 accuracy=0.000000 elapsed=51.8s budget=100000.0s
step=8300 loss=2.180266 accuracy=0.000000 elapsed=52.3s budget=100000.0s
step=8400 loss=2.169774 accuracy=0.000000 elapsed=52.8s budget=100000.0s
step=8500 loss=2.176831 accuracy=0.000000 elapsed=53.2s budget=100000.0s
step=8600 loss=2.151207 accuracy=0.000000 elapsed=53.9s budget=100000.0s
step=8700 loss=2.166538 accuracy=0.000000 elapsed=54.3s budget=100000.0s
step=8800 loss=2.163727 accuracy=0.000000 elapsed=54.8s budget=100000.0s
step=8900 loss=2.163488 accuracy=0.000000 elapsed=55.3s budget=100000.0s
step=9000 loss=2.162384 accuracy=0.000000 elapsed=55.7s budget=100000.0s
step=9100 loss=2.163479 accuracy=0.000000 elapsed=56.3s budget=100000.0s
step=9200 loss=2.174410 accuracy=0.000000 elapsed=56.8s budget=100000.0s
step=9300 loss=2.177307 accuracy=0.001953 elapsed=57.3s budget=100000.0s
step=9400 loss=2.166202 accuracy=0.000000 elapsed=57.8s budget=100000.0s
step=9500 loss=2.172877 accuracy=0.000000 elapsed=58.3s budget=100000.0s
step=9600 loss=2.171909 accuracy=0.000000 elapsed=58.8s budget=100000.0s
step=9700 loss=2.170017 accuracy=0.000000 elapsed=59.3s budget=100000.0s
step=9800 loss=2.173563 accuracy=0.000000 elapsed=59.8s budget=100000.0s
step=9900 loss=2.173785 accuracy=0.000000 elapsed=60.3s budget=100000.0s
step=10000 loss=2.171154 accuracy=0.000000 elapsed=60.8s budget=100000.0s
step=10100 loss=2.167323 accuracy=0.000000 elapsed=61.3s budget=100000.0s
step=10200 loss=2.168588 accuracy=0.000000 elapsed=61.8s budget=100000.0s
step=10300 loss=2.178305 accuracy=0.000000 elapsed=62.3s budget=100000.0s
step=10400 loss=2.161724 accuracy=0.000000 elapsed=62.7s budget=100000.0s
step=10500 loss=2.171507 accuracy=0.000000 elapsed=63.4s budget=100000.0s
step=10600 loss=2.168938 accuracy=0.000000 elapsed=63.8s budget=100000.0s
step=10700 loss=2.176524 accuracy=0.000000 elapsed=64.3s budget=100000.0s
step=10800 loss=2.158645 accuracy=0.000000 elapsed=64.8s budget=100000.0s
step=10900 loss=2.179637 accuracy=0.000000 elapsed=65.3s budget=100000.0s
step=11000 loss=2.160398 accuracy=0.000000 elapsed=65.9s budget=100000.0s
step=11100 loss=2.168326 accuracy=0.000000 elapsed=66.3s budget=100000.0s
step=11200 loss=2.160511 accuracy=0.000000 elapsed=66.8s budget=100000.0s
step=11300 loss=2.164614 accuracy=0.000000 elapsed=67.3s budget=100000.0s
step=11400 loss=2.166206 accuracy=0.000000 elapsed=67.9s budget=100000.0s
step=11500 loss=2.177719 accuracy=0.000000 elapsed=68.4s budget=100000.0s
step=11600 loss=2.157842 accuracy=0.000000 elapsed=68.8s budget=100000.0s
step=11700 loss=2.157875 accuracy=0.000000 elapsed=69.3s budget=100000.0s
step=11800 loss=2.169815 accuracy=0.000000 elapsed=69.8s budget=100000.0s
step=11900 loss=2.163442 accuracy=0.000000 elapsed=70.4s budget=100000.0s
step=12000 loss=2.161050 accuracy=0.000000 elapsed=70.9s budget=100000.0s
step=12100 loss=2.168511 accuracy=0.000000 elapsed=71.3s budget=100000.0s
step=12200 loss=2.181727 accuracy=0.000000 elapsed=71.8s budget=100000.0s
step=12300 loss=2.171209 accuracy=0.000000 elapsed=72.2s budget=100000.0s
step=12400 loss=2.178484 accuracy=0.000000 elapsed=72.9s budget=100000.0s
step=12500 loss=2.170074 accuracy=0.000000 elapsed=73.4s budget=100000.0s
step=12600 loss=2.166256 accuracy=0.000000 elapsed=73.8s budget=100000.0s
step=12700 loss=2.169351 accuracy=0.000000 elapsed=74.3s budget=100000.0s
step=12800 loss=2.168180 accuracy=0.000000 elapsed=74.9s budget=100000.0s
step=12900 loss=2.176895 accuracy=0.000000 elapsed=75.4s budget=100000.0s
step=13000 loss=2.162185 accuracy=0.000000 elapsed=75.8s budget=100000.0s
step=13100 loss=2.168373 accuracy=0.000000 elapsed=76.3s budget=100000.0s
step=13200 loss=2.160188 accuracy=0.000000 elapsed=76.8s budget=100000.0s
step=13300 loss=2.171021 accuracy=0.000000 elapsed=77.3s budget=100000.0s
step=13400 loss=2.169001 accuracy=0.000000 elapsed=77.8s budget=100000.0s
step=13500 loss=2.156144 accuracy=0.000000 elapsed=78.3s budget=100000.0s
step=13600 loss=2.166166 accuracy=0.000000 elapsed=78.8s budget=100000.0s
step=13700 loss=2.166501 accuracy=0.000000 elapsed=79.2s budget=100000.0s
step=13800 loss=2.171738 accuracy=0.000000 elapsed=79.9s budget=100000.0s
step=13900 loss=2.171573 accuracy=0.000000 elapsed=80.4s budget=100000.0s
step=14000 loss=2.165776 accuracy=0.000000 elapsed=80.8s budget=100000.0s
step=14100 loss=2.176704 accuracy=0.000000 elapsed=81.3s budget=100000.0s
step=14200 loss=2.175734 accuracy=0.001953 elapsed=81.7s budget=100000.0s
step=14300 loss=2.176747 accuracy=0.000000 elapsed=82.4s budget=100000.0s
step=14400 loss=2.163713 accuracy=0.000000 elapsed=82.9s budget=100000.0s
step=14500 loss=2.170565 accuracy=0.000000 elapsed=83.3s budget=100000.0s
step=14600 loss=2.176471 accuracy=0.000000 elapsed=83.8s budget=100000.0s
step=14700 loss=2.165780 accuracy=0.000000 elapsed=84.4s budget=100000.0s
step=14800 loss=2.175154 accuracy=0.000000 elapsed=84.9s budget=100000.0s
step=14900 loss=2.168311 accuracy=0.000000 elapsed=85.4s budget=100000.0s
step=15000 loss=2.179832 accuracy=0.000000 elapsed=85.9s budget=100000.0s
step=15100 loss=2.163598 accuracy=0.000000 elapsed=86.3s budget=100000.0s
step=15200 loss=2.178367 accuracy=0.000000 elapsed=86.9s budget=100000.0s
step=15300 loss=2.168421 accuracy=0.000000 elapsed=87.4s budget=100000.0s
step=15400 loss=2.173160 accuracy=0.000000 elapsed=87.9s budget=100000.0s
step=15500 loss=2.174054 accuracy=0.000000 elapsed=88.4s budget=100000.0s
step=15600 loss=2.162485 accuracy=0.000000 elapsed=88.8s budget=100000.0s
step=15700 loss=2.170108 accuracy=0.000000 elapsed=89.5s budget=100000.0s
step=15800 loss=2.167736 accuracy=0.000000 elapsed=89.9s budget=100000.0s
step=15900 loss=2.176995 accuracy=0.000000 elapsed=90.4s budget=100000.0s
step=16000 loss=2.169875 accuracy=0.000000 elapsed=90.9s budget=100000.0s
step=16100 loss=2.160553 accuracy=0.000000 elapsed=91.3s budget=100000.0s
step=16200 loss=2.165861 accuracy=0.000000 elapsed=91.9s budget=100000.0s
step=16300 loss=2.164904 accuracy=0.000000 elapsed=92.5s budget=100000.0s
step=16400 loss=2.163146 accuracy=0.000000 elapsed=93.0s budget=100000.0s
step=16500 loss=2.162558 accuracy=0.000000 elapsed=93.5s budget=100000.0s
step=16600 loss=2.162228 accuracy=0.000000 elapsed=94.1s budget=100000.0s
step=16700 loss=2.166321 accuracy=0.000000 elapsed=94.6s budget=100000.0s
step=16800 loss=2.175524 accuracy=0.000000 elapsed=95.1s budget=100000.0s
step=16900 loss=2.159409 accuracy=0.000000 elapsed=95.5s budget=100000.0s
step=17000 loss=2.176435 accuracy=0.000000 elapsed=96.0s budget=100000.0s
step=17100 loss=2.173229 accuracy=0.000000 elapsed=96.6s budget=100000.0s
step=17200 loss=2.174582 accuracy=0.000000 elapsed=97.1s budget=100000.0s
step=17300 loss=2.183800 accuracy=0.000000 elapsed=97.5s budget=100000.0s
step=17400 loss=2.163452 accuracy=0.000000 elapsed=98.0s budget=100000.0s
step=17500 loss=2.169509 accuracy=0.000000 elapsed=98.4s budget=100000.0s
step=17600 loss=2.167637 accuracy=0.000000 elapsed=99.1s budget=100000.0s
step=17700 loss=2.159474 accuracy=0.000000 elapsed=99.6s budget=100000.0s
step=17800 loss=2.172508 accuracy=0.000000 elapsed=100.0s budget=100000.0s
step=17900 loss=2.176315 accuracy=0.000000 elapsed=100.5s budget=100000.0s
step=18000 loss=2.168681 accuracy=0.000000 elapsed=100.9s budget=100000.0s
step=18100 loss=2.167653 accuracy=0.000000 elapsed=101.6s budget=100000.0s
step=18200 loss=2.170137 accuracy=0.000000 elapsed=102.0s budget=100000.0s
step=18300 loss=2.163694 accuracy=0.000000 elapsed=102.5s budget=100000.0s
step=18400 loss=2.175086 accuracy=0.000000 elapsed=103.0s budget=100000.0s
step=18500 loss=2.171604 accuracy=0.000000 elapsed=103.6s budget=100000.0s
step=18600 loss=2.173505 accuracy=0.000000 elapsed=104.1s budget=100000.0s
step=18700 loss=2.177821 accuracy=0.000000 elapsed=104.5s budget=100000.0s
step=18800 loss=2.164268 accuracy=0.000000 elapsed=105.0s budget=100000.0s
step=18900 loss=2.163988 accuracy=0.000000 elapsed=105.4s budget=100000.0s
step=19000 loss=2.184932 accuracy=0.000000 elapsed=106.1s budget=100000.0s
step=19100 loss=2.160021 accuracy=0.000000 elapsed=106.5s budget=100000.0s
step=19200 loss=2.169785 accuracy=0.000000 elapsed=107.0s budget=100000.0s
step=19300 loss=2.165464 accuracy=0.000000 elapsed=107.5s budget=100000.0s
step=19400 loss=2.171102 accuracy=0.000000 elapsed=107.9s budget=100000.0s
step=19500 loss=2.164107 accuracy=0.000000 elapsed=108.5s budget=100000.0s
step=19600 loss=2.172003 accuracy=0.000000 elapsed=109.0s budget=100000.0s
step=19700 loss=2.163666 accuracy=0.000000 elapsed=109.6s budget=100000.0s
step=19800 loss=2.172425 accuracy=0.001953 elapsed=110.1s budget=100000.0s
step=19900 loss=2.160757 accuracy=0.000000 elapsed=110.6s budget=100000.0s
step=20000 loss=2.161924 accuracy=0.000000 elapsed=111.2s budget=100000.0s
step=20100 loss=2.169175 accuracy=0.000000 elapsed=111.7s budget=100000.0s
step=20200 loss=2.170060 accuracy=0.000000 elapsed=112.1s budget=100000.0s
step=20300 loss=2.174546 accuracy=0.000000 elapsed=112.6s budget=100000.0s
step=20400 loss=2.161045 accuracy=0.000000 elapsed=113.2s budget=100000.0s
step=20500 loss=2.168928 accuracy=0.000000 elapsed=113.7s budget=100000.0s
step=20600 loss=2.151731 accuracy=0.000000 elapsed=114.1s budget=100000.0s
step=20700 loss=2.166608 accuracy=0.000000 elapsed=114.6s budget=100000.0s
step=20800 loss=2.169931 accuracy=0.001953 elapsed=115.0s budget=100000.0s
step=20900 loss=2.173949 accuracy=0.000000 elapsed=115.6s budget=100000.0s
step=21000 loss=2.167402 accuracy=0.000000 elapsed=116.1s budget=100000.0s
step=21100 loss=2.166847 accuracy=0.000000 elapsed=116.6s budget=100000.0s
step=21200 loss=2.158548 accuracy=0.000000 elapsed=117.1s budget=100000.0s
step=21300 loss=2.156783 accuracy=0.000000 elapsed=117.5s budget=100000.0s
step=21400 loss=2.177234 accuracy=0.000000 elapsed=118.1s budget=100000.0s
step=21500 loss=2.168833 accuracy=0.000000 elapsed=118.6s budget=100000.0s
step=21600 loss=2.162924 accuracy=0.000000 elapsed=119.1s budget=100000.0s
step=21700 loss=2.181608 accuracy=0.000000 elapsed=119.5s budget=100000.0s
step=21800 loss=2.162673 accuracy=0.000000 elapsed=120.0s budget=100000.0s
step=21900 loss=2.163450 accuracy=0.000000 elapsed=120.6s budget=100000.0s
step=22000 loss=2.171236 accuracy=0.000000 elapsed=121.1s budget=100000.0s
step=22100 loss=2.163600 accuracy=0.000000 elapsed=121.5s budget=100000.0s
step=22200 loss=2.166662 accuracy=0.000000 elapsed=122.0s budget=100000.0s
step=22300 loss=2.159870 accuracy=0.000000 elapsed=122.6s budget=100000.0s
step=22400 loss=2.166888 accuracy=0.000000 elapsed=123.1s budget=100000.0s
step=22500 loss=2.175920 accuracy=0.000000 elapsed=123.5s budget=100000.0s
step=22600 loss=2.157023 accuracy=0.000000 elapsed=124.0s budget=100000.0s
step=22700 loss=2.177683 accuracy=0.000000 elapsed=124.5s budget=100000.0s
step=22800 loss=2.160810 accuracy=0.000000 elapsed=125.1s budget=100000.0s
step=22900 loss=2.162882 accuracy=0.000000 elapsed=125.5s budget=100000.0s
step=23000 loss=2.166940 accuracy=0.000000 elapsed=126.0s budget=100000.0s
step=23100 loss=2.164579 accuracy=0.000000 elapsed=126.5s budget=100000.0s
step=23200 loss=2.180768 accuracy=0.000000 elapsed=126.9s budget=100000.0s
step=23300 loss=2.172115 accuracy=0.000000 elapsed=127.5s budget=100000.0s
step=23400 loss=2.169788 accuracy=0.000000 elapsed=128.0s budget=100000.0s
step=23500 loss=2.162684 accuracy=0.000000 elapsed=128.5s budget=100000.0s
step=23600 loss=2.154131 accuracy=0.000000 elapsed=129.0s budget=100000.0s
step=23700 loss=2.156856 accuracy=0.000000 elapsed=129.4s budget=100000.0s
step=23800 loss=2.171369 accuracy=0.000000 elapsed=130.0s budget=100000.0s
step=23900 loss=2.163694 accuracy=0.000000 elapsed=130.5s budget=100000.0s
step=24000 loss=2.171550 accuracy=0.000000 elapsed=131.0s budget=100000.0s
step=24100 loss=2.166152 accuracy=0.000000 elapsed=131.5s budget=100000.0s
step=24200 loss=2.165434 accuracy=0.000000 elapsed=132.1s budget=100000.0s
step=24300 loss=2.167170 accuracy=0.000000 elapsed=132.6s budget=100000.0s
step=24400 loss=2.179662 accuracy=0.000000 elapsed=133.1s budget=100000.0s
step=24500 loss=2.167162 accuracy=0.000000 elapsed=133.5s budget=100000.0s
step=24600 loss=2.177640 accuracy=0.000000 elapsed=134.0s budget=100000.0s
step=24700 loss=2.161988 accuracy=0.000000 elapsed=134.6s budget=100000.0s
step=24800 loss=2.175763 accuracy=0.000000 elapsed=135.1s budget=100000.0s
step=24900 loss=2.169385 accuracy=0.000000 elapsed=135.5s budget=100000.0s
step=25000 loss=2.164035 accuracy=0.000000 elapsed=136.0s budget=100000.0s
step=25100 loss=2.167366 accuracy=0.000000 elapsed=136.4s budget=100000.0s
step=25200 loss=2.181265 accuracy=0.000000 elapsed=137.1s budget=100000.0s
step=25300 loss=2.173634 accuracy=0.000000 elapsed=137.6s budget=100000.0s
step=25400 loss=2.171278 accuracy=0.000000 elapsed=138.0s budget=100000.0s
step=25500 loss=2.175286 accuracy=0.000000 elapsed=138.5s budget=100000.0s
step=25600 loss=2.175009 accuracy=0.000000 elapsed=139.1s budget=100000.0s
step=25700 loss=2.173186 accuracy=0.000000 elapsed=139.6s budget=100000.0s
step=25800 loss=2.174937 accuracy=0.000000 elapsed=140.1s budget=100000.0s
step=25900 loss=2.162452 accuracy=0.000000 elapsed=140.6s budget=100000.0s
step=26000 loss=2.170681 accuracy=0.000000 elapsed=141.1s budget=100000.0s
step=26100 loss=2.164291 accuracy=0.000000 elapsed=141.7s budget=100000.0s
step=26200 loss=2.177598 accuracy=0.000000 elapsed=142.2s budget=100000.0s
step=26300 loss=2.171484 accuracy=0.000000 elapsed=142.7s budget=100000.0s
step=26400 loss=2.171064 accuracy=0.000000 elapsed=143.2s budget=100000.0s
step=26500 loss=2.170464 accuracy=0.000000 elapsed=143.6s budget=100000.0s
step=26600 loss=2.165045 accuracy=0.000000 elapsed=144.2s budget=100000.0s
step=26700 loss=2.160966 accuracy=0.000000 elapsed=144.7s budget=100000.0s
step=26800 loss=2.163593 accuracy=0.000000 elapsed=145.2s budget=100000.0s
step=26900 loss=2.167239 accuracy=0.000000 elapsed=145.6s budget=100000.0s
step=27000 loss=2.179482 accuracy=0.001953 elapsed=146.1s budget=100000.0s
step=27100 loss=2.167108 accuracy=0.000000 elapsed=146.7s budget=100000.0s
step=27200 loss=2.183498 accuracy=0.000000 elapsed=147.3s budget=100000.0s
step=27300 loss=2.166808 accuracy=0.000000 elapsed=147.7s budget=100000.0s
step=27400 loss=2.171422 accuracy=0.000000 elapsed=148.2s budget=100000.0s
step=27500 loss=2.164826 accuracy=0.001953 elapsed=148.7s budget=100000.0s
step=27600 loss=2.166682 accuracy=0.000000 elapsed=149.3s budget=100000.0s
step=27700 loss=2.170730 accuracy=0.000000 elapsed=149.8s budget=100000.0s
step=27800 loss=2.169892 accuracy=0.000000 elapsed=150.3s budget=100000.0s
step=27900 loss=2.162629 accuracy=0.000000 elapsed=150.7s budget=100000.0s
step=28000 loss=2.164263 accuracy=0.000000 elapsed=151.3s budget=100000.0s
step=28100 loss=2.166082 accuracy=0.000000 elapsed=151.8s budget=100000.0s
step=28200 loss=2.171402 accuracy=0.000000 elapsed=152.3s budget=100000.0s
step=28300 loss=2.169881 accuracy=0.000000 elapsed=152.7s budget=100000.0s
step=28400 loss=2.162903 accuracy=0.000000 elapsed=153.2s budget=100000.0s
step=28500 loss=2.169702 accuracy=0.000000 elapsed=153.8s budget=100000.0s
step=28600 loss=2.165119 accuracy=0.000000 elapsed=154.3s budget=100000.0s
step=28700 loss=2.169450 accuracy=0.000000 elapsed=154.8s budget=100000.0s
step=28800 loss=2.176698 accuracy=0.000000 elapsed=155.2s budget=100000.0s
step=28900 loss=2.165503 accuracy=0.000000 elapsed=155.7s budget=100000.0s
step=29000 loss=2.172895 accuracy=0.000000 elapsed=156.3s budget=100000.0s
step=29100 loss=2.164133 accuracy=0.000000 elapsed=156.8s budget=100000.0s
step=29200 loss=2.170464 accuracy=0.000000 elapsed=157.3s budget=100000.0s
step=29300 loss=2.154910 accuracy=0.000000 elapsed=157.7s budget=100000.0s
step=29400 loss=2.163046 accuracy=0.001953 elapsed=158.3s budget=100000.0s
step=29500 loss=2.162232 accuracy=0.001953 elapsed=158.8s budget=100000.0s
step=29600 loss=2.163803 accuracy=0.000000 elapsed=159.3s budget=100000.0s
step=29700 loss=2.158274 accuracy=0.000000 elapsed=159.7s budget=100000.0s
step=29800 loss=2.157161 accuracy=0.000000 elapsed=160.2s budget=100000.0s
step=29900 loss=2.159317 accuracy=0.000000 elapsed=160.8s budget=100000.0s
step=30000 loss=2.162232 accuracy=0.000000 elapsed=161.3s budget=100000.0s
step=30100 loss=2.164522 accuracy=0.000000 elapsed=161.8s budget=100000.0s
step=30200 loss=2.151389 accuracy=0.000000 elapsed=162.2s budget=100000.0s
step=30300 loss=2.168423 accuracy=0.000000 elapsed=162.7s budget=100000.0s
step=30400 loss=2.163209 accuracy=0.000000 elapsed=163.3s budget=100000.0s
step=30500 loss=2.166526 accuracy=0.000000 elapsed=163.8s budget=100000.0s
step=30600 loss=2.161228 accuracy=0.000000 elapsed=164.2s budget=100000.0s
step=30700 loss=2.170047 accuracy=0.000000 elapsed=164.7s budget=100000.0s
step=30800 loss=2.166513 accuracy=0.000000 elapsed=165.2s budget=100000.0s
step=30900 loss=2.160588 accuracy=0.000000 elapsed=165.8s budget=100000.0s
step=31000 loss=2.149028 accuracy=0.000000 elapsed=166.3s budget=100000.0s
step=31100 loss=2.161554 accuracy=0.000000 elapsed=166.7s budget=100000.0s
step=31200 loss=2.172428 accuracy=0.000000 elapsed=167.2s budget=100000.0s
step=31300 loss=2.166622 accuracy=0.001953 elapsed=167.8s budget=100000.0s
step=31400 loss=2.161634 accuracy=0.000000 elapsed=168.3s budget=100000.0s
step=31500 loss=2.170945 accuracy=0.000000 elapsed=168.8s budget=100000.0s
step=31600 loss=2.170330 accuracy=0.000000 elapsed=169.2s budget=100000.0s
step=31700 loss=2.167770 accuracy=0.000000 elapsed=169.7s budget=100000.0s
step=31800 loss=2.167982 accuracy=0.000000 elapsed=170.3s budget=100000.0s
step=31900 loss=2.161267 accuracy=0.000000 elapsed=170.8s budget=100000.0s
step=32000 loss=2.172281 accuracy=0.000000 elapsed=171.2s budget=100000.0s
step=32100 loss=2.157625 accuracy=0.000000 elapsed=171.7s budget=100000.0s
step=32200 loss=2.165307 accuracy=0.000000 elapsed=172.1s budget=100000.0s
step=32300 loss=2.158579 accuracy=0.000000 elapsed=172.7s budget=100000.0s
step=32400 loss=2.160921 accuracy=0.000000 elapsed=173.2s budget=100000.0s
step=32500 loss=2.157245 accuracy=0.000000 elapsed=173.7s budget=100000.0s
step=32600 loss=2.163445 accuracy=0.000000 elapsed=174.2s budget=100000.0s
step=32700 loss=2.179057 accuracy=0.000000 elapsed=174.6s budget=100000.0s
step=32800 loss=2.160366 accuracy=0.001953 elapsed=175.2s budget=100000.0s
step=32900 loss=2.155983 accuracy=0.000000 elapsed=175.7s budget=100000.0s
step=33000 loss=2.162212 accuracy=0.000000 elapsed=176.2s budget=100000.0s
step=33100 loss=2.160346 accuracy=0.000000 elapsed=176.6s budget=100000.0s
step=33200 loss=2.161580 accuracy=0.000000 elapsed=177.2s budget=100000.0s
step=33300 loss=2.168193 accuracy=0.000000 elapsed=177.7s budget=100000.0s
step=33400 loss=2.167614 accuracy=0.000000 elapsed=178.3s budget=100000.0s
step=33500 loss=2.172471 accuracy=0.000000 elapsed=178.8s budget=100000.0s
step=33600 loss=2.166497 accuracy=0.000000 elapsed=179.3s budget=100000.0s
step=33700 loss=2.164741 accuracy=0.001953 elapsed=179.9s budget=100000.0s
step=33800 loss=2.166290 accuracy=0.000000 elapsed=180.4s budget=100000.0s
step=33900 loss=2.162949 accuracy=0.000000 elapsed=180.9s budget=100000.0s
step=34000 loss=2.166526 accuracy=0.000000 elapsed=181.3s budget=100000.0s
step=34100 loss=2.168961 accuracy=0.000000 elapsed=181.8s budget=100000.0s
step=34200 loss=2.171084 accuracy=0.000000 elapsed=182.4s budget=100000.0s
step=34300 loss=2.156763 accuracy=0.000000 elapsed=182.9s budget=100000.0s
step=34400 loss=2.168314 accuracy=0.000000 elapsed=183.3s budget=100000.0s
step=34500 loss=2.164261 accuracy=0.000000 elapsed=183.8s budget=100000.0s
step=34600 loss=2.179689 accuracy=0.000000 elapsed=184.2s budget=100000.0s
step=34700 loss=2.160109 accuracy=0.000000 elapsed=184.9s budget=100000.0s
step=34800 loss=2.177276 accuracy=0.001953 elapsed=185.3s budget=100000.0s
step=34900 loss=2.171891 accuracy=0.000000 elapsed=185.8s budget=100000.0s
step=35000 loss=2.163341 accuracy=0.000000 elapsed=186.3s budget=100000.0s
step=35100 loss=2.163695 accuracy=0.000000 elapsed=186.8s budget=100000.0s
step=35200 loss=2.148970 accuracy=0.000000 elapsed=187.3s budget=100000.0s
step=35300 loss=2.168903 accuracy=0.000000 elapsed=187.8s budget=100000.0s
step=35400 loss=2.171631 accuracy=0.000000 elapsed=188.3s budget=100000.0s
step=35500 loss=2.159972 accuracy=0.000000 elapsed=188.7s budget=100000.0s
step=35600 loss=2.162780 accuracy=0.000000 elapsed=189.3s budget=100000.0s
step=35700 loss=2.162616 accuracy=0.000000 elapsed=189.8s budget=100000.0s
step=35800 loss=2.168482 accuracy=0.000000 elapsed=190.3s budget=100000.0s
step=35900 loss=2.162743 accuracy=0.000000 elapsed=190.7s budget=100000.0s
step=36000 loss=2.167071 accuracy=0.000000 elapsed=191.2s budget=100000.0s
step=36100 loss=2.172677 accuracy=0.000000 elapsed=191.8s budget=100000.0s
step=36200 loss=2.166878 accuracy=0.000000 elapsed=192.3s budget=100000.0s
step=36300 loss=2.169564 accuracy=0.000000 elapsed=192.8s budget=100000.0s
step=36400 loss=2.160898 accuracy=0.000000 elapsed=193.2s budget=100000.0s
step=36500 loss=2.169505 accuracy=0.000000 elapsed=193.8s budget=100000.0s
step=36600 loss=2.156570 accuracy=0.000000 elapsed=194.3s budget=100000.0s
step=36700 loss=2.175401 accuracy=0.000000 elapsed=194.8s budget=100000.0s
step=36800 loss=2.180526 accuracy=0.000000 elapsed=195.2s budget=100000.0s
step=36900 loss=2.160962 accuracy=0.000000 elapsed=195.7s budget=100000.0s
step=37000 loss=2.171538 accuracy=0.000000 elapsed=196.3s budget=100000.0s
step=37100 loss=2.163168 accuracy=0.000000 elapsed=196.8s budget=100000.0s
step=37200 loss=2.153395 accuracy=0.000000 elapsed=197.2s budget=100000.0s
step=37300 loss=2.154333 accuracy=0.000000 elapsed=197.7s budget=100000.0s
step=37400 loss=2.160290 accuracy=0.000000 elapsed=198.2s budget=100000.0s
step=37500 loss=2.156591 accuracy=0.000000 elapsed=198.8s budget=100000.0s
step=37600 loss=2.163634 accuracy=0.000000 elapsed=199.2s budget=100000.0s
step=37700 loss=2.167286 accuracy=0.001953 elapsed=199.7s budget=100000.0s
step=37800 loss=2.160863 accuracy=0.000000 elapsed=200.2s budget=100000.0s
step=37900 loss=2.168586 accuracy=0.000000 elapsed=200.6s budget=100000.0s
step=38000 loss=2.169766 accuracy=0.000000 elapsed=201.3s budget=100000.0s
step=38100 loss=2.156784 accuracy=0.000000 elapsed=201.7s budget=100000.0s
step=38200 loss=2.161704 accuracy=0.000000 elapsed=202.2s budget=100000.0s
step=38300 loss=2.168000 accuracy=0.000000 elapsed=202.7s budget=100000.0s
step=38400 loss=2.154436 accuracy=0.000000 elapsed=203.2s budget=100000.0s
step=38500 loss=2.162652 accuracy=0.000000 elapsed=203.7s budget=100000.0s
step=38600 loss=2.174748 accuracy=0.000000 elapsed=204.2s budget=100000.0s
step=38700 loss=2.169172 accuracy=0.000000 elapsed=204.7s budget=100000.0s
step=38800 loss=2.168756 accuracy=0.000000 elapsed=205.2s budget=100000.0s
step=38900 loss=2.154734 accuracy=0.000000 elapsed=205.8s budget=100000.0s
step=39000 loss=2.156641 accuracy=0.000000 elapsed=206.3s budget=100000.0s
step=39100 loss=2.147022 accuracy=0.000000 elapsed=206.8s budget=100000.0s
step=39200 loss=2.163143 accuracy=0.000000 elapsed=207.4s budget=100000.0s
step=39300 loss=2.154639 accuracy=0.000000 elapsed=207.8s budget=100000.0s
step=39400 loss=2.161181 accuracy=0.000000 elapsed=208.5s budget=100000.0s
step=39500 loss=2.168618 accuracy=0.000000 elapsed=209.0s budget=100000.0s
step=39600 loss=2.168292 accuracy=0.000000 elapsed=209.6s budget=100000.0s
step=39700 loss=2.168540 accuracy=0.000000 elapsed=210.1s budget=100000.0s
step=39800 loss=2.179152 accuracy=0.000000 elapsed=210.6s budget=100000.0s
step=39900 loss=2.154825 accuracy=0.000000 elapsed=211.3s budget=100000.0s
step=40000 loss=2.155954 accuracy=0.001953 elapsed=211.9s budget=100000.0s
seed=74 split=test loss=2.173257 exact_accuracy=0.000074
seed=74 split=ood_t loss=2.207687 exact_accuracy=0.000000
seed=74 split=ood_n_t loss=2.205374 exact_accuracy=0.000000
seed=74 profile=seen_n depth_t=1 exact_accuracy=0.000000 certified=False
seed=74 profile=seen_n depth_t=2 exact_accuracy=0.000000 certified=False
seed=74 profile=seen_n depth_t=4 exact_accuracy=0.000000 certified=False
seed=74 profile=seen_n depth_t=8 exact_accuracy=0.001302 certified=False
seed=74 profile=seen_n depth_t=16 exact_accuracy=0.000000 certified=False
seed=74 profile=seen_n depth_t=32 exact_accuracy=0.000000 certified=False
seed=74 profile=seen_n depth_t=64 exact_accuracy=0.000000 certified=False
seed=74 profile=ood_n depth_t=1 exact_accuracy=0.000000 certified=False
seed=74 profile=ood_n depth_t=2 exact_accuracy=0.000000 certified=False
seed=74 profile=ood_n depth_t=4 exact_accuracy=0.000000 certified=False
seed=74 profile=ood_n depth_t=8 exact_accuracy=0.001302 certified=False
seed=74 profile=ood_n depth_t=16 exact_accuracy=0.000000 certified=False
seed=74 profile=ood_n depth_t=32 exact_accuracy=0.000000 certified=False
seed=74 profile=ood_n depth_t=64 exact_accuracy=0.000000 certified=False
RESULT_JSON={"depth_profile": {"depth_factor": 0, "ladder": [1, 2, 4, 8, 16, 32, 64], "max_certified_time_steps": null, "ood_n_ladder": [1, 2, 4, 8, 16, 32, 64], "ood_n_max_certified_time_steps": null, "ood_n_profile_available": true}, "manifest": "lab_hf1_fs40000_s74", "score": {"mean_exact_accuracy": 2.4691358024691357e-05, "mean_loss": 2.1954392132170715, "num_measurements": 3, "primary_metric": "mean_exact_accuracy"}, "seeds": [{"completed_training_steps": 40000, "depth_profile": {"depth_factor": 0, "ladder": [1, 2, 4, 8, 16, 32, 64], "max_certified_time_steps": null, "ood_n_ladder": [1, 2, 4, 8, 16, 32, 64], "ood_n_max_certified_time_steps": null, "ood_n_rungs": [{"correct_examples": 0, "exact_accuracy": 0.0, "example_count": 768, "status": "failed", "time_steps": 1}, {"correct_examples": 0, "exact_accuracy": 0.0, "example_count": 768, "status": "failed", "time_steps": 2}, {"correct_examples": 0, "exact_accuracy": 0.0, "example_count": 768, "status": "failed", "time_steps": 4}, {"correct_examples": 1, "exact_accuracy": 0.0013020833333333333, "example_count": 768, "status": "failed", "time_steps": 8}, {"correct_examples": 0, "exact_accuracy": 0.0, "example_count": 768, "status": "failed", "time_steps": 16}, {"correct_examples": 0, "exact_accuracy": 0.0, "example_count": 768, "status": "failed", "time_steps": 32}, {"correct_examples": 0, "exact_accuracy": 0.0, "example_count": 768, "status": "failed", "time_steps": 64}], "rungs": [{"correct_examples": 0, "exact_accuracy": 0.0, "example_count": 768, "status": "failed", "time_steps": 1}, {"correct_examples": 0, "exact_accuracy": 0.0, "example_count": 768, "status": "failed", "time_steps": 2}, {"correct_examples": 0, "exact_accuracy": 0.0, "example_count": 768, "status": "failed", "time_steps": 4}, {"correct_examples": 1, "exact_accuracy": 0.0013020833333333333, "example_count": 768, "status": "failed", "time_steps": 8}, {"correct_examples": 0, "exact_accuracy": 0.0, "example_count": 768, "status": "failed", "time_steps": 16}, {"correct_examples": 0, "exact_accuracy": 0.0, "example_count": 768, "status": "failed", "time_steps": 32}, {"correct_examples": 0, "exact_accuracy": 0.0, "example_count": 768, "status": "failed", "time_steps": 64}]}, "evaluation": {"ood_n_t": {"correct_examples": 0, "exact_accuracy": 0.0, "example_count": 9000, "loss": 2.205373700516732}, "ood_t": {"correct_examples": 0, "exact_accuracy": 0.0, "example_count": 9000, "loss": 2.2076866042782917}, "test": {"correct_examples": 2, "exact_accuracy": 7.407407407407407e-05, "example_count": 27000, "loss": 2.173257334856191}}, "evaluation_batch_size": 512, "evaluation_budget_seconds": 50000.0, "evaluation_seconds": 2.2351365100003022, "final_train_loss": 2.155954360961914, "max_training_steps": 40000, "model_state_elements": 202752, "optimizer_state_elements_after_first_step": 405517, "seed": 74, "training_batch_size": 512, "training_seconds": 211.8710638499997}]}

--- stderr ---

