# cmd: /home/scratch.arohan_hw/git/one-layer-deeper/.venv/bin/python -m benchmark.runner --manifest /home/scratch.arohan_hw/git/one-layer-deeper/.worktrees/hf-digitalu-hf1/lab/manifests/lab_hf1s_fs40000_s74.json --submission-file /home/scratch.arohan_hw/git/one-layer-deeper/.worktrees/hf-digitalu-hf1/submissions/hard-digitalu-hf1/ref/d512_L1_e0.02_lr0.001_b512_fit/submission.py
# rc=0
# submission: /home/scratch.arohan_hw/git/one-layer-deeper/.worktrees/hf-digitalu-hf1/submissions/hard-digitalu-hf1/ref/d512_L1_e0.02_lr0.001_b512_fit/submission.py
# manifest: /home/scratch.arohan_hw/git/one-layer-deeper/.worktrees/hf-digitalu-hf1/lab/manifests/lab_hf1s_fs40000_s74.json
--- stdout ---
{
  "manifest": "lab_hf1s_fs40000_s74",
  "model_spec": {
    "vocab_size": 17,
    "max_seq_len": 19,
    "maximum_model_state_elements": 500000000
  },
  "training_batch_size": 512,
  "evaluation_batch_size": 512,
  "max_training_steps": 40000,
  "total_training_time_seconds": 100000.0,
  "training_time_seconds_per_seed": 100000.0,
  "evaluation_time_seconds_per_seed": 50000.0,
  "seeds": [
    74
  ]
}
step=1 loss=2.987218 accuracy=0.000000 elapsed=5.8s budget=100000.0s
step=100 loss=2.216296 accuracy=0.000000 elapsed=38.3s budget=100000.0s
step=200 loss=2.196707 accuracy=0.000000 elapsed=73.6s budget=100000.0s
step=300 loss=2.203225 accuracy=0.000000 elapsed=110.2s budget=100000.0s
step=400 loss=2.188623 accuracy=0.003906 elapsed=147.4s budget=100000.0s
step=500 loss=2.190231 accuracy=0.000000 elapsed=188.1s budget=100000.0s
step=600 loss=2.190366 accuracy=0.000000 elapsed=225.4s budget=100000.0s
step=700 loss=2.186174 accuracy=0.000000 elapsed=260.3s budget=100000.0s
step=800 loss=2.187322 accuracy=0.000000 elapsed=297.3s budget=100000.0s
step=900 loss=2.180759 accuracy=0.000000 elapsed=333.0s budget=100000.0s
step=1000 loss=2.180187 accuracy=0.000000 elapsed=369.3s budget=100000.0s
step=1100 loss=2.193826 accuracy=0.000000 elapsed=406.1s budget=100000.0s
step=1200 loss=2.173075 accuracy=0.000000 elapsed=442.3s budget=100000.0s
step=1300 loss=2.178359 accuracy=0.000000 elapsed=472.9s budget=100000.0s
step=1400 loss=2.178664 accuracy=0.000000 elapsed=503.8s budget=100000.0s
step=1500 loss=2.167625 accuracy=0.000000 elapsed=535.0s budget=100000.0s
step=1600 loss=2.175529 accuracy=0.000000 elapsed=565.9s budget=100000.0s
step=1700 loss=2.184315 accuracy=0.000000 elapsed=602.7s budget=100000.0s
step=1800 loss=2.184612 accuracy=0.000000 elapsed=639.7s budget=100000.0s
step=1900 loss=2.174403 accuracy=0.000000 elapsed=668.6s budget=100000.0s
step=2000 loss=2.178671 accuracy=0.000000 elapsed=706.3s budget=100000.0s
step=2100 loss=2.180001 accuracy=0.000000 elapsed=745.1s budget=100000.0s
step=2200 loss=2.172813 accuracy=0.000000 elapsed=783.6s budget=100000.0s
step=2300 loss=2.182062 accuracy=0.001953 elapsed=816.6s budget=100000.0s
step=2400 loss=2.184357 accuracy=0.000000 elapsed=853.1s budget=100000.0s
step=2500 loss=2.175397 accuracy=0.000000 elapsed=896.9s budget=100000.0s
step=2600 loss=2.180550 accuracy=0.000000 elapsed=939.5s budget=100000.0s
step=2700 loss=2.174875 accuracy=0.000000 elapsed=983.8s budget=100000.0s
step=2800 loss=2.187392 accuracy=0.000000 elapsed=1028.0s budget=100000.0s
step=2900 loss=2.176865 accuracy=0.000000 elapsed=1067.0s budget=100000.0s
step=3000 loss=2.174492 accuracy=0.000000 elapsed=1108.4s budget=100000.0s
step=3100 loss=2.170100 accuracy=0.000000 elapsed=1147.3s budget=100000.0s
step=3200 loss=2.171030 accuracy=0.000000 elapsed=1185.7s budget=100000.0s
step=3300 loss=2.183141 accuracy=0.000000 elapsed=1225.1s budget=100000.0s
step=3400 loss=2.169082 accuracy=0.000000 elapsed=1266.8s budget=100000.0s
step=3500 loss=2.175236 accuracy=0.000000 elapsed=1311.6s budget=100000.0s
step=3600 loss=2.181602 accuracy=0.000000 elapsed=1356.7s budget=100000.0s
step=3700 loss=2.169855 accuracy=0.000000 elapsed=1400.1s budget=100000.0s
step=3800 loss=2.174356 accuracy=0.000000 elapsed=1437.2s budget=100000.0s
step=3900 loss=2.170125 accuracy=0.000000 elapsed=1480.3s budget=100000.0s
step=4000 loss=2.177261 accuracy=0.000000 elapsed=1525.1s budget=100000.0s
step=4100 loss=2.167850 accuracy=0.000000 elapsed=1570.9s budget=100000.0s
step=4200 loss=2.173024 accuracy=0.000000 elapsed=1610.0s budget=100000.0s
step=4300 loss=2.159550 accuracy=0.000000 elapsed=1637.1s budget=100000.0s
step=4400 loss=2.178862 accuracy=0.000000 elapsed=1661.8s budget=100000.0s
step=4500 loss=2.172037 accuracy=0.001953 elapsed=1687.1s budget=100000.0s
step=4600 loss=2.166498 accuracy=0.000000 elapsed=1715.2s budget=100000.0s
step=4700 loss=2.177548 accuracy=0.000000 elapsed=1740.6s budget=100000.0s
step=4800 loss=2.174931 accuracy=0.000000 elapsed=1769.0s budget=100000.0s
step=4900 loss=2.164198 accuracy=0.000000 elapsed=1796.6s budget=100000.0s
step=5000 loss=2.167773 accuracy=0.000000 elapsed=1824.5s budget=100000.0s
step=5100 loss=2.169327 accuracy=0.000000 elapsed=1852.2s budget=100000.0s
step=5200 loss=2.162637 accuracy=0.000000 elapsed=1878.7s budget=100000.0s
step=5300 loss=2.187334 accuracy=0.000000 elapsed=1906.2s budget=100000.0s
step=5400 loss=2.169744 accuracy=0.000000 elapsed=1932.6s budget=100000.0s
step=5500 loss=2.153160 accuracy=0.000000 elapsed=1961.6s budget=100000.0s
step=5600 loss=2.176480 accuracy=0.000000 elapsed=1989.7s budget=100000.0s
step=5700 loss=2.165615 accuracy=0.000000 elapsed=2017.5s budget=100000.0s
step=5800 loss=2.163749 accuracy=0.001953 elapsed=2043.5s budget=100000.0s
step=5900 loss=2.166812 accuracy=0.000000 elapsed=2067.5s budget=100000.0s
step=6000 loss=2.171218 accuracy=0.000000 elapsed=2093.0s budget=100000.0s
step=6100 loss=2.154654 accuracy=0.000000 elapsed=2117.3s budget=100000.0s
step=6200 loss=2.147932 accuracy=0.000000 elapsed=2142.4s budget=100000.0s
step=6300 loss=2.177766 accuracy=0.000000 elapsed=2165.2s budget=100000.0s
step=6400 loss=2.160042 accuracy=0.000000 elapsed=2186.0s budget=100000.0s
step=6500 loss=2.168985 accuracy=0.000000 elapsed=2207.5s budget=100000.0s
step=6600 loss=2.151949 accuracy=0.000000 elapsed=2227.4s budget=100000.0s
step=6700 loss=2.158405 accuracy=0.000000 elapsed=2246.6s budget=100000.0s
step=6800 loss=2.170120 accuracy=0.000000 elapsed=2264.3s budget=100000.0s
step=6900 loss=2.168361 accuracy=0.000000 elapsed=2281.5s budget=100000.0s
step=7000 loss=2.160163 accuracy=0.000000 elapsed=2299.1s budget=100000.0s
step=7100 loss=2.164002 accuracy=0.000000 elapsed=2316.3s budget=100000.0s
step=7200 loss=2.144057 accuracy=0.000000 elapsed=2334.0s budget=100000.0s
step=7300 loss=2.169028 accuracy=0.001953 elapsed=2350.5s budget=100000.0s
step=7400 loss=2.156873 accuracy=0.000000 elapsed=2367.6s budget=100000.0s
step=7500 loss=2.133554 accuracy=0.000000 elapsed=2384.8s budget=100000.0s
step=7600 loss=2.144668 accuracy=0.000000 elapsed=2401.1s budget=100000.0s
step=7700 loss=2.135835 accuracy=0.000000 elapsed=2415.3s budget=100000.0s
step=7800 loss=2.160737 accuracy=0.000000 elapsed=2426.7s budget=100000.0s
step=7900 loss=2.147075 accuracy=0.000000 elapsed=2439.4s budget=100000.0s
step=8000 loss=2.144722 accuracy=0.000000 elapsed=2451.7s budget=100000.0s
step=8100 loss=2.155969 accuracy=0.000000 elapsed=2463.7s budget=100000.0s
step=8200 loss=2.136692 accuracy=0.000000 elapsed=2476.8s budget=100000.0s
step=8300 loss=2.140267 accuracy=0.000000 elapsed=2488.2s budget=100000.0s
step=8400 loss=2.136028 accuracy=0.000000 elapsed=2502.8s budget=100000.0s
step=8500 loss=2.148428 accuracy=0.000000 elapsed=2518.4s budget=100000.0s
step=8600 loss=2.149011 accuracy=0.000000 elapsed=2533.5s budget=100000.0s
step=8700 loss=2.122113 accuracy=0.000000 elapsed=2549.6s budget=100000.0s
step=8800 loss=2.137546 accuracy=0.000000 elapsed=2564.1s budget=100000.0s
step=8900 loss=2.143725 accuracy=0.000000 elapsed=2580.1s budget=100000.0s
step=9000 loss=2.137939 accuracy=0.000000 elapsed=2592.4s budget=100000.0s
step=9100 loss=2.138727 accuracy=0.003906 elapsed=2604.8s budget=100000.0s
step=9200 loss=2.092761 accuracy=0.000000 elapsed=2617.9s budget=100000.0s
step=9300 loss=2.135412 accuracy=0.000000 elapsed=2628.9s budget=100000.0s
step=9400 loss=2.124436 accuracy=0.000000 elapsed=2639.9s budget=100000.0s
step=9500 loss=2.118874 accuracy=0.000000 elapsed=2648.4s budget=100000.0s
step=9600 loss=2.135186 accuracy=0.000000 elapsed=2656.6s budget=100000.0s
step=9700 loss=2.121934 accuracy=0.001953 elapsed=2665.6s budget=100000.0s
step=9800 loss=2.130735 accuracy=0.000000 elapsed=2674.2s budget=100000.0s
step=9900 loss=2.087509 accuracy=0.000000 elapsed=2682.8s budget=100000.0s
step=10000 loss=2.106094 accuracy=0.000000 elapsed=2691.1s budget=100000.0s
step=10100 loss=2.072618 accuracy=0.001953 elapsed=2697.8s budget=100000.0s
step=10200 loss=2.115515 accuracy=0.000000 elapsed=2702.7s budget=100000.0s
step=10300 loss=2.081806 accuracy=0.000000 elapsed=2708.4s budget=100000.0s
step=10400 loss=2.059820 accuracy=0.001953 elapsed=2714.0s budget=100000.0s
step=10500 loss=2.070202 accuracy=0.000000 elapsed=2719.4s budget=100000.0s
step=10600 loss=2.069787 accuracy=0.000000 elapsed=2723.5s budget=100000.0s
step=10700 loss=2.072947 accuracy=0.001953 elapsed=2727.9s budget=100000.0s
step=10800 loss=2.042423 accuracy=0.001953 elapsed=2732.2s budget=100000.0s
step=10900 loss=2.036274 accuracy=0.000000 elapsed=2736.8s budget=100000.0s
step=11000 loss=2.041929 accuracy=0.001953 elapsed=2741.1s budget=100000.0s
step=11100 loss=2.010859 accuracy=0.005859 elapsed=2745.5s budget=100000.0s
step=11200 loss=2.054230 accuracy=0.000000 elapsed=2749.7s budget=100000.0s
step=11300 loss=1.989481 accuracy=0.003906 elapsed=2754.1s budget=100000.0s
step=11400 loss=2.037963 accuracy=0.001953 elapsed=2758.1s budget=100000.0s
step=11500 loss=2.006047 accuracy=0.000000 elapsed=2761.1s budget=100000.0s
step=11600 loss=1.989069 accuracy=0.005859 elapsed=2764.4s budget=100000.0s
step=11700 loss=1.998052 accuracy=0.001953 elapsed=2767.6s budget=100000.0s
step=11800 loss=1.953546 accuracy=0.001953 elapsed=2770.8s budget=100000.0s
step=11900 loss=2.004764 accuracy=0.005859 elapsed=2774.5s budget=100000.0s
step=12000 loss=1.962422 accuracy=0.000000 elapsed=2779.0s budget=100000.0s
step=12100 loss=1.922491 accuracy=0.003906 elapsed=2783.5s budget=100000.0s
step=12200 loss=1.981382 accuracy=0.001953 elapsed=2788.1s budget=100000.0s
step=12300 loss=1.921975 accuracy=0.003906 elapsed=2792.6s budget=100000.0s
step=12400 loss=1.947444 accuracy=0.001953 elapsed=2796.9s budget=100000.0s
step=12500 loss=1.909543 accuracy=0.001953 elapsed=2801.3s budget=100000.0s
step=12600 loss=1.943799 accuracy=0.003906 elapsed=2805.5s budget=100000.0s
step=12700 loss=1.926038 accuracy=0.005859 elapsed=2810.0s budget=100000.0s
step=12800 loss=1.836764 accuracy=0.007812 elapsed=2814.3s budget=100000.0s
step=12900 loss=1.890728 accuracy=0.009766 elapsed=2818.6s budget=100000.0s
step=13000 loss=1.827937 accuracy=0.007812 elapsed=2823.0s budget=100000.0s
step=13100 loss=1.887085 accuracy=0.007812 elapsed=2827.3s budget=100000.0s
step=13200 loss=1.874484 accuracy=0.007812 elapsed=2831.7s budget=100000.0s
step=13300 loss=1.790931 accuracy=0.013672 elapsed=2836.2s budget=100000.0s
step=13400 loss=1.862305 accuracy=0.001953 elapsed=2840.4s budget=100000.0s
step=13500 loss=1.811573 accuracy=0.003906 elapsed=2844.7s budget=100000.0s
step=13600 loss=1.847102 accuracy=0.005859 elapsed=2849.1s budget=100000.0s
step=13700 loss=1.808653 accuracy=0.001953 elapsed=2853.4s budget=100000.0s
step=13800 loss=1.756012 accuracy=0.005859 elapsed=2858.0s budget=100000.0s
step=13900 loss=1.798333 accuracy=0.005859 elapsed=2862.3s budget=100000.0s
step=14000 loss=1.730207 accuracy=0.011719 elapsed=2866.7s budget=100000.0s
step=14100 loss=1.823602 accuracy=0.005859 elapsed=2870.8s budget=100000.0s
step=14200 loss=1.726149 accuracy=0.013672 elapsed=2875.5s budget=100000.0s
step=14300 loss=1.816809 accuracy=0.005859 elapsed=2879.6s budget=100000.0s
step=14400 loss=1.762264 accuracy=0.009766 elapsed=2881.8s budget=100000.0s
step=14500 loss=1.705776 accuracy=0.007812 elapsed=2883.9s budget=100000.0s
step=14600 loss=1.740512 accuracy=0.009766 elapsed=2886.0s budget=100000.0s
step=14700 loss=1.720721 accuracy=0.011719 elapsed=2888.3s budget=100000.0s
step=14800 loss=1.756512 accuracy=0.009766 elapsed=2890.3s budget=100000.0s
step=14900 loss=1.726014 accuracy=0.005859 elapsed=2892.6s budget=100000.0s
step=15000 loss=1.670509 accuracy=0.019531 elapsed=2895.0s budget=100000.0s
step=15100 loss=1.720339 accuracy=0.015625 elapsed=2898.6s budget=100000.0s
step=15200 loss=1.670376 accuracy=0.013672 elapsed=2902.0s budget=100000.0s
step=15300 loss=1.705067 accuracy=0.003906 elapsed=2905.1s budget=100000.0s
step=15400 loss=1.672330 accuracy=0.015625 elapsed=2908.3s budget=100000.0s
step=15500 loss=1.591976 accuracy=0.025391 elapsed=2911.1s budget=100000.0s
step=15600 loss=1.674024 accuracy=0.021484 elapsed=2913.5s budget=100000.0s
step=15700 loss=1.594378 accuracy=0.023438 elapsed=2915.4s budget=100000.0s
step=15800 loss=1.645943 accuracy=0.013672 elapsed=2916.8s budget=100000.0s
step=15900 loss=1.602773 accuracy=0.017578 elapsed=2918.5s budget=100000.0s
step=16000 loss=1.677261 accuracy=0.013672 elapsed=2920.1s budget=100000.0s
step=16100 loss=1.637802 accuracy=0.011719 elapsed=2921.7s budget=100000.0s
step=16200 loss=1.532908 accuracy=0.031250 elapsed=2923.3s budget=100000.0s
step=16300 loss=1.632848 accuracy=0.021484 elapsed=2924.8s budget=100000.0s
step=16400 loss=1.586569 accuracy=0.017578 elapsed=2926.4s budget=100000.0s
step=16500 loss=1.656652 accuracy=0.011719 elapsed=2928.0s budget=100000.0s
step=16600 loss=1.610011 accuracy=0.013672 elapsed=2929.5s budget=100000.0s
step=16700 loss=1.525190 accuracy=0.017578 elapsed=2931.2s budget=100000.0s
step=16800 loss=1.644224 accuracy=0.009766 elapsed=2932.7s budget=100000.0s
step=16900 loss=1.548020 accuracy=0.015625 elapsed=2934.2s budget=100000.0s
step=17000 loss=1.600447 accuracy=0.009766 elapsed=2935.6s budget=100000.0s
step=17100 loss=1.538470 accuracy=0.015625 elapsed=2937.0s budget=100000.0s
step=17200 loss=1.503237 accuracy=0.027344 elapsed=2938.6s budget=100000.0s
step=17300 loss=1.542926 accuracy=0.017578 elapsed=2940.0s budget=100000.0s
step=17400 loss=1.481501 accuracy=0.027344 elapsed=2941.5s budget=100000.0s
step=17500 loss=1.567555 accuracy=0.029297 elapsed=2942.9s budget=100000.0s
step=17600 loss=1.506015 accuracy=0.033203 elapsed=2944.0s budget=100000.0s
step=17700 loss=1.582042 accuracy=0.013672 elapsed=2945.0s budget=100000.0s
step=17800 loss=1.534180 accuracy=0.023438 elapsed=2946.1s budget=100000.0s
step=17900 loss=1.469640 accuracy=0.025391 elapsed=2947.2s budget=100000.0s
step=18000 loss=1.543965 accuracy=0.009766 elapsed=2948.1s budget=100000.0s
step=18100 loss=1.508217 accuracy=0.027344 elapsed=2949.2s budget=100000.0s
step=18200 loss=1.542426 accuracy=0.017578 elapsed=2950.3s budget=100000.0s
step=18300 loss=1.481015 accuracy=0.027344 elapsed=2951.4s budget=100000.0s
step=18400 loss=1.392345 accuracy=0.035156 elapsed=2952.4s budget=100000.0s
step=18500 loss=1.460315 accuracy=0.017578 elapsed=2953.4s budget=100000.0s
step=18600 loss=1.426044 accuracy=0.037109 elapsed=2954.5s budget=100000.0s
step=18700 loss=1.510118 accuracy=0.025391 elapsed=2955.6s budget=100000.0s
step=18800 loss=1.439526 accuracy=0.027344 elapsed=2956.6s budget=100000.0s
step=18900 loss=1.495631 accuracy=0.029297 elapsed=2957.6s budget=100000.0s
step=19000 loss=1.472418 accuracy=0.027344 elapsed=2959.1s budget=100000.0s
step=19100 loss=1.371830 accuracy=0.041016 elapsed=2960.5s budget=100000.0s
step=19200 loss=1.504532 accuracy=0.027344 elapsed=2961.8s budget=100000.0s
step=19300 loss=1.385527 accuracy=0.033203 elapsed=2963.2s budget=100000.0s
step=19400 loss=1.455718 accuracy=0.029297 elapsed=2964.5s budget=100000.0s
step=19500 loss=1.404178 accuracy=0.033203 elapsed=2966.0s budget=100000.0s
step=19600 loss=1.367431 accuracy=0.037109 elapsed=2967.4s budget=100000.0s
step=19700 loss=1.425436 accuracy=0.033203 elapsed=2968.7s budget=100000.0s
step=19800 loss=1.354242 accuracy=0.044922 elapsed=2970.1s budget=100000.0s
step=19900 loss=1.453254 accuracy=0.029297 elapsed=2971.5s budget=100000.0s
step=20000 loss=1.387363 accuracy=0.035156 elapsed=2972.9s budget=100000.0s
step=20100 loss=1.304769 accuracy=0.060547 elapsed=2974.3s budget=100000.0s
step=20200 loss=1.422448 accuracy=0.025391 elapsed=2975.6s budget=100000.0s
step=20300 loss=1.334079 accuracy=0.052734 elapsed=2976.6s budget=100000.0s
step=20400 loss=1.420824 accuracy=0.027344 elapsed=2977.6s budget=100000.0s
step=20500 loss=1.329244 accuracy=0.058594 elapsed=2978.7s budget=100000.0s
step=20600 loss=1.408985 accuracy=0.042969 elapsed=2979.7s budget=100000.0s
step=20700 loss=1.324637 accuracy=0.041016 elapsed=2980.8s budget=100000.0s
step=20800 loss=1.284248 accuracy=0.042969 elapsed=2982.0s budget=100000.0s
step=20900 loss=1.379117 accuracy=0.035156 elapsed=2983.1s budget=100000.0s
step=21000 loss=1.359294 accuracy=0.037109 elapsed=2984.3s budget=100000.0s
step=21100 loss=1.365224 accuracy=0.025391 elapsed=2985.4s budget=100000.0s
step=21200 loss=1.317136 accuracy=0.052734 elapsed=2986.6s budget=100000.0s
step=21300 loss=1.232082 accuracy=0.064453 elapsed=2987.8s budget=100000.0s
step=21400 loss=1.363583 accuracy=0.042969 elapsed=2988.9s budget=100000.0s
step=21500 loss=1.290565 accuracy=0.054688 elapsed=2990.1s budget=100000.0s
step=21600 loss=1.398252 accuracy=0.027344 elapsed=2991.8s budget=100000.0s
step=21700 loss=1.311329 accuracy=0.058594 elapsed=2993.8s budget=100000.0s
step=21800 loss=1.211490 accuracy=0.083984 elapsed=2995.7s budget=100000.0s
step=21900 loss=1.335436 accuracy=0.037109 elapsed=2997.6s budget=100000.0s
step=22000 loss=1.240337 accuracy=0.066406 elapsed=2999.6s budget=100000.0s
step=22100 loss=1.326285 accuracy=0.037109 elapsed=3001.5s budget=100000.0s
step=22200 loss=1.324160 accuracy=0.039062 elapsed=3003.4s budget=100000.0s
step=22300 loss=1.362453 accuracy=0.039062 elapsed=3005.4s budget=100000.0s
step=22400 loss=1.292146 accuracy=0.025391 elapsed=3007.1s budget=100000.0s
step=22500 loss=1.180139 accuracy=0.066406 elapsed=3009.1s budget=100000.0s
step=22600 loss=1.345687 accuracy=0.056641 elapsed=3011.0s budget=100000.0s
step=22700 loss=1.262630 accuracy=0.056641 elapsed=3012.9s budget=100000.0s
step=22800 loss=1.293940 accuracy=0.054688 elapsed=3014.7s budget=100000.0s
step=22900 loss=1.287816 accuracy=0.048828 elapsed=3016.7s budget=100000.0s
step=23000 loss=1.178535 accuracy=0.068359 elapsed=3018.7s budget=100000.0s
step=23100 loss=1.256884 accuracy=0.074219 elapsed=3020.6s budget=100000.0s
step=23200 loss=1.210850 accuracy=0.062500 elapsed=3023.0s budget=100000.0s
step=23300 loss=1.286129 accuracy=0.050781 elapsed=3026.0s budget=100000.0s
step=23400 loss=1.201527 accuracy=0.060547 elapsed=3029.3s budget=100000.0s
step=23500 loss=1.182460 accuracy=0.066406 elapsed=3032.4s budget=100000.0s
step=23600 loss=1.292914 accuracy=0.044922 elapsed=3035.5s budget=100000.0s
step=23700 loss=1.166869 accuracy=0.072266 elapsed=3038.7s budget=100000.0s
step=23800 loss=1.259132 accuracy=0.039062 elapsed=3041.1s budget=100000.0s
step=23900 loss=1.263499 accuracy=0.060547 elapsed=3043.0s budget=100000.0s
step=24000 loss=1.281427 accuracy=0.035156 elapsed=3044.9s budget=100000.0s
step=24100 loss=1.216012 accuracy=0.070312 elapsed=3046.4s budget=100000.0s
step=24200 loss=1.157367 accuracy=0.064453 elapsed=3048.0s budget=100000.0s
step=24300 loss=1.279586 accuracy=0.048828 elapsed=3049.5s budget=100000.0s
step=24400 loss=1.212371 accuracy=0.076172 elapsed=3051.1s budget=100000.0s
step=24500 loss=1.282438 accuracy=0.068359 elapsed=3053.0s budget=100000.0s
step=24600 loss=1.236714 accuracy=0.050781 elapsed=3054.8s budget=100000.0s
step=24700 loss=1.168570 accuracy=0.080078 elapsed=3056.7s budget=100000.0s
step=24800 loss=1.250058 accuracy=0.070312 elapsed=3058.6s budget=100000.0s
step=24900 loss=1.161882 accuracy=0.054688 elapsed=3060.4s budget=100000.0s
step=25000 loss=1.276766 accuracy=0.066406 elapsed=3062.2s budget=100000.0s
step=25100 loss=1.190430 accuracy=0.064453 elapsed=3064.2s budget=100000.0s
step=25200 loss=1.289759 accuracy=0.054688 elapsed=3066.0s budget=100000.0s
step=25300 loss=1.242964 accuracy=0.044922 elapsed=3068.1s budget=100000.0s
step=25400 loss=1.111264 accuracy=0.089844 elapsed=3070.0s budget=100000.0s
step=25500 loss=1.261155 accuracy=0.052734 elapsed=3072.3s budget=100000.0s
step=25600 loss=1.119431 accuracy=0.076172 elapsed=3074.6s budget=100000.0s
step=25700 loss=1.256611 accuracy=0.062500 elapsed=3076.4s budget=100000.0s
step=25800 loss=1.186513 accuracy=0.058594 elapsed=3078.3s budget=100000.0s
step=25900 loss=1.144646 accuracy=0.083984 elapsed=3080.2s budget=100000.0s
step=26000 loss=1.196340 accuracy=0.062500 elapsed=3082.0s budget=100000.0s
step=26100 loss=1.169718 accuracy=0.070312 elapsed=3083.9s budget=100000.0s
step=26200 loss=1.220828 accuracy=0.052734 elapsed=3085.7s budget=100000.0s
step=26300 loss=1.210228 accuracy=0.052734 elapsed=3087.6s budget=100000.0s
step=26400 loss=1.127171 accuracy=0.085938 elapsed=3089.4s budget=100000.0s
step=26500 loss=1.188143 accuracy=0.080078 elapsed=3091.3s budget=100000.0s
step=26600 loss=1.117265 accuracy=0.082031 elapsed=3093.2s budget=100000.0s
step=26700 loss=1.244007 accuracy=0.052734 elapsed=3095.0s budget=100000.0s
step=26800 loss=1.133452 accuracy=0.074219 elapsed=3096.9s budget=100000.0s
step=26900 loss=1.224991 accuracy=0.050781 elapsed=3098.8s budget=100000.0s
step=27000 loss=1.143175 accuracy=0.070312 elapsed=3100.7s budget=100000.0s
step=27100 loss=1.071109 accuracy=0.085938 elapsed=3102.6s budget=100000.0s
step=27200 loss=1.181914 accuracy=0.068359 elapsed=3104.5s budget=100000.0s
step=27300 loss=1.106901 accuracy=0.087891 elapsed=3106.7s budget=100000.0s
step=27400 loss=1.245245 accuracy=0.076172 elapsed=3108.6s budget=100000.0s
step=27500 loss=1.168147 accuracy=0.072266 elapsed=3110.5s budget=100000.0s
step=27600 loss=1.081074 accuracy=0.093750 elapsed=3112.8s budget=100000.0s
step=27700 loss=1.176044 accuracy=0.064453 elapsed=3114.7s budget=100000.0s
step=27800 loss=1.111529 accuracy=0.083984 elapsed=3116.6s budget=100000.0s
step=27900 loss=1.171001 accuracy=0.074219 elapsed=3118.4s budget=100000.0s
step=28000 loss=1.138087 accuracy=0.097656 elapsed=3120.3s budget=100000.0s
step=28100 loss=1.012178 accuracy=0.085938 elapsed=3123.0s budget=100000.0s
step=28200 loss=1.091085 accuracy=0.089844 elapsed=3126.0s budget=100000.0s
step=28300 loss=1.068682 accuracy=0.095703 elapsed=3131.5s budget=100000.0s
step=28400 loss=1.199713 accuracy=0.076172 elapsed=3136.8s budget=100000.0s
step=28500 loss=1.066539 accuracy=0.095703 elapsed=3142.0s budget=100000.0s
step=28600 loss=1.230928 accuracy=0.048828 elapsed=3144.4s budget=100000.0s
step=28700 loss=1.151728 accuracy=0.089844 elapsed=3147.3s budget=100000.0s
step=28800 loss=1.045599 accuracy=0.099609 elapsed=3150.0s budget=100000.0s
step=28900 loss=1.160456 accuracy=0.060547 elapsed=3151.8s budget=100000.0s
step=29000 loss=1.081933 accuracy=0.107422 elapsed=3153.8s budget=100000.0s
step=29100 loss=1.158361 accuracy=0.087891 elapsed=3155.6s budget=100000.0s
step=29200 loss=1.113958 accuracy=0.068359 elapsed=3157.5s budget=100000.0s
step=29300 loss=0.992722 accuracy=0.134766 elapsed=3159.4s budget=100000.0s
step=29400 loss=1.090580 accuracy=0.080078 elapsed=3161.2s budget=100000.0s
step=29500 loss=1.001103 accuracy=0.105469 elapsed=3163.2s budget=100000.0s
step=29600 loss=1.144396 accuracy=0.060547 elapsed=3164.9s budget=100000.0s
step=29700 loss=1.078918 accuracy=0.091797 elapsed=3166.9s budget=100000.0s
step=29800 loss=0.993180 accuracy=0.121094 elapsed=3168.8s budget=100000.0s
step=29900 loss=1.093236 accuracy=0.083984 elapsed=3170.7s budget=100000.0s
step=30000 loss=0.990632 accuracy=0.111328 elapsed=3172.6s budget=100000.0s
step=30100 loss=1.154311 accuracy=0.074219 elapsed=3174.5s budget=100000.0s
step=30200 loss=1.052206 accuracy=0.101562 elapsed=3176.4s budget=100000.0s
step=30300 loss=1.186841 accuracy=0.048828 elapsed=3178.2s budget=100000.0s
step=30400 loss=1.093769 accuracy=0.095703 elapsed=3180.1s budget=100000.0s
step=30500 loss=0.995669 accuracy=0.138672 elapsed=3182.0s budget=100000.0s
step=30600 loss=1.113328 accuracy=0.080078 elapsed=3183.9s budget=100000.0s
step=30700 loss=1.024543 accuracy=0.115234 elapsed=3185.8s budget=100000.0s
step=30800 loss=1.139121 accuracy=0.083984 elapsed=3187.6s budget=100000.0s
step=30900 loss=1.061152 accuracy=0.109375 elapsed=3189.5s budget=100000.0s
step=31000 loss=0.990624 accuracy=0.134766 elapsed=3191.3s budget=100000.0s
step=31100 loss=1.090339 accuracy=0.078125 elapsed=3193.2s budget=100000.0s
step=31200 loss=0.979161 accuracy=0.130859 elapsed=3195.1s budget=100000.0s
step=31300 loss=1.103378 accuracy=0.083984 elapsed=3197.0s budget=100000.0s
step=31400 loss=1.065635 accuracy=0.085938 elapsed=3198.9s budget=100000.0s
step=31500 loss=1.128715 accuracy=0.070312 elapsed=3200.8s budget=100000.0s
step=31600 loss=1.106096 accuracy=0.082031 elapsed=3202.4s budget=100000.0s
step=31700 loss=0.997140 accuracy=0.111328 elapsed=3204.0s budget=100000.0s
step=31800 loss=1.076324 accuracy=0.105469 elapsed=3205.5s budget=100000.0s
step=31900 loss=0.981487 accuracy=0.111328 elapsed=3207.2s budget=100000.0s
step=32000 loss=1.109355 accuracy=0.089844 elapsed=3208.8s budget=100000.0s
step=32100 loss=1.065978 accuracy=0.085938 elapsed=3210.3s budget=100000.0s
step=32200 loss=0.976391 accuracy=0.123047 elapsed=3211.7s budget=100000.0s
step=32300 loss=1.056399 accuracy=0.109375 elapsed=3213.0s budget=100000.0s
step=32400 loss=0.984682 accuracy=0.130859 elapsed=3214.3s budget=100000.0s
step=32500 loss=1.117082 accuracy=0.103516 elapsed=3215.7s budget=100000.0s
step=32600 loss=1.034256 accuracy=0.097656 elapsed=3217.1s budget=100000.0s
step=32700 loss=0.952558 accuracy=0.144531 elapsed=3218.4s budget=100000.0s
step=32800 loss=1.067452 accuracy=0.091797 elapsed=3219.9s budget=100000.0s
step=32900 loss=0.961487 accuracy=0.150391 elapsed=3221.7s budget=100000.0s
step=33000 loss=1.098638 accuracy=0.076172 elapsed=3223.4s budget=100000.0s
step=33100 loss=0.998246 accuracy=0.111328 elapsed=3226.0s budget=100000.0s
step=33200 loss=1.131858 accuracy=0.074219 elapsed=3228.6s budget=100000.0s
step=33300 loss=1.071046 accuracy=0.085938 elapsed=3230.5s budget=100000.0s
step=33400 loss=0.987259 accuracy=0.138672 elapsed=3232.8s budget=100000.0s
step=33500 loss=1.085981 accuracy=0.099609 elapsed=3235.1s budget=100000.0s
step=33600 loss=0.984470 accuracy=0.101562 elapsed=3237.4s budget=100000.0s
step=33700 loss=1.085520 accuracy=0.070312 elapsed=3238.9s budget=100000.0s
step=33800 loss=1.034879 accuracy=0.093750 elapsed=3240.5s budget=100000.0s
step=33900 loss=0.939218 accuracy=0.144531 elapsed=3242.1s budget=100000.0s
step=34000 loss=1.008601 accuracy=0.105469 elapsed=3243.6s budget=100000.0s
step=34100 loss=0.972366 accuracy=0.126953 elapsed=3245.2s budget=100000.0s
step=34200 loss=1.063465 accuracy=0.082031 elapsed=3246.7s budget=100000.0s
step=34300 loss=1.011871 accuracy=0.095703 elapsed=3248.4s budget=100000.0s
step=34400 loss=0.925249 accuracy=0.128906 elapsed=3250.1s budget=100000.0s
step=34500 loss=1.005034 accuracy=0.117188 elapsed=3251.5s budget=100000.0s
step=34600 loss=0.945259 accuracy=0.125000 elapsed=3253.1s budget=100000.0s
step=34700 loss=1.098867 accuracy=0.060547 elapsed=3254.7s budget=100000.0s
step=34800 loss=1.003229 accuracy=0.111328 elapsed=3256.3s budget=100000.0s
step=34900 loss=1.068424 accuracy=0.080078 elapsed=3257.8s budget=100000.0s
step=35000 loss=1.004478 accuracy=0.119141 elapsed=3259.4s budget=100000.0s
step=35100 loss=0.892150 accuracy=0.171875 elapsed=3261.0s budget=100000.0s
step=35200 loss=1.029741 accuracy=0.082031 elapsed=3262.4s budget=100000.0s
step=35300 loss=0.958186 accuracy=0.146484 elapsed=3264.1s budget=100000.0s
step=35400 loss=1.061498 accuracy=0.093750 elapsed=3265.6s budget=100000.0s
step=35500 loss=1.002567 accuracy=0.123047 elapsed=3267.2s budget=100000.0s
step=35600 loss=0.929885 accuracy=0.125000 elapsed=3268.8s budget=100000.0s
step=35700 loss=1.012548 accuracy=0.109375 elapsed=3270.2s budget=100000.0s
step=35800 loss=0.941576 accuracy=0.115234 elapsed=3271.8s budget=100000.0s
step=35900 loss=1.037404 accuracy=0.091797 elapsed=3273.3s budget=100000.0s
step=36000 loss=0.956872 accuracy=0.130859 elapsed=3274.9s budget=100000.0s
step=36100 loss=0.964041 accuracy=0.171875 elapsed=3276.5s budget=100000.0s
step=36200 loss=1.030344 accuracy=0.109375 elapsed=3277.9s budget=100000.0s
step=36300 loss=0.949834 accuracy=0.144531 elapsed=3279.7s budget=100000.0s
step=36400 loss=0.984204 accuracy=0.126953 elapsed=3281.9s budget=100000.0s
step=36500 loss=0.996907 accuracy=0.125000 elapsed=3284.3s budget=100000.0s
step=36600 loss=1.080532 accuracy=0.080078 elapsed=3286.5s budget=100000.0s
step=36700 loss=0.981079 accuracy=0.134766 elapsed=3288.8s budget=100000.0s
step=36800 loss=0.883150 accuracy=0.142578 elapsed=3290.9s budget=100000.0s
step=36900 loss=1.020065 accuracy=0.083984 elapsed=3293.1s budget=100000.0s
step=37000 loss=0.982331 accuracy=0.117188 elapsed=3295.2s budget=100000.0s
step=37100 loss=1.036482 accuracy=0.101562 elapsed=3297.5s budget=100000.0s
step=37200 loss=0.986673 accuracy=0.107422 elapsed=3299.7s budget=100000.0s
step=37300 loss=0.870103 accuracy=0.148438 elapsed=3302.0s budget=100000.0s
step=37400 loss=0.989932 accuracy=0.107422 elapsed=3304.3s budget=100000.0s
step=37500 loss=0.892920 accuracy=0.150391 elapsed=3306.7s budget=100000.0s
step=37600 loss=0.989879 accuracy=0.111328 elapsed=3308.7s budget=100000.0s
step=37700 loss=0.945143 accuracy=0.140625 elapsed=3310.7s budget=100000.0s
step=37800 loss=1.072773 accuracy=0.083984 elapsed=3314.5s budget=100000.0s
step=37900 loss=0.961217 accuracy=0.150391 elapsed=3318.0s budget=100000.0s
step=38000 loss=0.900281 accuracy=0.173828 elapsed=3321.5s budget=100000.0s
step=38100 loss=1.048029 accuracy=0.087891 elapsed=3325.3s budget=100000.0s
step=38200 loss=0.959978 accuracy=0.123047 elapsed=3328.3s budget=100000.0s
step=38300 loss=1.007776 accuracy=0.111328 elapsed=3331.4s budget=100000.0s
step=38400 loss=0.972234 accuracy=0.111328 elapsed=3333.7s budget=100000.0s
step=38500 loss=0.910774 accuracy=0.173828 elapsed=3335.9s budget=100000.0s
step=38600 loss=0.984611 accuracy=0.105469 elapsed=3338.1s budget=100000.0s
step=38700 loss=0.893314 accuracy=0.132812 elapsed=3340.2s budget=100000.0s
step=38800 loss=1.015952 accuracy=0.123047 elapsed=3342.4s budget=100000.0s
step=38900 loss=0.933710 accuracy=0.125000 elapsed=3344.7s budget=100000.0s
step=39000 loss=0.842961 accuracy=0.167969 elapsed=3347.0s budget=100000.0s
step=39100 loss=0.970226 accuracy=0.119141 elapsed=3348.9s budget=100000.0s
step=39200 loss=0.888034 accuracy=0.142578 elapsed=3351.1s budget=100000.0s
step=39300 loss=1.017878 accuracy=0.085938 elapsed=3353.2s budget=100000.0s
step=39400 loss=0.943192 accuracy=0.126953 elapsed=3355.7s budget=100000.0s
step=39500 loss=0.986874 accuracy=0.109375 elapsed=3358.0s budget=100000.0s
step=39600 loss=0.941789 accuracy=0.136719 elapsed=3359.6s budget=100000.0s
step=39700 loss=0.905274 accuracy=0.128906 elapsed=3361.3s budget=100000.0s
step=39800 loss=0.971315 accuracy=0.130859 elapsed=3363.1s budget=100000.0s
step=39900 loss=0.902425 accuracy=0.164062 elapsed=3365.4s budget=100000.0s
step=40000 loss=0.995477 accuracy=0.109375 elapsed=3367.5s budget=100000.0s
seed=74 split=test loss=5.852525 exact_accuracy=0.000278
seed=74 split=ood_t loss=6.736294 exact_accuracy=0.000000
seed=74 split=ood_n_t loss=6.744296 exact_accuracy=0.000000
seed=74 profile=seen_n depth_t=1 exact_accuracy=0.001302 certified=False
seed=74 profile=seen_n depth_t=2 exact_accuracy=0.000000 certified=False
seed=74 profile=seen_n depth_t=4 exact_accuracy=0.000000 certified=False
seed=74 profile=seen_n depth_t=8 exact_accuracy=0.000000 certified=False
seed=74 profile=seen_n depth_t=16 exact_accuracy=0.000000 certified=False
seed=74 profile=seen_n depth_t=32 exact_accuracy=0.000000 certified=False
seed=74 profile=seen_n depth_t=64 exact_accuracy=0.000000 certified=False
seed=74 profile=ood_n depth_t=1 exact_accuracy=0.000000 certified=False
seed=74 profile=ood_n depth_t=2 exact_accuracy=0.000000 certified=False
seed=74 profile=ood_n depth_t=4 exact_accuracy=0.000000 certified=False
seed=74 profile=ood_n depth_t=8 exact_accuracy=0.000000 certified=False
seed=74 profile=ood_n depth_t=16 exact_accuracy=0.000000 certified=False
seed=74 profile=ood_n depth_t=32 exact_accuracy=0.000000 certified=False
seed=74 profile=ood_n depth_t=64 exact_accuracy=0.000000 certified=False
RESULT_JSON={"depth_profile": {"depth_factor": 0, "ladder": [1, 2, 4, 8, 16, 32, 64], "max_certified_time_steps": null, "ood_n_ladder": [1, 2, 4, 8, 16, 32, 64], "ood_n_max_certified_time_steps": null, "ood_n_profile_available": true}, "manifest": "lab_hf1s_fs40000_s74", "score": {"mean_exact_accuracy": 9.259259259259259e-05, "mean_loss": 6.444371569130239, "num_measurements": 3, "primary_metric": "mean_exact_accuracy"}, "seeds": [{"completed_training_steps": 40000, "depth_profile": {"depth_factor": 0, "ladder": [1, 2, 4, 8, 16, 32, 64], "max_certified_time_steps": null, "ood_n_ladder": [1, 2, 4, 8, 16, 32, 64], "ood_n_max_certified_time_steps": null, "ood_n_rungs": [{"correct_examples": 0, "exact_accuracy": 0.0, "example_count": 768, "status": "failed", "time_steps": 1}, {"correct_examples": 0, "exact_accuracy": 0.0, "example_count": 768, "status": "failed", "time_steps": 2}, {"correct_examples": 0, "exact_accuracy": 0.0, "example_count": 768, "status": "failed", "time_steps": 4}, {"correct_examples": 0, "exact_accuracy": 0.0, "example_count": 768, "status": "failed", "time_steps": 8}, {"correct_examples": 0, "exact_accuracy": 0.0, "example_count": 768, "status": "failed", "time_steps": 16}, {"correct_examples": 0, "exact_accuracy": 0.0, "example_count": 768, "status": "failed", "time_steps": 32}, {"correct_examples": 0, "exact_accuracy": 0.0, "example_count": 768, "status": "failed", "time_steps": 64}], "rungs": [{"correct_examples": 1, "exact_accuracy": 0.0013020833333333333, "example_count": 768, "status": "failed", "time_steps": 1}, {"correct_examples": 0, "exact_accuracy": 0.0, "example_count": 768, "status": "failed", "time_steps": 2}, {"correct_examples": 0, "exact_accuracy": 0.0, "example_count": 768, "status": "failed", "time_steps": 4}, {"correct_examples": 0, "exact_accuracy": 0.0, "example_count": 768, "status": "failed", "time_steps": 8}, {"correct_examples": 0, "exact_accuracy": 0.0, "example_count": 768, "status": "failed", "time_steps": 16}, {"correct_examples": 0, "exact_accuracy": 0.0, "example_count": 768, "status": "failed", "time_steps": 32}, {"correct_examples": 0, "exact_accuracy": 0.0, "example_count": 768, "status": "failed", "time_steps": 64}]}, "evaluation": {"ood_n_t": {"correct_examples": 0, "exact_accuracy": 0.0, "example_count": 1200, "loss": 6.744295835157239}, "ood_t": {"correct_examples": 0, "exact_accuracy": 0.0, "example_count": 1200, "loss": 6.736294325465255}, "test": {"correct_examples": 1, "exact_accuracy": 0.0002777777777777778, "example_count": 3600, "loss": 5.8525245467682225}}, "evaluation_batch_size": 512, "evaluation_budget_seconds": 50000.0, "evaluation_seconds": 2.4149793249998766, "final_train_loss": 0.9954773783683777, "max_training_steps": 40000, "model_state_elements": 3170304, "optimizer_state_elements_after_first_step": 6340621, "seed": 74, "training_batch_size": 512, "training_seconds": 3367.509158875}]}

--- stderr ---

