=== o1-k0-s0 ===
[o1-k0-s0] mod=323 S=3 L=6 recip=oracle T=1 train=250 held=38 params=97,148 cells=1072 reduce_op_depth=5 op_depth=7 full_op_depth=7
[o1-k0-s0] step=     0 loss=nan train_exact=1.000 held_exact=1.000 train_exact_hard=1.000 held_exact_hard=1.000 held_div=0.816 tbl=1.000 (3s)
[o1-k0-s0] step=   250 loss=0.00000 train_exact=1.000 held_exact=1.000 train_exact_hard=1.000 held_exact_hard=1.000 held_div=0.816 tbl=1.000 (5s)
[o1-k0-s0] step=   500 loss=0.00000 train_exact=1.000 held_exact=1.000 train_exact_hard=1.000 held_exact_hard=1.000 held_div=0.816 tbl=1.000 (7s)
[o1-k0-s0] step=   750 loss=0.00000 train_exact=1.000 held_exact=1.000 train_exact_hard=1.000 held_exact_hard=1.000 held_div=0.816 tbl=1.000 (9s)
[o1-k0-s0] step=  1000 loss=0.00000 train_exact=1.000 held_exact=1.000 train_exact_hard=1.000 held_exact_hard=1.000 held_div=0.816 tbl=1.000 (11s)
[o1-k0-s0] step=  1250 loss=0.00000 train_exact=1.000 held_exact=1.000 train_exact_hard=1.000 held_exact_hard=1.000 held_div=0.816 tbl=1.000 (13s)
[o1-k0-s0] step=  1500 loss=0.00000 train_exact=1.000 held_exact=1.000 train_exact_hard=1.000 held_exact_hard=1.000 held_div=0.816 tbl=1.000 (15s)
[o1-k0-s0] step=  1750 loss=0.00000 train_exact=1.000 held_exact=1.000 train_exact_hard=1.000 held_exact_hard=1.000 held_div=0.816 tbl=1.000 (17s)
[o1-k0-s0] step=  2000 loss=0.00000 train_exact=1.000 held_exact=1.000 train_exact_hard=1.000 held_exact_hard=1.000 held_div=0.816 tbl=1.000 (18s)
--- o1-k0-s0 done in 20s
=== o1-k0-s1 ===
[o1-k0-s1] mod=323 S=3 L=6 recip=oracle T=1 train=250 held=38 params=97,148 cells=1072 reduce_op_depth=5 op_depth=7 full_op_depth=7
[o1-k0-s1] step=     0 loss=nan train_exact=1.000 held_exact=1.000 train_exact_hard=1.000 held_exact_hard=1.000 held_div=0.816 tbl=1.000 (0s)
[o1-k0-s1] step=   250 loss=0.00000 train_exact=1.000 held_exact=1.000 train_exact_hard=1.000 held_exact_hard=1.000 held_div=0.816 tbl=1.000 (2s)
[o1-k0-s1] step=   500 loss=0.00000 train_exact=1.000 held_exact=1.000 train_exact_hard=1.000 held_exact_hard=1.000 held_div=0.816 tbl=1.000 (4s)
[o1-k0-s1] step=   750 loss=0.00000 train_exact=1.000 held_exact=1.000 train_exact_hard=1.000 held_exact_hard=1.000 held_div=0.816 tbl=1.000 (6s)
[o1-k0-s1] step=  1000 loss=0.00000 train_exact=1.000 held_exact=1.000 train_exact_hard=1.000 held_exact_hard=1.000 held_div=0.816 tbl=1.000 (8s)
[o1-k0-s1] step=  1250 loss=0.00000 train_exact=1.000 held_exact=1.000 train_exact_hard=1.000 held_exact_hard=1.000 held_div=0.816 tbl=1.000 (10s)
[o1-k0-s1] step=  1500 loss=0.00000 train_exact=1.000 held_exact=1.000 train_exact_hard=1.000 held_exact_hard=1.000 held_div=0.816 tbl=1.000 (12s)
[o1-k0-s1] step=  1750 loss=0.00000 train_exact=1.000 held_exact=1.000 train_exact_hard=1.000 held_exact_hard=1.000 held_div=0.816 tbl=1.000 (13s)
[o1-k0-s1] step=  2000 loss=0.00000 train_exact=1.000 held_exact=1.000 train_exact_hard=1.000 held_exact_hard=1.000 held_div=0.816 tbl=1.000 (16s)
--- o1-k0-s1 done in 17s
=== o1-k0-s2 ===
[o1-k0-s2] mod=323 S=3 L=6 recip=oracle T=1 train=250 held=38 params=97,148 cells=1072 reduce_op_depth=5 op_depth=7 full_op_depth=7
[o1-k0-s2] step=     0 loss=nan train_exact=1.000 held_exact=1.000 train_exact_hard=1.000 held_exact_hard=1.000 held_div=0.816 tbl=1.000 (0s)
[o1-k0-s2] step=   250 loss=0.00000 train_exact=1.000 held_exact=1.000 train_exact_hard=1.000 held_exact_hard=1.000 held_div=0.816 tbl=1.000 (2s)
[o1-k0-s2] step=   500 loss=0.00000 train_exact=1.000 held_exact=1.000 train_exact_hard=1.000 held_exact_hard=1.000 held_div=0.816 tbl=1.000 (4s)
[o1-k0-s2] step=   750 loss=0.00000 train_exact=1.000 held_exact=1.000 train_exact_hard=1.000 held_exact_hard=1.000 held_div=0.816 tbl=1.000 (6s)
[o1-k0-s2] step=  1000 loss=0.00000 train_exact=1.000 held_exact=1.000 train_exact_hard=1.000 held_exact_hard=1.000 held_div=0.816 tbl=1.000 (8s)
[o1-k0-s2] step=  1250 loss=0.00000 train_exact=1.000 held_exact=1.000 train_exact_hard=1.000 held_exact_hard=1.000 held_div=0.816 tbl=1.000 (10s)
[o1-k0-s2] step=  1500 loss=0.00000 train_exact=1.000 held_exact=1.000 train_exact_hard=1.000 held_exact_hard=1.000 held_div=0.816 tbl=1.000 (12s)
[o1-k0-s2] step=  1750 loss=0.00000 train_exact=1.000 held_exact=1.000 train_exact_hard=1.000 held_exact_hard=1.000 held_div=0.816 tbl=1.000 (14s)
[o1-k0-s2] step=  2000 loss=0.00000 train_exact=1.000 held_exact=1.000 train_exact_hard=1.000 held_exact_hard=1.000 held_div=0.816 tbl=1.000 (16s)
--- o1-k0-s2 done in 18s
=== o1-k0-lr0 ===
[o1-k0-lr0] mod=323 S=3 L=6 recip=oracle T=1 train=250 held=38 params=97,148 cells=1072 reduce_op_depth=5 op_depth=7 full_op_depth=7
[o1-k0-lr0] step=     0 loss=nan train_exact=1.000 held_exact=1.000 train_exact_hard=1.000 held_exact_hard=1.000 held_div=0.816 tbl=1.000 (0s)
[o1-k0-lr0] step=   250 loss=0.00000 train_exact=1.000 held_exact=1.000 train_exact_hard=1.000 held_exact_hard=1.000 held_div=0.816 tbl=1.000 (2s)
[o1-k0-lr0] step=   500 loss=0.00000 train_exact=1.000 held_exact=1.000 train_exact_hard=1.000 held_exact_hard=1.000 held_div=0.816 tbl=1.000 (4s)
--- o1-k0-lr0 done in 5s
=== hf1-k0-s0 ===
[hf1-k0-s0] mod=323 S=6 L=12 recip=oracle T=1 train=6000 held=4608 params=335,211 cells=1480 reduce_op_depth=5 op_depth=7 full_op_depth=7
[hf1-k0-s0] step=     0 loss=nan train_exact=1.000 held_exact=1.000 train_exact_hard=1.000 held_exact_hard=1.000 held_div=0.988 tbl=1.000 (1s)
[hf1-k0-s0] step=   500 loss=0.00000 train_exact=1.000 held_exact=1.000 train_exact_hard=1.000 held_exact_hard=1.000 held_div=0.988 tbl=1.000 (7s)
[hf1-k0-s0] step=  1000 loss=0.00000 train_exact=1.000 held_exact=1.000 train_exact_hard=1.000 held_exact_hard=1.000 held_div=0.988 tbl=1.000 (13s)
[hf1-k0-s0] step=  1500 loss=0.00000 train_exact=1.000 held_exact=1.000 train_exact_hard=1.000 held_exact_hard=1.000 held_div=0.988 tbl=1.000 (19s)
[hf1-k0-s0] step=  2000 loss=0.00000 train_exact=1.000 held_exact=1.000 train_exact_hard=1.000 held_exact_hard=1.000 held_div=0.988 tbl=1.000 (24s)
--- hf1-k0-s0 done in 105s
=== hf1-k0-lr0 ===
[hf1-k0-lr0] mod=323 S=6 L=12 recip=oracle T=1 train=6000 held=4608 params=335,211 cells=1480 reduce_op_depth=5 op_depth=7 full_op_depth=7
[hf1-k0-lr0] step=     0 loss=nan train_exact=1.000 held_exact=1.000 train_exact_hard=1.000 held_exact_hard=1.000 held_div=0.988 tbl=1.000 (1s)
[hf1-k0-lr0] step=   500 loss=0.00000 train_exact=1.000 held_exact=1.000 train_exact_hard=1.000 held_exact_hard=1.000 held_div=0.988 tbl=1.000 (6s)
--- hf1-k0-lr0 done in 79s
=== o1-k1-s0 ===
[o1-k1-s0] corrupted cells exercised by the training set: 1/1 rs_carry_t:1/1
[o1-k1-s0] mod=323 S=3 L=6 recip=oracle T=1 train=250 held=38 params=97,148 cells=1072 reduce_op_depth=5 op_depth=7 full_op_depth=7
[o1-k1-s0] step=     0 loss=nan train_exact=0.956 held_exact=0.974 train_exact_hard=0.804 held_exact_hard=0.842 held_div=0.895 tbl=0.999 repaired=0/1 live=0/1 naive=0/1 by_depth=1:0/1 (0s)
[o1-k1-s0] step=  2000 loss=0.33157 train_exact=0.992 held_exact=1.000 train_exact_hard=0.916 held_exact_hard=0.974 held_div=0.842 tbl=0.999 repaired=0/1 live=0/1 naive=0/1 by_depth=1:0/1 (15s)
--- o1-k1-s0 done in 16s
=== o1-k1-s1 ===
[o1-k1-s1] corrupted cells exercised by the training set: 1/1 sq_carry_t:1/1
[o1-k1-s1] mod=323 S=3 L=6 recip=oracle T=1 train=250 held=38 params=97,148 cells=1072 reduce_op_depth=5 op_depth=7 full_op_depth=7
[o1-k1-s1] step=     0 loss=nan train_exact=0.976 held_exact=1.000 train_exact_hard=0.976 held_exact_hard=1.000 held_div=0.816 tbl=0.999 repaired=0/1 live=0/1 naive=0/1 by_depth=5:0/1 (0s)
[o1-k1-s1] step=  2000 loss=0.16579 train_exact=0.976 held_exact=1.000 train_exact_hard=0.976 held_exact_hard=1.000 held_div=0.816 tbl=0.999 repaired=0/1 live=0/1 naive=0/1 by_depth=5:0/1 (15s)
--- o1-k1-s1 done in 16s
=== o1-k1-s2 ===
[o1-k1-s2] corrupted cells exercised by the training set: 1/1 rs_carry_t:1/1
[o1-k1-s2] mod=323 S=3 L=6 recip=oracle T=1 train=250 held=38 params=97,148 cells=1072 reduce_op_depth=5 op_depth=7 full_op_depth=7
[o1-k1-s2] step=     0 loss=nan train_exact=0.956 held_exact=0.974 train_exact_hard=0.956 held_exact_hard=0.974 held_div=0.816 tbl=0.999 repaired=0/1 live=0/1 naive=0/1 by_depth=1:0/1 (0s)
[o1-k1-s2] step=  2000 loss=0.00000 train_exact=1.000 held_exact=0.921 train_exact_hard=0.960 held_exact_hard=0.895 held_div=0.868 tbl=0.999 repaired=0/1 live=0/1 naive=0/1 by_depth=1:0/1 (15s)
--- o1-k1-s2 done in 15s
=== o1-k2-s0 ===
[o1-k2-s0] corrupted cells exercised by the training set: 1/2 qm_carry_t:0/1 rs_carry_t:1/1
[o1-k2-s0] mod=323 S=3 L=6 recip=oracle T=1 train=250 held=38 params=97,148 cells=1072 reduce_op_depth=5 op_depth=7 full_op_depth=7
[o1-k2-s0] step=     0 loss=nan train_exact=0.948 held_exact=0.921 train_exact_hard=0.892 held_exact_hard=0.868 held_div=0.868 tbl=0.998 repaired=0/2 live=0/1 naive=0/2 by_depth=1:0/1,3:0/1 (0s)
[o1-k2-s0] step=  2000 loss=0.22105 train_exact=0.984 held_exact=1.000 train_exact_hard=0.964 held_exact_hard=1.000 held_div=0.816 tbl=0.998 repaired=0/2 live=0/1 naive=0/2 by_depth=1:0/1,3:0/1 (15s)
--- o1-k2-s0 done in 16s
=== o1-k2-s1 ===
[o1-k2-s1] corrupted cells exercised by the training set: 2/2 qm_carry_e:1/1 sq_carry_t:1/1
[o1-k2-s1] mod=323 S=3 L=6 recip=oracle T=1 train=250 held=38 params=97,148 cells=1072 reduce_op_depth=5 op_depth=7 full_op_depth=7
[o1-k2-s1] step=     0 loss=nan train_exact=0.920 held_exact=0.947 train_exact_hard=0.920 held_exact_hard=0.947 held_div=0.842 tbl=0.998 repaired=0/2 live=0/2 naive=0/2 by_depth=3:0/1,5:0/1 (0s)
[o1-k2-s1] step=  2000 loss=1.29968 train_exact=0.920 held_exact=0.947 train_exact_hard=0.920 held_exact_hard=0.947 held_div=0.842 tbl=0.998 repaired=0/2 live=0/2 naive=0/2 by_depth=3:0/1,5:0/1 (15s)
--- o1-k2-s1 done in 16s
=== o1-k2-s2 ===
[o1-k2-s2] corrupted cells exercised by the training set: 1/2 rs_carry_t:1/2
[o1-k2-s2] mod=323 S=3 L=6 recip=oracle T=1 train=250 held=38 params=97,148 cells=1072 reduce_op_depth=5 op_depth=7 full_op_depth=7
[o1-k2-s2] step=     0 loss=nan train_exact=0.964 held_exact=1.000 train_exact_hard=0.964 held_exact_hard=1.000 held_div=0.816 tbl=0.998 repaired=0/2 live=0/1 naive=0/2 by_depth=1:0/2 (0s)
[o1-k2-s2] step=  2000 loss=0.00000 train_exact=1.000 held_exact=1.000 train_exact_hard=0.964 held_exact_hard=1.000 held_div=0.816 tbl=0.998 repaired=0/2 live=0/1 naive=0/2 by_depth=1:0/2 (17s)
--- o1-k2-s2 done in 18s
=== o1-k5-20k ===
[o1-k5-20k] corrupted cells exercised by the training set: 2/5 qm_carry_t:0/2 rs_carry_e:1/1 rs_carry_t:1/2
[o1-k5-20k] mod=323 S=3 L=6 recip=oracle T=1 train=250 held=38 params=97,148 cells=1072 reduce_op_depth=5 op_depth=7 full_op_depth=7
[o1-k5-20k] step=     0 loss=nan train_exact=0.924 held_exact=0.921 train_exact_hard=0.924 held_exact_hard=0.921 held_div=0.868 tbl=0.995 repaired=0/5 live=0/2 naive=0/5 by_depth=1:0/3,3:0/2 (0s)
[o1-k5-20k] step=  5000 loss=0.13816 train_exact=0.972 held_exact=0.974 train_exact_hard=0.936 held_exact_hard=0.947 held_div=0.842 tbl=0.995 repaired=0/5 live=0/2 naive=0/5 by_depth=1:0/3,3:0/2 (38s)
[o1-k5-20k] step= 10000 loss=0.19342 train_exact=0.972 held_exact=0.974 train_exact_hard=0.936 held_exact_hard=0.947 held_div=0.842 tbl=0.995 repaired=0/5 live=0/2 naive=0/5 by_depth=1:0/3,3:0/2 (73s)
[o1-k5-20k] step= 15000 loss=0.08289 train_exact=0.972 held_exact=0.974 train_exact_hard=0.936 held_exact_hard=0.947 held_div=0.842 tbl=0.995 repaired=0/5 live=0/2 naive=0/5 by_depth=1:0/3,3:0/2 (110s)
[o1-k5-20k] step= 20000 loss=0.27631 train_exact=0.972 held_exact=0.974 train_exact_hard=0.936 held_exact_hard=0.947 held_div=0.842 tbl=0.995 repaired=0/5 live=0/2 naive=0/5 by_depth=1:0/3,3:0/2 (146s)
--- o1-k5-20k done in 147s
=== o1-k20-20k ===
[o1-k20-20k] corrupted cells exercised by the training set: 8/20 qm_carry_e:1/3 qm_carry_t:0/6 rs_carry_e:2/3 rs_carry_t:3/6 sq_carry_t:2/2
[o1-k20-20k] mod=323 S=3 L=6 recip=oracle T=1 train=250 held=38 params=97,148 cells=1072 reduce_op_depth=5 op_depth=7 full_op_depth=7
[o1-k20-20k] step=     0 loss=nan train_exact=0.232 held_exact=0.132 train_exact_hard=0.232 held_exact_hard=0.132 held_div=0.974 tbl=0.981 repaired=0/20 live=0/8 naive=0/20 by_depth=1:0/9,3:0/9,5:0/2 (0s)
[o1-k20-20k] step=  5000 loss=1.06736 train_exact=0.456 held_exact=0.053 train_exact_hard=0.148 held_exact_hard=0.053 held_div=0.868 tbl=0.934 repaired=0/20 live=0/8 naive=0/20 by_depth=1:0/9,3:0/9,5:0/2 (35s)
[o1-k20-20k] step= 10000 loss=1.73648 train_exact=0.344 held_exact=0.000 train_exact_hard=0.036 held_exact_hard=0.000 held_div=0.895 tbl=0.922 repaired=0/20 live=0/8 naive=0/20 by_depth=1:0/9,3:0/9,5:0/2 (71s)
[o1-k20-20k] step= 15000 loss=1.91433 train_exact=0.332 held_exact=0.000 train_exact_hard=0.012 held_exact_hard=0.000 held_div=0.842 tbl=0.913 repaired=0/20 live=0/8 naive=0/20 by_depth=1:0/9,3:0/9,5:0/2 (109s)
[o1-k20-20k] step= 20000 loss=2.25653 train_exact=0.324 held_exact=0.000 train_exact_hard=0.012 held_exact_hard=0.026 held_div=0.947 tbl=0.916 repaired=0/20 live=0/8 naive=0/20 by_depth=1:0/9,3:0/9,5:0/2 (146s)
--- o1-k20-20k done in 146s
