### FITTING CURVES (step-count calibration, per coordinator)
[H-323-colsoftmax-20k] mod=323 S=3 L=6 d=16 family=colsoftmax impl=scan T=1 train=250 held=38 params=126,916 op_depth=12 graph_depth=41
[H-323-colsoftmax-20k] step=     0 loss=nan train_exact=0.000 held_exact=0.000 train_exact_hard=0.000 held_exact_hard=0.000 held_div=0.684 tbl=0.040 (4s)
[H-323-colsoftmax-20k] step=  2000 loss=1.08746 train_exact=0.092 held_exact=0.000 train_exact_hard=0.000 held_exact_hard=0.000 held_div=0.526 tbl=0.046 (28s)
[H-323-colsoftmax-20k] step=  4000 loss=1.02211 train_exact=0.072 held_exact=0.000 train_exact_hard=0.004 held_exact_hard=0.000 held_div=0.474 tbl=0.046 (46s)
[H-323-colsoftmax-20k] step=  6000 loss=1.02077 train_exact=0.060 held_exact=0.000 train_exact_hard=0.016 held_exact_hard=0.000 held_div=0.500 tbl=0.046 (68s)
[H-323-colsoftmax-20k] step=  8000 loss=0.98034 train_exact=0.068 held_exact=0.000 train_exact_hard=0.004 held_exact_hard=0.053 held_div=0.605 tbl=0.043 (87s)
[H-323-colsoftmax-20k] step= 10000 loss=1.01628 train_exact=0.088 held_exact=0.000 train_exact_hard=0.012 held_exact_hard=0.000 held_div=0.684 tbl=0.039 (101s)
[H-323-colsoftmax-20k] step= 12000 loss=1.00315 train_exact=0.076 held_exact=0.000 train_exact_hard=0.012 held_exact_hard=0.000 held_div=0.737 tbl=0.043 (124s)
[H-323-colsoftmax-20k] step= 14000 loss=0.98543 train_exact=0.084 held_exact=0.000 train_exact_hard=0.016 held_exact_hard=0.000 held_div=0.579 tbl=0.040 (141s)
[H-323-colsoftmax-20k] step= 16000 loss=1.00295 train_exact=0.076 held_exact=0.000 train_exact_hard=0.004 held_exact_hard=0.000 held_div=0.579 tbl=0.034 (154s)
[H-323-colsoftmax-20k] step= 18000 loss=1.01230 train_exact=0.088 held_exact=0.000 train_exact_hard=0.008 held_exact_hard=0.000 held_div=0.500 tbl=0.041 (168s)
[H-323-colsoftmax-20k] step= 20000 loss=1.00752 train_exact=0.076 held_exact=0.000 train_exact_hard=0.000 held_exact_hard=0.000 held_div=0.500 tbl=0.041 (181s)
[H-323-orth-20k] mod=323 S=3 L=6 d=16 family=orth impl=scan T=1 train=250 held=38 params=126,916 op_depth=12 graph_depth=41
[H-323-orth-20k] step=     0 loss=nan train_exact=0.000 held_exact=0.000 train_exact_hard=0.000 held_exact_hard=0.000 held_div=0.605 tbl=0.040 (5s)
[H-323-orth-20k] step=  2000 loss=0.33955 train_exact=0.724 held_exact=0.000 train_exact_hard=0.000 held_exact_hard=0.000 held_div=0.632 tbl=0.027 (34s)
[H-323-orth-20k] step=  4000 loss=0.10781 train_exact=0.948 held_exact=0.026 train_exact_hard=0.000 held_exact_hard=0.000 held_div=0.816 tbl=0.033 (57s)
[H-323-orth-20k] step=  6000 loss=0.05632 train_exact=0.996 held_exact=0.000 train_exact_hard=0.000 held_exact_hard=0.000 held_div=0.842 tbl=0.024 (82s)
[H-323-orth-20k] step=  8000 loss=0.19361 train_exact=0.988 held_exact=0.000 train_exact_hard=0.000 held_exact_hard=0.000 held_div=0.921 tbl=0.027 (107s)
[H-323-orth-20k] step= 10000 loss=0.09923 train_exact=0.980 held_exact=0.000 train_exact_hard=0.000 held_exact_hard=0.000 held_div=0.842 tbl=0.026 (143s)
