### 15:32:00  diag01_d128_L2  p2_e5_fs1200_s13  [P4-solvability]
[OK] p2_e5_fs1200_s13 sha=2ab4ef75 MAX_T=0 OOD_N_MAX_T=0 mean_acc=0.0046 steps=[1200] train_s=[186.1303053968586]
      rungs(seen_n)={1: 0.01, 2: 0.008, 4: 0.0, 8: 0.0, 16: 0.0, 32: 0.008, 64: 0.008}
      rungs(ood_n)={1: 0.004, 2: 0.0, 4: 0.002, 8: 0.0, 16: 0.004, 32: 0.0, 64: 0.0}
      splits={'ood': 0.005, 'test': 0.004}
### 15:35:16  diagpm1_d128_L2  p2_e5_fs1200_s13  [P4-solvability]
[OK] p2_e5_fs1200_s13 sha=87107feb MAX_T=0 OOD_N_MAX_T=0 mean_acc=0.0050 steps=[1200] train_s=[155.4740791360382]
      rungs(seen_n)={1: 0.016, 2: 0.002, 4: 0.008, 8: 0.004, 16: 0.002, 32: 0.002, 64: 0.008}
      rungs(ood_n)={1: 0.008, 2: 0.0, 4: 0.0, 8: 0.002, 16: 0.0, 32: 0.002, 64: 0.0}
      splits={'ood': 0.002, 'test': 0.008}
### 15:37:59  delta01_d128_L2  p2_e5_fs1200_s13  [P4-solvability]
[OK] p2_e5_fs1200_s13 sha=e5d6f010 MAX_T=0 OOD_N_MAX_T=0 mean_acc=0.0067 steps=[1200] train_s=[134.2296248730272]
      rungs(seen_n)={1: 0.004, 2: 0.006, 4: 0.004, 8: 0.002, 16: 0.004, 32: 0.002, 64: 0.002}
      rungs(ood_n)={1: 0.004, 2: 0.0, 4: 0.0, 8: 0.0, 16: 0.002, 32: 0.0, 64: 0.0}
      splits={'ood': 0.008, 'test': 0.005}
### 15:40:20  deltapm1_d128_L2  p2_e5_fs1200_s13  [P4-solvability]
[OK] p2_e5_fs1200_s13 sha=1fd3f6b5 MAX_T=0 OOD_N_MAX_T=0 mean_acc=0.0063 steps=[1200] train_s=[172.30335090192966]
      rungs(seen_n)={1: 0.006, 2: 0.004, 4: 0.002, 8: 0.004, 16: 0.002, 32: 0.006, 64: 0.004}
      rungs(ood_n)={1: 0.004, 2: 0.0, 4: 0.002, 8: 0.0, 16: 0.0, 32: 0.0, 64: 0.0}
      splits={'ood': 0.007, 'test': 0.006}
### 15:43:21  lstm_d128_L2  p2_e5_fs1200_s13  [P4-solvability]
[OK] p2_e5_fs1200_s13 sha=a5f4f3b0 MAX_T=0 OOD_N_MAX_T=0 mean_acc=0.0079 steps=[1200] train_s=[128.58051624288782]
      rungs(seen_n)={1: 0.006, 2: 0.002, 4: 0.002, 8: 0.008, 16: 0.002, 32: 0.004, 64: 0.002}
      rungs(ood_n)={1: 0.004, 2: 0.006, 4: 0.0, 8: 0.002, 16: 0.002, 32: 0.0, 64: 0.0}
      splits={'ood': 0.008, 'test': 0.008}
### 15:45:37  gru_d128_L2  p2_e5_fs1200_s13  [P4-solvability]
[OK] p2_e5_fs1200_s13 sha=2ff28473 MAX_T=0 OOD_N_MAX_T=0 mean_acc=0.0075 steps=[1200] train_s=[101.2303334272001]
      rungs(seen_n)={1: 0.012, 2: 0.002, 4: 0.002, 8: 0.002, 16: 0.0, 32: 0.0, 64: 0.002}
      rungs(ood_n)={1: 0.0, 2: 0.0, 4: 0.0, 8: 0.002, 16: 0.0, 32: 0.0, 64: 0.0}
      splits={'ood': 0.01, 'test': 0.005}
### 15:47:28  attn_d128_L2  p2_e5_fs1200_s13  [P4-solvability]
[OK] p2_e5_fs1200_s13 sha=61c13d00 MAX_T=0 OOD_N_MAX_T=0 mean_acc=0.0058 steps=[1200] train_s=[57.91867279680446]
      rungs(seen_n)={1: 0.006, 2: 0.004, 4: 0.002, 8: 0.002, 16: 0.006, 32: 0.002, 64: 0.002}
      rungs(ood_n)={1: 0.002, 2: 0.0, 4: 0.0, 8: 0.0, 16: 0.002, 32: 0.0, 64: 0.002}
      splits={'ood': 0.007, 'test': 0.005}
### 15:48:33  mlp_d128_L2  p2_e5_fs1200_s13  [P4-solvability]
[OK] p2_e5_fs1200_s13 sha=27036233 MAX_T=0 OOD_N_MAX_T=0 mean_acc=0.0054 steps=[1200] train_s=[41.76846564305015]
      rungs(seen_n)={1: 0.002, 2: 0.008, 4: 0.002, 8: 0.014, 16: 0.006, 32: 0.004, 64: 0.012}
      rungs(ood_n)={1: 0.0, 2: 0.002, 4: 0.002, 8: 0.0, 16: 0.002, 32: 0.0, 64: 0.0}
      splits={'ood': 0.003, 'test': 0.008}
### 15:49:21  lstm_d128_L2  p2_m1_fs1200_s74  [P1-expressivity]
[OK] p2_m1_fs1200_s74 sha=a5f4f3b0 MAX_T=0 OOD_N_MAX_T=0 mean_acc=0.0002 steps=[1200] train_s=[31.095658330945298]
      rungs(seen_n)={1: 0.0, 2: 0.0, 4: 0.005, 8: 0.0, 16: 0.0, 32: 0.0, 64: 0.0}
      rungs(ood_n)={1: 0.0, 2: 0.0, 4: 0.0, 8: 0.0, 16: 0.0, 32: 0.004, 64: 0.0}
      splits={'ood': 0.0, 'test': 0.0}
### 15:50:01  deltapm1_d128_L2  p2_m1_fs1200_s74  [P1-expressivity]
[OK] p2_m1_fs1200_s74 sha=1fd3f6b5 MAX_T=0 OOD_N_MAX_T=0 mean_acc=0.0003 steps=[1200] train_s=[55.61937372898683]
      rungs(seen_n)={1: 0.0, 2: 0.0, 4: 0.0, 8: 0.0, 16: 0.0, 32: 0.0, 64: 0.0}
      rungs(ood_n)={1: 0.0, 2: 0.0, 4: 0.0, 8: 0.0, 16: 0.002, 32: 0.0, 64: 0.0}
      splits={'ood': 0.0, 'test': 0.0}
### 15:51:09  diag01_d128_L2  p2_m1_fs1200_s74  [P1-expressivity]
[OK] p2_m1_fs1200_s74 sha=2ab4ef75 MAX_T=0 OOD_N_MAX_T=0 mean_acc=0.0007 steps=[1200] train_s=[59.14189485809766]
      rungs(seen_n)={1: 0.0, 2: 0.0, 4: 0.0, 8: 0.0, 16: 0.0, 32: 0.0, 64: 0.0}
      rungs(ood_n)={1: 0.002, 2: 0.0, 4: 0.0, 8: 0.0, 16: 0.0, 32: 0.0, 64: 0.004}
      splits={'ood': 0.001, 'test': 0.0}
### 15:52:23  attn_d128_L2  p2_m1_fs1200_s74  [P1-expressivity]
[OK] p2_m1_fs1200_s74 sha=61c13d00 MAX_T=0 OOD_N_MAX_T=0 mean_acc=0.0002 steps=[1200] train_s=[14.716444730991498]
      rungs(seen_n)={1: 0.0, 2: 0.0, 4: 0.0, 8: 0.0, 16: 0.0, 32: 0.0, 64: 0.0}
      rungs(ood_n)={1: 0.0, 2: 0.0, 4: 0.0, 8: 0.0, 16: 0.002, 32: 0.0, 64: 0.002}
      splits={'ood': 0.0, 'test': 0.0}
