### 14:28:33  diag01_d128_L2_lr0  p2_e5_fs200_s74  [P0-lr0]
[OK] p2_e5_fs200_s74 sha=6ac5048e MAX_T=0 OOD_N_MAX_T=0 mean_acc=0.0004 steps=[200] train_s=[25.22648573713377]
      rungs(seen_n)={1: 0.0, 2: 0.0, 4: 0.006, 8: 0.0, 16: 0.002, 32: 0.006, 64: 0.006}
      rungs(ood_n)={1: 0.0, 2: 0.0, 4: 0.0, 8: 0.0, 16: 0.004, 32: 0.0, 64: 0.0}
      splits={'ood': 0.0, 'test': 0.001}
### 14:29:04  diagpm1_d128_L2_lr0  p2_e5_fs200_s74  [P0-lr0]
[OK] p2_e5_fs200_s74 sha=dfd81ea5 MAX_T=0 OOD_N_MAX_T=0 mean_acc=0.0004 steps=[200] train_s=[18.514390598982573]
      rungs(seen_n)={1: 0.0, 2: 0.0, 4: 0.006, 8: 0.0, 16: 0.002, 32: 0.006, 64: 0.006}
      rungs(ood_n)={1: 0.0, 2: 0.0, 4: 0.0, 8: 0.0, 16: 0.004, 32: 0.0, 64: 0.0}
      splits={'ood': 0.0, 'test': 0.001}
### 14:29:27  delta01_d128_L2_lr0  p2_e5_fs200_s74  [P0-lr0]
[OK] p2_e5_fs200_s74 sha=3208e684 MAX_T=0 OOD_N_MAX_T=0 mean_acc=0.0004 steps=[200] train_s=[24.461383102228865]
      rungs(seen_n)={1: 0.0, 2: 0.0, 4: 0.006, 8: 0.0, 16: 0.002, 32: 0.006, 64: 0.006}
      rungs(ood_n)={1: 0.0, 2: 0.0, 4: 0.0, 8: 0.0, 16: 0.004, 32: 0.0, 64: 0.0}
      splits={'ood': 0.0, 'test': 0.001}
### 14:29:59  deltapm1_d128_L2_lr0  p2_e5_fs200_s74  [P0-lr0]
[OK] p2_e5_fs200_s74 sha=ce4f4ffb MAX_T=0 OOD_N_MAX_T=0 mean_acc=0.0004 steps=[200] train_s=[32.13785844296217]
      rungs(seen_n)={1: 0.0, 2: 0.0, 4: 0.006, 8: 0.0, 16: 0.002, 32: 0.006, 64: 0.006}
      rungs(ood_n)={1: 0.0, 2: 0.0, 4: 0.0, 8: 0.0, 16: 0.004, 32: 0.0, 64: 0.0}
      splits={'ood': 0.0, 'test': 0.001}
### 14:30:38  lstm_d128_L2_lr0  p2_e5_fs200_s74  [P0-lr0]
[OK] p2_e5_fs200_s74 sha=0805fd35 MAX_T=0 OOD_N_MAX_T=0 mean_acc=0.0004 steps=[200] train_s=[25.219482905231416]
      rungs(seen_n)={1: 0.0, 2: 0.0, 4: 0.006, 8: 0.0, 16: 0.002, 32: 0.006, 64: 0.006}
      rungs(ood_n)={1: 0.0, 2: 0.0, 4: 0.0, 8: 0.0, 16: 0.004, 32: 0.0, 64: 0.0}
      splits={'ood': 0.0, 'test': 0.001}
### 14:31:12  gru_d128_L2_lr0  p2_e5_fs200_s74  [P0-lr0]
[OK] p2_e5_fs200_s74 sha=b32e3b46 MAX_T=0 OOD_N_MAX_T=0 mean_acc=0.0004 steps=[200] train_s=[18.599813599837944]
      rungs(seen_n)={1: 0.0, 2: 0.0, 4: 0.006, 8: 0.0, 16: 0.002, 32: 0.006, 64: 0.006}
      rungs(ood_n)={1: 0.0, 2: 0.0, 4: 0.0, 8: 0.0, 16: 0.004, 32: 0.0, 64: 0.0}
      splits={'ood': 0.0, 'test': 0.001}
### 14:31:37  attn_d128_L2_lr0  p2_e5_fs200_s74  [P0-lr0]
[OK] p2_e5_fs200_s74 sha=641fe9ee MAX_T=0 OOD_N_MAX_T=0 mean_acc=0.0004 steps=[200] train_s=[14.502395448740572]
      rungs(seen_n)={1: 0.0, 2: 0.0, 4: 0.006, 8: 0.0, 16: 0.002, 32: 0.006, 64: 0.006}
      rungs(ood_n)={1: 0.0, 2: 0.0, 4: 0.0, 8: 0.0, 16: 0.004, 32: 0.0, 64: 0.0}
      splits={'ood': 0.0, 'test': 0.001}
### 14:32:00  mlp_d128_L2_lr0  p2_e5_fs200_s74  [P0-lr0]
[OK] p2_e5_fs200_s74 sha=ce2c662b MAX_T=0 OOD_N_MAX_T=0 mean_acc=0.0004 steps=[200] train_s=[14.064057589974254]
      rungs(seen_n)={1: 0.0, 2: 0.0, 4: 0.006, 8: 0.0, 16: 0.002, 32: 0.006, 64: 0.006}
      rungs(ood_n)={1: 0.0, 2: 0.0, 4: 0.0, 8: 0.0, 16: 0.004, 32: 0.0, 64: 0.0}
      splits={'ood': 0.0, 'test': 0.001}
### 14:32:20  diag01_d128_L2  p2_e5_fs1200_s74  [P4-solvability]
[OK] p2_e5_fs1200_s74 sha=2ab4ef75 MAX_T=0 OOD_N_MAX_T=0 mean_acc=0.0067 steps=[1200] train_s=[117.61138610495254]
      rungs(seen_n)={1: 0.002, 2: 0.002, 4: 0.006, 8: 0.006, 16: 0.004, 32: 0.008, 64: 0.004}
      rungs(ood_n)={1: 0.002, 2: 0.002, 4: 0.0, 8: 0.002, 16: 0.004, 32: 0.002, 64: 0.0}
      splits={'ood': 0.003, 'test': 0.01}
### 14:34:22  diagpm1_d128_L2  p2_e5_fs1200_s74  [P4-solvability]
[OK] p2_e5_fs1200_s74 sha=87107feb MAX_T=0 OOD_N_MAX_T=0 mean_acc=0.0083 steps=[1200] train_s=[122.71925668092445]
      rungs(seen_n)={1: 0.002, 2: 0.002, 4: 0.002, 8: 0.004, 16: 0.004, 32: 0.006, 64: 0.014}
      rungs(ood_n)={1: 0.004, 2: 0.0, 4: 0.0, 8: 0.0, 16: 0.002, 32: 0.002, 64: 0.0}
      splits={'ood': 0.01, 'test': 0.007}
### 14:36:30  delta01_d128_L2  p2_e5_fs1200_s74  [P4-solvability]
[OK] p2_e5_fs1200_s74 sha=e5d6f010 MAX_T=0 OOD_N_MAX_T=0 mean_acc=0.0067 steps=[1200] train_s=[169.4035753479693]
      rungs(seen_n)={1: 0.008, 2: 0.006, 4: 0.004, 8: 0.004, 16: 0.002, 32: 0.004, 64: 0.006}
      rungs(ood_n)={1: 0.0, 2: 0.004, 4: 0.002, 8: 0.0, 16: 0.0, 32: 0.0, 64: 0.0}
      splits={'ood': 0.005, 'test': 0.008}
### 14:39:27  deltapm1_d128_L2  p2_e5_fs1200_s74  [P4-solvability]
[OK] p2_e5_fs1200_s74 sha=1fd3f6b5 MAX_T=0 OOD_N_MAX_T=0 mean_acc=0.0071 steps=[1200] train_s=[227.81311535998248]
      rungs(seen_n)={1: 0.006, 2: 0.006, 4: 0.002, 8: 0.004, 16: 0.006, 32: 0.008, 64: 0.006}
      rungs(ood_n)={1: 0.002, 2: 0.0, 4: 0.0, 8: 0.0, 16: 0.006, 32: 0.0, 64: 0.0}
      splits={'ood': 0.007, 'test': 0.008}
### 14:43:22  lstm_d128_L2  p2_e5_fs1200_s74  [P4-solvability]
[OK] p2_e5_fs1200_s74 sha=a5f4f3b0 MAX_T=0 OOD_N_MAX_T=0 mean_acc=0.0096 steps=[1200] train_s=[146.79114817176014]
      rungs(seen_n)={1: 0.008, 2: 0.0, 4: 0.006, 8: 0.004, 16: 0.0, 32: 0.008, 64: 0.008}
      rungs(ood_n)={1: 0.0, 2: 0.0, 4: 0.0, 8: 0.002, 16: 0.0, 32: 0.0, 64: 0.0}
      splits={'ood': 0.012, 'test': 0.008}
### 14:45:56  gru_d128_L2  p2_e5_fs1200_s74  [P4-solvability]
[OK] p2_e5_fs1200_s74 sha=2ff28473 MAX_T=0 OOD_N_MAX_T=0 mean_acc=0.0079 steps=[1200] train_s=[185.1660450999625]
      rungs(seen_n)={1: 0.002, 2: 0.004, 4: 0.002, 8: 0.006, 16: 0.006, 32: 0.004, 64: 0.002}
      rungs(ood_n)={1: 0.0, 2: 0.0, 4: 0.0, 8: 0.002, 16: 0.004, 32: 0.0, 64: 0.0}
      splits={'ood': 0.007, 'test': 0.009}
### 14:49:09  attn_d128_L2  p2_e5_fs1200_s74  [P4-solvability]
[OK] p2_e5_fs1200_s74 sha=61c13d00 MAX_T=0 OOD_N_MAX_T=0 mean_acc=0.0029 steps=[1200] train_s=[214.4041093578562]
      rungs(seen_n)={1: 0.008, 2: 0.004, 4: 0.01, 8: 0.002, 16: 0.004, 32: 0.004, 64: 0.002}
      rungs(ood_n)={1: 0.004, 2: 0.002, 4: 0.0, 8: 0.0, 16: 0.002, 32: 0.002, 64: 0.0}
      splits={'ood': 0.0, 'test': 0.006}
### 14:52:51  mlp_d128_L2  p2_e5_fs1200_s74  [P4-solvability]
[OK] p2_e5_fs1200_s74 sha=27036233 MAX_T=0 OOD_N_MAX_T=0 mean_acc=0.0125 steps=[1200] train_s=[242.9536166198086]
      rungs(seen_n)={1: 0.0, 2: 0.006, 4: 0.012, 8: 0.006, 16: 0.008, 32: 0.008, 64: 0.012}
      rungs(ood_n)={1: 0.002, 2: 0.002, 4: 0.0, 8: 0.0, 16: 0.0, 32: 0.0, 64: 0.0}
      splits={'ood': 0.015, 'test': 0.01}
### 14:57:03  diag01_d128_L2  p2_e5_fs1200_s7  [P4-solvability]
[OK] p2_e5_fs1200_s7 sha=2ab4ef75 MAX_T=0 OOD_N_MAX_T=0 mean_acc=0.0038 steps=[1200] train_s=[288.668738323031]
      rungs(seen_n)={1: 0.01, 2: 0.004, 4: 0.008, 8: 0.004, 16: 0.006, 32: 0.01, 64: 0.006}
      rungs(ood_n)={1: 0.006, 2: 0.002, 4: 0.002, 8: 0.002, 16: 0.006, 32: 0.0, 64: 0.0}
      splits={'ood': 0.003, 'test': 0.004}
### 15:02:02  diagpm1_d128_L2  p2_e5_fs1200_s7  [P4-solvability]
[OK] p2_e5_fs1200_s7 sha=87107feb MAX_T=0 OOD_N_MAX_T=0 mean_acc=0.0058 steps=[1200] train_s=[268.7347210610751]
      rungs(seen_n)={1: 0.008, 2: 0.002, 4: 0.004, 8: 0.006, 16: 0.004, 32: 0.006, 64: 0.008}
      rungs(ood_n)={1: 0.0, 2: 0.002, 4: 0.0, 8: 0.0, 16: 0.004, 32: 0.002, 64: 0.0}
      splits={'ood': 0.005, 'test': 0.007}
### 15:06:45  delta01_d128_L2  p2_e5_fs1200_s7  [P4-solvability]
[OK] p2_e5_fs1200_s7 sha=e5d6f010 MAX_T=0 OOD_N_MAX_T=0 mean_acc=0.0050 steps=[1200] train_s=[233.62418772117235]
      rungs(seen_n)={1: 0.002, 2: 0.002, 4: 0.0, 8: 0.002, 16: 0.01, 32: 0.006, 64: 0.002}
      rungs(ood_n)={1: 0.0, 2: 0.002, 4: 0.0, 8: 0.0, 16: 0.0, 32: 0.0, 64: 0.0}
      splits={'ood': 0.005, 'test': 0.005}
### 15:10:49  deltapm1_d128_L2  p2_e5_fs1200_s7  [P4-solvability]
[OK] p2_e5_fs1200_s7 sha=1fd3f6b5 MAX_T=0 OOD_N_MAX_T=0 mean_acc=0.0058 steps=[1200] train_s=[291.5597365431022]
      rungs(seen_n)={1: 0.01, 2: 0.008, 4: 0.002, 8: 0.006, 16: 0.002, 32: 0.0, 64: 0.002}
      rungs(ood_n)={1: 0.0, 2: 0.002, 4: 0.0, 8: 0.002, 16: 0.002, 32: 0.0, 64: 0.0}
      splits={'ood': 0.005, 'test': 0.007}
### 15:15:52  lstm_d128_L2  p2_e5_fs1200_s7  [P4-solvability]
[OK] p2_e5_fs1200_s7 sha=a5f4f3b0 MAX_T=0 OOD_N_MAX_T=0 mean_acc=0.0079 steps=[1200] train_s=[255.31254239496775]
      rungs(seen_n)={1: 0.012, 2: 0.002, 4: 0.004, 8: 0.008, 16: 0.002, 32: 0.0, 64: 0.0}
      rungs(ood_n)={1: 0.0, 2: 0.002, 4: 0.0, 8: 0.0, 16: 0.002, 32: 0.0, 64: 0.0}
      splits={'ood': 0.01, 'test': 0.006}
### 15:20:16  gru_d128_L2  p2_e5_fs1200_s7  [P4-solvability]
[OK] p2_e5_fs1200_s7 sha=2ff28473 MAX_T=0 OOD_N_MAX_T=0 mean_acc=0.0042 steps=[1200] train_s=[214.57449401402846]
      rungs(seen_n)={1: 0.004, 2: 0.006, 4: 0.004, 8: 0.004, 16: 0.002, 32: 0.008, 64: 0.006}
      rungs(ood_n)={1: 0.006, 2: 0.0, 4: 0.002, 8: 0.0, 16: 0.0, 32: 0.002, 64: 0.0}
      splits={'ood': 0.003, 'test': 0.005}
### 15:24:01  attn_d128_L2  p2_e5_fs1200_s7  [P4-solvability]
[OK] p2_e5_fs1200_s7 sha=61c13d00 MAX_T=0 OOD_N_MAX_T=0 mean_acc=0.0038 steps=[1200] train_s=[178.44416000507772]
      rungs(seen_n)={1: 0.002, 2: 0.002, 4: 0.002, 8: 0.002, 16: 0.002, 32: 0.004, 64: 0.004}
      rungs(ood_n)={1: 0.0, 2: 0.002, 4: 0.0, 8: 0.0, 16: 0.0, 32: 0.0, 64: 0.0}
      splits={'ood': 0.002, 'test': 0.006}
### 15:27:16  mlp_d128_L2  p2_e5_fs1200_s7  [P4-solvability]
