3 cells
[1/3] S5-lr0 {'P2_ARCH': 'delta', 'P2_NH': 2, 'P2_EIG': 'neg', 'P2_LR': 0} p2_e5_fs1500_s74
  [ 309.0s] delta_nh2_neg_lr0_s74        [OK] p2_e5_fs1500_s74 sha=a943d59a MAX_T=0 OOD_N_MAX_T=0 mean_acc=0.0042 steps=[1500] train_s=[299.716472864151]
          diag: out_diversity=0.941 top_token_share=0.191 eig_min=-0.677 eig_max=0.717 eig_frac_neg=0.494
[2/3] S5-lr0 {'P2_ARCH': 'pdssm', 'P2_TAU': 1.0, 'P2_STE': 'hard', 'P2_LR': 0} p2_e5_fs1500_s74
  [ 404.0s] pdssm_tau1.0_hard_lr0_s74    [OK] p2_e5_fs1500_s74 sha=a943d59a MAX_T=0 OOD_N_MAX_T=0 mean_acc=0.0013 steps=[1500] train_s=[391.0190353060607]
          diag: out_diversity=1.000 top_token_share=0.191 p_max_prob=0.071 p_perm_frac=0.632 d_abs_mean=0.881
[3/3] S5-lr0 {'P2_ARCH': 'matscan', 'P2_LR': 0} p2_e5_fs1500_s74
  [ 265.2s] matscan_lr0_s74              [OK] p2_e5_fs1500_s74 sha=a943d59a MAX_T=0 OOD_N_MAX_T=0 mean_acc=0.0033 steps=[1500] train_s=[256.92660897411406]
          diag: out_diversity=1.000 top_token_share=0.240
12 cells
[1/12] S1-nh {'P2_ARCH': 'delta', 'P2_NH': 1, 'P2_EIG': 'neg'} p2_e5_fs1500_s74
Terminated
3 cells
[1/3] S4-base {'P2_ARCH': 'matscan'} p2_e5_fs1500_s74
4 cells
[1/4] S3-tau {'P2_ARCH': 'pdssm', 'P2_TAU': 1.0, 'P2_STE': 'hard'} p2_e5_fs1500_s74
8 cells
[1/8] S1-nh {'P2_ARCH': 'delta', 'P2_NH': 1, 'P2_EIG': 'neg'} p2_e5_fs1500_s74
6 cells
[1/6] S2-eig {'P2_ARCH': 'delta', 'P2_NH': 1, 'P2_EIG': 'pos'} p2_e5_fs1500_s74
4 cells
[1/4] S4-base {'P2_ARCH': 'matscan'} p2_e5_fs1500_s74
2 cells
[1/2] S7-small {'P2_ARCH': 'pdssm', 'P2_STATE': 11, 'P2_TAU': 1.0, 'P2_STE': 'hard'} p2_e5_fs1500_s74
3 cells
[1/3] S8-size {'P2_ARCH': 'delta', 'P2_NH': 2, 'P2_EIG': 'neg', 'P2_HEADDIM': 8} p2_e5_fs1500_s74
  [ 434.5s] pdssm_tau1.0_hard_s74        [OK] p2_e5_fs1500_s74 sha=a943d59a MAX_T=0 OOD_N_MAX_T=0 mean_acc=0.0075 steps=[1500] train_s=[423.63814606075175]
          diag: out_diversity=0.588 top_token_share=0.273 p_max_prob=0.641 p_perm_frac=0.565 d_abs_mean=0.776
[2/4] S3-tau {'P2_ARCH': 'pdssm', 'P2_TAU': 3.0, 'P2_STE': 'hard'} p2_e5_fs1500_s74
  [ 347.4s] matscan_s74                  [OK] p2_e5_fs1500_s74 sha=a943d59a MAX_T=0 OOD_N_MAX_T=0 mean_acc=0.0037 steps=[1500] train_s=[338.8636430078186]
          diag: out_diversity=0.941 top_token_share=0.219
[2/4] S4-base {'P2_ARCH': 'matscan'} p2_e5_fs1500_s7
  [ 359.7s] delta_nh1_neg_s74            [OK] p2_e5_fs1500_s74 sha=a943d59a MAX_T=0 OOD_N_MAX_T=0 mean_acc=0.0054 steps=[1500] train_s=[350.6202949231956]
          diag: out_diversity=0.588 top_token_share=0.281 eig_min=-0.967 eig_max=0.812 eig_frac_neg=0.582
[2/8] S1-nh {'P2_ARCH': 'delta', 'P2_NH': 1, 'P2_EIG': 'neg'} p2_e5_fs1500_s7
  [ 357.2s] delta_nh2_neg_hd8_s74        [OK] p2_e5_fs1500_s74 sha=a943d59a MAX_T=0 OOD_N_MAX_T=0 mean_acc=0.0046 steps=[1500] train_s=[347.59440249414183]
          diag: out_diversity=0.588 top_token_share=0.314 eig_min=-0.950 eig_max=0.941 eig_frac_neg=0.540
[2/3] S8-size {'P2_ARCH': 'delta', 'P2_NH': 2, 'P2_EIG': 'neg', 'P2_HEADDIM': 16} p2_e5_fs1500_s74
  [ 454.1s] pdssm_tau1.0_hard_N11_s74    [OK] p2_e5_fs1500_s74 sha=a943d59a MAX_T=0 OOD_N_MAX_T=0 mean_acc=0.0050 steps=[1500] train_s=[445.733229435049]
          diag: out_diversity=0.588 top_token_share=0.314 p_max_prob=0.647 p_perm_frac=0.628 d_abs_mean=0.787
[2/2] S7-small {'P2_ARCH': 'pdssm', 'P2_STATE': 8, 'P2_TAU': 1.0, 'P2_STE': 'hard'} p2_e5_fs1500_s74
  [ 282.6s] matscan_s7                   [OK] p2_e5_fs1500_s7 sha=a943d59a MAX_T=0 OOD_N_MAX_T=0 mean_acc=0.0092 steps=[1500] train_s=[274.7469077021815]
          diag: out_diversity=1.000 top_token_share=0.389
[3/4] S6-rep {'P2_ARCH': 'delta', 'P2_NH': 2, 'P2_EIG': 'neg', 'P2_REPEAT': 2} p2_e5_fs1500_s74
  [ 283.3s] delta_nh1_neg_s7             [OK] p2_e5_fs1500_s7 sha=a943d59a MAX_T=0 OOD_N_MAX_T=0 mean_acc=0.0054 steps=[1500] train_s=[274.97977154585533]
          diag: out_diversity=0.588 top_token_share=0.428 eig_min=-0.961 eig_max=0.771 eig_frac_neg=0.611
[3/8] S1-nh {'P2_ARCH': 'delta', 'P2_NH': 2, 'P2_EIG': 'neg'} p2_e5_fs1500_s74
  [ 249.9s] delta_nh2_neg_hd16_s74       [OK] p2_e5_fs1500_s74 sha=a943d59a MAX_T=0 OOD_N_MAX_T=0 mean_acc=0.0050 steps=[1500] train_s=[242.4365567509085]
          diag: out_diversity=0.588 top_token_share=0.312 eig_min=-0.974 eig_max=0.942 eig_frac_neg=0.526
[3/3] S8-size {'P2_ARCH': 'delta', 'P2_NH': 2, 'P2_EIG': 'neg', 'P2_HEADDIM': 64} p2_e5_fs1500_s74
  [ 364.1s] pdssm_tau3.0_hard_s74        [OK] p2_e5_fs1500_s74 sha=a943d59a MAX_T=0 OOD_N_MAX_T=0 mean_acc=0.0104 steps=[1500] train_s=[355.43772757519037]
          diag: out_diversity=0.588 top_token_share=0.349 p_max_prob=0.354 p_perm_frac=0.647 d_abs_mean=0.783
[3/4] S3-tau {'P2_ARCH': 'pdssm', 'P2_TAU': 10.0, 'P2_STE': 'hard'} p2_e5_fs1500_s74
