96 configs -> /home/scratch.arohan_hw/git/one-layer-deeper/.worktrees/p2-pd-ssm-delta/lab/p2_probe_results.jsonl
[1/96] A_eig       parity delta    n_h=1 eig=pos tau=1.0   ste=hard s=0 | last=0.525 seq=0.020 chance=0.500 div=1.000 ext2x=0.529 (30.66s)
[2/96] A_eig       parity delta    n_h=1 eig=neg tau=1.0   ste=hard s=0 | last=1.000 seq=1.000 chance=0.500 div=1.000 ext2x=1.000 (14.51s)
[3/96] B_nh        parity delta    n_h=1 eig=neg tau=1.0   ste=hard s=0 | last=1.000 seq=1.000 chance=0.500 div=1.000 ext2x=1.000 (14.57s)
[4/96] B_nh        parity delta    n_h=2 eig=neg tau=1.0   ste=hard s=0 | last=1.000 seq=1.000 chance=0.500 div=1.000 ext2x=1.000 (23.23s)
[5/96] B_nh        parity delta    n_h=3 eig=neg tau=1.0   ste=hard s=0 | last=1.000 seq=1.000 chance=0.500 div=1.000 ext2x=1.000 (29.96s)
[6/96] B_nh        parity delta    n_h=4 eig=neg tau=1.0   ste=hard s=0 | last=1.000 seq=1.000 chance=0.500 div=1.000 ext2x=1.000 (32.19s)
[7/96] Bp_nh_pos   parity delta    n_h=1 eig=pos tau=1.0   ste=hard s=0 | last=0.525 seq=0.020 chance=0.500 div=1.000 ext2x=0.529 (14.34s)
[8/96] Bp_nh_pos   parity delta    n_h=2 eig=pos tau=1.0   ste=hard s=0 | last=0.706 seq=0.053 chance=0.500 div=1.000 ext2x=0.465 (19.2s)
[9/96] Bp_nh_pos   parity delta    n_h=4 eig=pos tau=1.0   ste=hard s=0 | last=0.550 seq=0.116 chance=0.500 div=1.000 ext2x=0.471 (29.71s)
[10/96] C_tau       parity pdssm    n_h=1 eig=neg tau=0.1   ste=hard s=0 | last=1.000 seq=1.000 chance=0.500 div=1.000 ext2x=1.000 (17.29s)
[11/96] C_tau       parity pdssm    n_h=1 eig=neg tau=0.3   ste=hard s=0 | last=1.000 seq=1.000 chance=0.500 div=1.000 ext2x=1.000 (17.09s)
[12/96] C_tau       parity pdssm    n_h=1 eig=neg tau=1.0   ste=hard s=0 | last=1.000 seq=1.000 chance=0.500 div=1.000 ext2x=0.781 (16.7s)
[13/96] C_tau       parity pdssm    n_h=1 eig=neg tau=3.0   ste=hard s=0 | last=1.000 seq=1.000 chance=0.500 div=1.000 ext2x=1.000 (17.58s)
[14/96] C_tau       parity pdssm    n_h=1 eig=neg tau=10.0  ste=hard s=0 | last=1.000 seq=1.000 chance=0.500 div=1.000 ext2x=0.986 (19.01s)
[15/96] C_soft      parity pdssm    n_h=1 eig=neg tau=1.0   ste=none s=0 | last=1.000 seq=1.000 chance=0.500 div=1.000 ext2x=0.227 (17.67s)
[16/96] D_matscan   parity matscan  n_h=1 eig=neg tau=1.0   ste=hard s=0 | last=0.549 seq=0.384 chance=0.500 div=1.000 ext2x=0.531 (8.46s)
[17/96] A_eig       parity delta    n_h=1 eig=pos tau=1.0   ste=hard s=1 | last=0.517 seq=0.119 chance=0.500 div=1.000 ext2x=0.490 (16.44s)
[18/96] A_eig       parity delta    n_h=1 eig=neg tau=1.0   ste=hard s=1 | last=1.000 seq=1.000 chance=0.500 div=1.000 ext2x=1.000 (15.13s)
[19/96] B_nh        parity delta    n_h=1 eig=neg tau=1.0   ste=hard s=1 | last=1.000 seq=1.000 chance=0.500 div=1.000 ext2x=1.000 (16.12s)
[20/96] B_nh        parity delta    n_h=2 eig=neg tau=1.0   ste=hard s=1 | last=1.000 seq=1.000 chance=0.500 div=1.000 ext2x=1.000 (21.24s)
[21/96] B_nh        parity delta    n_h=3 eig=neg tau=1.0   ste=hard s=1 | last=1.000 seq=1.000 chance=0.500 div=1.000 ext2x=1.000 (26.64s)
[22/96] B_nh        parity delta    n_h=4 eig=neg tau=1.0   ste=hard s=1 | last=1.000 seq=1.000 chance=0.500 div=1.000 ext2x=1.000 (31.25s)
[23/96] Bp_nh_pos   parity delta    n_h=1 eig=pos tau=1.0   ste=hard s=1 | last=0.517 seq=0.119 chance=0.500 div=1.000 ext2x=0.490 (14.01s)
[24/96] Bp_nh_pos   parity delta    n_h=2 eig=pos tau=1.0   ste=hard s=1 | last=0.465 seq=0.001 chance=0.500 div=1.000 ext2x=0.506 (21.15s)
[25/96] Bp_nh_pos   parity delta    n_h=4 eig=pos tau=1.0   ste=hard s=1 | last=0.813 seq=0.589 chance=0.500 div=1.000 ext2x=0.527 (32.5s)
[26/96] C_tau       parity pdssm    n_h=1 eig=neg tau=0.1   ste=hard s=1 | last=1.000 seq=1.000 chance=0.500 div=1.000 ext2x=1.000 (20.34s)
[27/96] C_tau       parity pdssm    n_h=1 eig=neg tau=0.3   ste=hard s=1 | last=1.000 seq=1.000 chance=0.500 div=1.000 ext2x=1.000 (19.98s)
[28/96] C_tau       parity pdssm    n_h=1 eig=neg tau=1.0   ste=hard s=1 | last=0.991 seq=0.982 chance=0.500 div=1.000 ext2x=0.799 (19.89s)
[29/96] C_tau       parity pdssm    n_h=1 eig=neg tau=3.0   ste=hard s=1 | last=1.000 seq=1.000 chance=0.500 div=1.000 ext2x=1.000 (19.45s)
[30/96] C_tau       parity pdssm    n_h=1 eig=neg tau=10.0  ste=hard s=1 | last=1.000 seq=1.000 chance=0.500 div=1.000 ext2x=1.000 (17.03s)
[31/96] C_soft      parity pdssm    n_h=1 eig=neg tau=1.0   ste=none s=1 | last=1.000 seq=1.000 chance=0.500 div=1.000 ext2x=0.975 (23.78s)
[32/96] D_matscan   parity matscan  n_h=1 eig=neg tau=1.0   ste=hard s=1 | last=1.000 seq=1.000 chance=0.500 div=1.000 ext2x=0.529 (11.78s)
[33/96] A_eig       mod3   delta    n_h=1 eig=pos tau=1.0   ste=hard s=0 | last=0.342 seq=0.026 chance=0.333 div=1.000 ext2x=0.336 (17.67s)
[34/96] A_eig       mod3   delta    n_h=1 eig=neg tau=1.0   ste=hard s=0 | last=0.483 seq=0.012 chance=0.333 div=1.000 ext2x=0.367 (17.77s)
[35/96] B_nh        mod3   delta    n_h=1 eig=neg tau=1.0   ste=hard s=0 | last=0.483 seq=0.012 chance=0.333 div=1.000 ext2x=0.367 (18.11s)
[36/96] B_nh        mod3   delta    n_h=2 eig=neg tau=1.0   ste=hard s=0 | last=1.000 seq=1.000 chance=0.333 div=1.000 ext2x=1.000 (23.43s)
[37/96] B_nh        mod3   delta    n_h=3 eig=neg tau=1.0   ste=hard s=0 | last=1.000 seq=1.000 chance=0.333 div=1.000 ext2x=1.000 (28.39s)
[38/96] B_nh        mod3   delta    n_h=4 eig=neg tau=1.0   ste=hard s=0 | last=1.000 seq=1.000 chance=0.333 div=1.000 ext2x=1.000 (42.39s)
[39/96] Bp_nh_pos   mod3   delta    n_h=1 eig=pos tau=1.0   ste=hard s=0 | last=0.342 seq=0.026 chance=0.333 div=1.000 ext2x=0.336 (22.11s)
[40/96] Bp_nh_pos   mod3   delta    n_h=2 eig=pos tau=1.0   ste=hard s=0 | last=0.941 seq=0.940 chance=0.333 div=1.000 ext2x=0.328 (33.56s)
[41/96] Bp_nh_pos   mod3   delta    n_h=4 eig=pos tau=1.0   ste=hard s=0 | last=0.948 seq=0.940 chance=0.333 div=1.000 ext2x=0.342 (47.72s)
[42/96] C_tau       mod3   pdssm    n_h=1 eig=neg tau=0.1   ste=hard s=0 | last=1.000 seq=1.000 chance=0.333 div=1.000 ext2x=1.000 (27.11s)
[43/96] C_tau       mod3   pdssm    n_h=1 eig=neg tau=0.3   ste=hard s=0 | last=1.000 seq=1.000 chance=0.333 div=1.000 ext2x=1.000 (39.28s)
